Archive member included to satisfy reference by file (symbol)

.pio/build/adafruit_feather_f405/lib9d2/libCore.a(usbd_core.o)
                              .pio/build/adafruit_feather_f405/src/usb_device.o (USBD_Init)
.pio/build/adafruit_feather_f405/lib9d2/libCore.a(usbd_ctlreq.o)
                              .pio/build/adafruit_feather_f405/lib9d2/libCore.a(usbd_core.o) (USBD_StdDevReq)
.pio/build/adafruit_feather_f405/lib9d2/libCore.a(usbd_ioreq.o)
                              .pio/build/adafruit_feather_f405/lib9d2/libCore.a(usbd_ctlreq.o) (USBD_CtlSendData)
.pio/build/adafruit_feather_f405/lib5fe/libCDC.a(usbd_cdc.o)
                              .pio/build/adafruit_feather_f405/src/usb_device.o (USBD_CDC_RegisterInterface)
opt/libarm_cortexM4lf_math.a(arm_rfft_fast_init_f32.o)
                              .pio/build/adafruit_feather_f405/src/main.o (arm_rfft_fast_init_f32)
opt/libarm_cortexM4lf_math.a(arm_rfft_fast_f32.o)
                              .pio/build/adafruit_feather_f405/src/main.o (arm_rfft_fast_f32)
opt/libarm_cortexM4lf_math.a(arm_cfft_f32.o)
                              opt/libarm_cortexM4lf_math.a(arm_rfft_fast_f32.o) (arm_cfft_f32)
opt/libarm_cortexM4lf_math.a(arm_bitreversal2.o)
                              opt/libarm_cortexM4lf_math.a(arm_cfft_f32.o) (arm_bitreversal_32)
opt/libarm_cortexM4lf_math.a(arm_cmplx_mag_f32.o)
                              .pio/build/adafruit_feather_f405/src/main.o (arm_cmplx_mag_f32)
opt/libarm_cortexM4lf_math.a(arm_common_tables.o)
                              opt/libarm_cortexM4lf_math.a(arm_rfft_fast_init_f32.o) (twiddleCoef_rfft_4096)
opt/libarm_cortexM4lf_math.a(arm_cfft_init_f32.o)
                              opt/libarm_cortexM4lf_math.a(arm_rfft_fast_init_f32.o) (arm_cfft_init_f32)
opt/libarm_cortexM4lf_math.a(arm_cfft_radix8_f32.o)
                              opt/libarm_cortexM4lf_math.a(arm_cfft_f32.o) (arm_radix8_butterfly_f32)
opt/libarm_cortexM4lf_math.a(arm_const_structs.o)
                              opt/libarm_cortexM4lf_math.a(arm_cfft_init_f32.o) (arm_cfft_sR_f32_len4096)
opt/libPDMFilter.a(pdm_filter.o)
                              .pio/build/adafruit_feather_f405/src/mp34dt_spi.o (PDM_Filter_Init)
opt/libPDMFilter.a(stm32_crc_lock.o)
                              opt/libPDMFilter.a(pdm_filter.o) (CRC_Lock)
/Users/oliverfoster/.platformio/packages/toolchain-gccarmnoneeabi@1.70201.0/bin/../lib/gcc/arm-none-eabi/7.2.1/../../../../arm-none-eabi/lib/thumb/v7e-m/fpv4-sp/hard/libc_nano.a(lib_a-exit.o)
                              /Users/oliverfoster/.platformio/packages/toolchain-gccarmnoneeabi@1.70201.0/bin/../lib/gcc/arm-none-eabi/7.2.1/../../../../arm-none-eabi/lib/thumb/v7e-m/fpv4-sp/hard/crt0.o (exit)
/Users/oliverfoster/.platformio/packages/toolchain-gccarmnoneeabi@1.70201.0/bin/../lib/gcc/arm-none-eabi/7.2.1/../../../../arm-none-eabi/lib/thumb/v7e-m/fpv4-sp/hard/libc_nano.a(lib_a-impure.o)
                              /Users/oliverfoster/.platformio/packages/toolchain-gccarmnoneeabi@1.70201.0/bin/../lib/gcc/arm-none-eabi/7.2.1/../../../../arm-none-eabi/lib/thumb/v7e-m/fpv4-sp/hard/libc_nano.a(lib_a-exit.o) (_global_impure_ptr)
/Users/oliverfoster/.platformio/packages/toolchain-gccarmnoneeabi@1.70201.0/bin/../lib/gcc/arm-none-eabi/7.2.1/../../../../arm-none-eabi/lib/thumb/v7e-m/fpv4-sp/hard/libc_nano.a(lib_a-init.o)
                              /Users/oliverfoster/.platformio/packages/toolchain-gccarmnoneeabi@1.70201.0/bin/../lib/gcc/arm-none-eabi/7.2.1/../../../../arm-none-eabi/lib/thumb/v7e-m/fpv4-sp/hard/crt0.o (__libc_init_array)
/Users/oliverfoster/.platformio/packages/toolchain-gccarmnoneeabi@1.70201.0/bin/../lib/gcc/arm-none-eabi/7.2.1/../../../../arm-none-eabi/lib/thumb/v7e-m/fpv4-sp/hard/libc_nano.a(lib_a-memset.o)
                              /Users/oliverfoster/.platformio/packages/toolchain-gccarmnoneeabi@1.70201.0/bin/../lib/gcc/arm-none-eabi/7.2.1/../../../../arm-none-eabi/lib/thumb/v7e-m/fpv4-sp/hard/crt0.o (memset)
/Users/oliverfoster/.platformio/packages/toolchain-gccarmnoneeabi@1.70201.0/bin/../lib/gcc/arm-none-eabi/7.2.1/../../../../arm-none-eabi/lib/thumb/v7e-m/fpv4-sp/hard/libc_nano.a(lib_a-rand.o)
                              .pio/build/adafruit_feather_f405/src/viseffect/visEffect.o (rand)
/Users/oliverfoster/.platformio/packages/toolchain-gccarmnoneeabi@1.70201.0/bin/../lib/gcc/arm-none-eabi/7.2.1/../../../../arm-none-eabi/lib/thumb/v7e-m/fpv4-sp/hard/libc_nano.a(lib_a-sprintf.o)
                              .pio/build/adafruit_feather_f405/src/i2c/i2c_acc.o (sprintf)
/Users/oliverfoster/.platformio/packages/toolchain-gccarmnoneeabi@1.70201.0/bin/../lib/gcc/arm-none-eabi/7.2.1/../../../../arm-none-eabi/lib/thumb/v7e-m/fpv4-sp/hard/libc_nano.a(lib_a-strlen.o)
                              .pio/build/adafruit_feather_f405/src/i2c/i2c_acc.o (strlen)
[...]
Memory Configuration

Name             Origin             Length             Attributes
CCMRAM           0x0000000010000000 0x0000000000010000 xrw
RAM              0x0000000020000000 0x0000000000020000 xrw
FLASH            0x0000000008000000 0x0000000000100000 xr
*default*        0x0000000000000000 0xffffffffffffffff

Linker script and memory map

LOAD /Users/oliverfoster/.platformio/packages/toolchain-gccarmnoneeabi@1.70201.0/bin/../lib/gcc/arm-none-eabi/7.2.1/thumb/v7e-m/fpv4-sp/hard/crti.o
LOAD /Users/oliverfoster/.platformio/packages/toolchain-gccarmnoneeabi@1.70201.0/bin/../lib/gcc/arm-none-eabi/7.2.1/thumb/v7e-m/fpv4-sp/hard/crtbegin.o
LOAD /Users/oliverfoster/.platformio/packages/toolchain-gccarmnoneeabi@1.70201.0/bin/../lib/gcc/arm-none-eabi/7.2.1/../../../../arm-none-eabi/lib/thumb/v7e-m/fpv4-sp/hard/crt0.o
LOAD .pio/build/adafruit_feather_f405/FrameworkHALDriver/Src/stm32f4xx_hal.o
LOAD .pio/build/adafruit_feather_f405/FrameworkHALDriver/Src/stm32f4xx_hal_adc.o
LOAD .pio/build/adafruit_feather_f405/FrameworkHALDriver/Src/stm32f4xx_hal_adc_ex.o
LOAD .pio/build/adafruit_feather_f405/FrameworkHALDriver/Src/stm32f4xx_hal_can.o
LOAD .pio/build/adafruit_feather_f405/FrameworkHALDriver/Src/stm32f4xx_hal_cec.o
LOAD .pio/build/adafruit_feather_f405/FrameworkHALDriver/Src/stm32f4xx_hal_cortex.o
LOAD .pio/build/adafruit_feather_f405/FrameworkHALDriver/Src/stm32f4xx_hal_crc.o
LOAD .pio/build/adafruit_feather_f405/FrameworkHALDriver/Src/stm32f4xx_hal_cryp.o
LOAD .pio/build/adafruit_feather_f405/FrameworkHALDriver/Src/stm32f4xx_hal_cryp_ex.o
LOAD .pio/build/adafruit_feather_f405/FrameworkHALDriver/Src/stm32f4xx_hal_dac.o
LOAD .pio/build/adafruit_feather_f405/FrameworkHALDriver/Src/stm32f4xx_hal_dac_ex.o
LOAD .pio/build/adafruit_feather_f405/FrameworkHALDriver/Src/stm32f4xx_hal_dcmi.o
LOAD .pio/build/adafruit_feather_f405/FrameworkHALDriver/Src/stm32f4xx_hal_dcmi_ex.o
LOAD .pio/build/adafruit_feather_f405/FrameworkHALDriver/Src/stm32f4xx_hal_dfsdm.o
LOAD .pio/build/adafruit_feather_f405/FrameworkHALDriver/Src/stm32f4xx_hal_dma.o
LOAD .pio/build/adafruit_feather_f405/FrameworkHALDriver/Src/stm32f4xx_hal_dma2d.o
LOAD .pio/build/adafruit_feather_f405/FrameworkHALDriver/Src/stm32f4xx_hal_dma_ex.o
LOAD .pio/build/adafruit_feather_f405/FrameworkHALDriver/Src/stm32f4xx_hal_dsi.o
LOAD .pio/build/adafruit_feather_f405/FrameworkHALDriver/Src/stm32f4xx_hal_eth.o
LOAD .pio/build/adafruit_feather_f405/FrameworkHALDriver/Src/stm32f4xx_hal_exti.o
LOAD .pio/build/adafruit_feather_f405/FrameworkHALDriver/Src/stm32f4xx_hal_flash.o
LOAD .pio/build/adafruit_feather_f405/FrameworkHALDriver/Src/stm32f4xx_hal_flash_ex.o
LOAD .pio/build/adafruit_feather_f405/FrameworkHALDriver/Src/stm32f4xx_hal_flash_ramfunc.o
LOAD .pio/build/adafruit_feather_f405/FrameworkHALDriver/Src/stm32f4xx_hal_fmpi2c.o
LOAD .pio/build/adafruit_feather_f405/FrameworkHALDriver/Src/stm32f4xx_hal_fmpi2c_ex.o
LOAD .pio/build/adafruit_feather_f405/FrameworkHALDriver/Src/stm32f4xx_hal_fmpsmbus.o
LOAD .pio/build/adafruit_feather_f405/FrameworkHALDriver/Src/stm32f4xx_hal_fmpsmbus_ex.o
LOAD .pio/build/adafruit_feather_f405/FrameworkHALDriver/Src/stm32f4xx_hal_gpio.o
LOAD .pio/build/adafruit_feather_f405/FrameworkHALDriver/Src/stm32f4xx_hal_hash.o
LOAD .pio/build/adafruit_feather_f405/FrameworkHALDriver/Src/stm32f4xx_hal_hash_ex.o
LOAD .pio/build/adafruit_feather_f405/FrameworkHALDriver/Src/stm32f4xx_hal_hcd.o
LOAD .pio/build/adafruit_feather_f405/FrameworkHALDriver/Src/stm32f4xx_hal_i2c.o
LOAD .pio/build/adafruit_feather_f405/FrameworkHALDriver/Src/stm32f4xx_hal_i2c_ex.o
LOAD .pio/build/adafruit_feather_f405/FrameworkHALDriver/Src/stm32f4xx_hal_i2s.o
LOAD .pio/build/adafruit_feather_f405/FrameworkHALDriver/Src/stm32f4xx_hal_i2s_ex.o
LOAD .pio/build/adafruit_feather_f405/FrameworkHALDriver/Src/stm32f4xx_hal_irda.o
LOAD .pio/build/adafruit_feather_f405/FrameworkHALDriver/Src/stm32f4xx_hal_iwdg.o
LOAD .pio/build/adafruit_feather_f405/FrameworkHALDriver/Src/stm32f4xx_hal_lptim.o
LOAD .pio/build/adafruit_feather_f405/FrameworkHALDriver/Src/stm32f4xx_hal_ltdc.o
LOAD .pio/build/adafruit_feather_f405/FrameworkHALDriver/Src/stm32f4xx_hal_ltdc_ex.o
LOAD .pio/build/adafruit_feather_f405/FrameworkHALDriver/Src/stm32f4xx_hal_mmc.o
LOAD .pio/build/adafruit_feather_f405/FrameworkHALDriver/Src/stm32f4xx_hal_nand.o
LOAD .pio/build/adafruit_feather_f405/FrameworkHALDriver/Src/stm32f4xx_hal_nor.o
LOAD .pio/build/adafruit_feather_f405/FrameworkHALDriver/Src/stm32f4xx_hal_pccard.o
LOAD .pio/build/adafruit_feather_f405/FrameworkHALDriver/Src/stm32f4xx_hal_pcd.o
LOAD .pio/build/adafruit_feather_f405/FrameworkHALDriver/Src/stm32f4xx_hal_pcd_ex.o
LOAD .pio/build/adafruit_feather_f405/FrameworkHALDriver/Src/stm32f4xx_hal_pwr.o
LOAD .pio/build/adafruit_feather_f405/FrameworkHALDriver/Src/stm32f4xx_hal_pwr_ex.o
LOAD .pio/build/adafruit_feather_f405/FrameworkHALDriver/Src/stm32f4xx_hal_qspi.o
LOAD .pio/build/adafruit_feather_f405/FrameworkHALDriver/Src/stm32f4xx_hal_rcc.o
LOAD .pio/build/adafruit_feather_f405/FrameworkHALDriver/Src/stm32f4xx_hal_rcc_ex.o
LOAD .pio/build/adafruit_feather_f405/FrameworkHALDriver/Src/stm32f4xx_hal_rng.o
LOAD .pio/build/adafruit_feather_f405/FrameworkHALDriver/Src/stm32f4xx_hal_rtc.o
LOAD .pio/build/adafruit_feather_f405/FrameworkHALDriver/Src/stm32f4xx_hal_rtc_ex.o
LOAD .pio/build/adafruit_feather_f405/FrameworkHALDriver/Src/stm32f4xx_hal_sai.o
LOAD .pio/build/adafruit_feather_f405/FrameworkHALDriver/Src/stm32f4xx_hal_sai_ex.o
LOAD .pio/build/adafruit_feather_f405/FrameworkHALDriver/Src/stm32f4xx_hal_sd.o
LOAD .pio/build/adafruit_feather_f405/FrameworkHALDriver/Src/stm32f4xx_hal_sdram.o
LOAD .pio/build/adafruit_feather_f405/FrameworkHALDriver/Src/stm32f4xx_hal_smartcard.o
LOAD .pio/build/adafruit_feather_f405/FrameworkHALDriver/Src/stm32f4xx_hal_smbus.o
LOAD .pio/build/adafruit_feather_f405/FrameworkHALDriver/Src/stm32f4xx_hal_spdifrx.o
LOAD .pio/build/adafruit_feather_f405/FrameworkHALDriver/Src/stm32f4xx_hal_spi.o
LOAD .pio/build/adafruit_feather_f405/FrameworkHALDriver/Src/stm32f4xx_hal_sram.o
LOAD .pio/build/adafruit_feather_f405/FrameworkHALDriver/Src/stm32f4xx_hal_tim.o
LOAD .pio/build/adafruit_feather_f405/FrameworkHALDriver/Src/stm32f4xx_hal_tim_ex.o
LOAD .pio/build/adafruit_feather_f405/FrameworkHALDriver/Src/stm32f4xx_hal_uart.o
LOAD .pio/build/adafruit_feather_f405/FrameworkHALDriver/Src/stm32f4xx_hal_usart.o
LOAD .pio/build/adafruit_feather_f405/FrameworkHALDriver/Src/stm32f4xx_hal_wwdg.o
LOAD .pio/build/adafruit_feather_f405/FrameworkHALDriver/Src/stm32f4xx_ll_adc.o
LOAD .pio/build/adafruit_feather_f405/FrameworkHALDriver/Src/stm32f4xx_ll_crc.o
LOAD .pio/build/adafruit_feather_f405/FrameworkHALDriver/Src/stm32f4xx_ll_dac.o
LOAD .pio/build/adafruit_feather_f405/FrameworkHALDriver/Src/stm32f4xx_ll_dma.o
LOAD .pio/build/adafruit_feather_f405/FrameworkHALDriver/Src/stm32f4xx_ll_dma2d.o
LOAD .pio/build/adafruit_feather_f405/FrameworkHALDriver/Src/stm32f4xx_ll_exti.o
LOAD .pio/build/adafruit_feather_f405/FrameworkHALDriver/Src/stm32f4xx_ll_fmc.o
LOAD .pio/build/adafruit_feather_f405/FrameworkHALDriver/Src/stm32f4xx_ll_fmpi2c.o
LOAD .pio/build/adafruit_feather_f405/FrameworkHALDriver/Src/stm32f4xx_ll_fsmc.o
LOAD .pio/build/adafruit_feather_f405/FrameworkHALDriver/Src/stm32f4xx_ll_gpio.o
LOAD .pio/build/adafruit_feather_f405/FrameworkHALDriver/Src/stm32f4xx_ll_i2c.o
LOAD .pio/build/adafruit_feather_f405/FrameworkHALDriver/Src/stm32f4xx_ll_lptim.o
LOAD .pio/build/adafruit_feather_f405/FrameworkHALDriver/Src/stm32f4xx_ll_pwr.o
LOAD .pio/build/adafruit_feather_f405/FrameworkHALDriver/Src/stm32f4xx_ll_rcc.o
LOAD .pio/build/adafruit_feather_f405/FrameworkHALDriver/Src/stm32f4xx_ll_rng.o
LOAD .pio/build/adafruit_feather_f405/FrameworkHALDriver/Src/stm32f4xx_ll_rtc.o
LOAD .pio/build/adafruit_feather_f405/FrameworkHALDriver/Src/stm32f4xx_ll_sdmmc.o
LOAD .pio/build/adafruit_feather_f405/FrameworkHALDriver/Src/stm32f4xx_ll_spi.o
LOAD .pio/build/adafruit_feather_f405/FrameworkHALDriver/Src/stm32f4xx_ll_tim.o
LOAD .pio/build/adafruit_feather_f405/FrameworkHALDriver/Src/stm32f4xx_ll_usart.o
LOAD .pio/build/adafruit_feather_f405/FrameworkHALDriver/Src/stm32f4xx_ll_usb.o
LOAD .pio/build/adafruit_feather_f405/FrameworkHALDriver/Src/stm32f4xx_ll_utils.o
LOAD .pio/build/adafruit_feather_f405/src/i2c/i2c_acc.o
LOAD .pio/build/adafruit_feather_f405/src/i2c/i2c_init.o
LOAD .pio/build/adafruit_feather_f405/src/i2c/i2c_see.o
LOAD .pio/build/adafruit_feather_f405/src/main.o
LOAD .pio/build/adafruit_feather_f405/src/memsafe_buffer.o
LOAD .pio/build/adafruit_feather_f405/src/mp34dt_spi.o
LOAD .pio/build/adafruit_feather_f405/src/stm32f4xx_it.o
LOAD .pio/build/adafruit_feather_f405/src/usb_device.o
LOAD .pio/build/adafruit_feather_f405/src/usbd_cdc_if.o
LOAD .pio/build/adafruit_feather_f405/src/usbd_conf.o
LOAD .pio/build/adafruit_feather_f405/src/usbd_desc.o
LOAD .pio/build/adafruit_feather_f405/src/viseffect/visEffect.o
LOAD .pio/build/adafruit_feather_f405/src/ws2812b/src/ws2812b.o
START GROUP
LOAD .pio/build/adafruit_feather_f405/lib9d2/libCore.a
LOAD .pio/build/adafruit_feather_f405/lib5fe/libCDC.a
LOAD opt/libarm_cortexM4lf_math.a
LOAD opt/libPDMFilter.a
LOAD opt/libCDC.a
LOAD opt/libCore.a
LOAD /Users/oliverfoster/.platformio/packages/toolchain-gccarmnoneeabi@1.70201.0/bin/../lib/gcc/arm-none-eabi/7.2.1/../../../../arm-none-eabi/lib/thumb/v7e-m/fpv4-sp/hard/libc_nano.a
LOAD /Users/oliverfoster/.platformio/packages/toolchain-gccarmnoneeabi@1.70201.0/bin/../lib/gcc/arm-none-eabi/7.2.1/thumb/v7e-m/fpv4-sp/hard/libgcc.a
LOAD /Users/oliverfoster/.platformio/packages/toolchain-gccarmnoneeabi@1.70201.0/bin/../lib/gcc/arm-none-eabi/7.2.1/../../../../arm-none-eabi/lib/thumb/v7e-m/fpv4-sp/hard/libm.a
LOAD /Users/oliverfoster/.platformio/packages/toolchain-gccarmnoneeabi@1.70201.0/bin/../lib/gcc/arm-none-eabi/7.2.1/../../../../arm-none-eabi/lib/thumb/v7e-m/fpv4-sp/hard/libstdc++_nano.a
LOAD /Users/oliverfoster/.platformio/packages/toolchain-gccarmnoneeabi@1.70201.0/bin/../lib/gcc/arm-none-eabi/7.2.1/../../../../arm-none-eabi/lib/thumb/v7e-m/fpv4-sp/hard/libnosys.a
LOAD .pio/build/adafruit_feather_f405/libFrameworkCMSISDevice.a
END GROUP
START GROUP
LOAD /Users/oliverfoster/.platformio/packages/toolchain-gccarmnoneeabi@1.70201.0/bin/../lib/gcc/arm-none-eabi/7.2.1/thumb/v7e-m/fpv4-sp/hard/libgcc.a
LOAD /Users/oliverfoster/.platformio/packages/toolchain-gccarmnoneeabi@1.70201.0/bin/../lib/gcc/arm-none-eabi/7.2.1/../../../../arm-none-eabi/lib/thumb/v7e-m/fpv4-sp/hard/libc_nano.a
END GROUP
START GROUP
LOAD /Users/oliverfoster/.platformio/packages/toolchain-gccarmnoneeabi@1.70201.0/bin/../lib/gcc/arm-none-eabi/7.2.1/thumb/v7e-m/fpv4-sp/hard/libgcc.a
LOAD /Users/oliverfoster/.platformio/packages/toolchain-gccarmnoneeabi@1.70201.0/bin/../lib/gcc/arm-none-eabi/7.2.1/../../../../arm-none-eabi/lib/thumb/v7e-m/fpv4-sp/hard/libc_nano.a
LOAD /Users/oliverfoster/.platformio/packages/toolchain-gccarmnoneeabi@1.70201.0/bin/../lib/gcc/arm-none-eabi/7.2.1/../../../../arm-none-eabi/lib/thumb/v7e-m/fpv4-sp/hard/libnosys.a
END GROUP
START GROUP
LOAD /Users/oliverfoster/.platformio/packages/toolchain-gccarmnoneeabi@1.70201.0/bin/../lib/gcc/arm-none-eabi/7.2.1/thumb/v7e-m/fpv4-sp/hard/libgcc.a
LOAD /Users/oliverfoster/.platformio/packages/toolchain-gccarmnoneeabi@1.70201.0/bin/../lib/gcc/arm-none-eabi/7.2.1/../../../../arm-none-eabi/lib/thumb/v7e-m/fpv4-sp/hard/libc_nano.a
LOAD /Users/oliverfoster/.platformio/packages/toolchain-gccarmnoneeabi@1.70201.0/bin/../lib/gcc/arm-none-eabi/7.2.1/../../../../arm-none-eabi/lib/thumb/v7e-m/fpv4-sp/hard/libnosys.a
END GROUP
LOAD /Users/oliverfoster/.platformio/packages/toolchain-gccarmnoneeabi@1.70201.0/bin/../lib/gcc/arm-none-eabi/7.2.1/thumb/v7e-m/fpv4-sp/hard/crtend.o
LOAD /Users/oliverfoster/.platformio/packages/toolchain-gccarmnoneeabi@1.70201.0/bin/../lib/gcc/arm-none-eabi/7.2.1/thumb/v7e-m/fpv4-sp/hard/crtn.o
                0x0000000020020000                _estack = (ORIGIN (RAM) + LENGTH (RAM))
                0x0000000000000200                _Min_Heap_Size = 0x200
                0x0000000000000400                _Min_Stack_Size = 0x400

.isr_vector     0x0000000008000000      0x188
                0x0000000008000000                . = ALIGN (0x4)
 *(.isr_vector)
 .isr_vector    0x0000000008000000      0x188 .pio/build/adafruit_feather_f405/libFrameworkCMSISDevice.a(startup_stm32f405xx.o)
                0x0000000008000000                g_pfnVectors
                0x0000000008000188                . = ALIGN (0x4)

.text           0x0000000008000190     0x8ad4
                0x0000000008000190                . = ALIGN (0x4)
 *(.text)
 .text          0x0000000008000190       0x40 /Users/oliverfoster/.platformio/packages/toolchain-gccarmnoneeabi@1.70201.0/bin/../lib/gcc/arm-none-eabi/7.2.1/thumb/v7e-m/fpv4-sp/hard/crtbegin.o
 .text          0x00000000080001d0       0x10 /Users/oliverfoster/.platformio/packages/toolchain-gccarmnoneeabi@1.70201.0/bin/../lib/gcc/arm-none-eabi/7.2.1/../../../../arm-none-eabi/lib/thumb/v7e-m/fpv4-sp/hard/libc_nano.a(lib_a-strlen.o)
                0x00000000080001d0                strlen
 .text          0x00000000080001e0       0xa0 /Users/oliverfoster/.platformio/packages/toolchain-gccarmnoneeabi@1.70201.0/bin/../lib/gcc/arm-none-eabi/7.2.1/../../../../arm-none-eabi/lib/thumb/v7e-m/fpv4-sp/hard/libc_nano.a(lib_a-memchr.o)
                0x00000000080001e0                memchr
 .text          0x0000000008000280      0x378 /Users/oliverfoster/.platformio/packages/toolchain-gccarmnoneeabi@1.70201.0/bin/../lib/gcc/arm-none-eabi/7.2.1/thumb/v7e-m/fpv4-sp/hard/libgcc.a(_arm_addsubdf3.o)
                0x0000000008000280                __aeabi_drsub
                0x0000000008000288                __subdf3
                0x0000000008000288                __aeabi_dsub
                0x000000000800028c                __aeabi_dadd
                0x000000000800028c                __adddf3
                0x0000000008000504                __aeabi_ui2d
                0x0000000008000504                __floatunsidf
                0x0000000008000524                __floatsidf
                0x0000000008000524                __aeabi_i2d
                0x0000000008000548                __extendsfdf2
                0x0000000008000548                __aeabi_f2d
                0x000000000800058c                __aeabi_ul2d
                0x000000000800058c                __floatundidf
                0x000000000800059c                __aeabi_l2d
                0x000000000800059c                __floatdidf
 .text          0x00000000080005f8      0x424 /Users/oliverfoster/.platformio/packages/toolchain-gccarmnoneeabi@1.70201.0/bin/../lib/gcc/arm-none-eabi/7.2.1/thumb/v7e-m/fpv4-sp/hard/libgcc.a(_arm_muldivdf3.o)
                0x00000000080005f8                __aeabi_dmul
                0x00000000080005f8                __muldf3
                0x000000000800084c                __aeabi_ddiv
                0x000000000800084c                __divdf3
 .text          0x0000000008000a1c       0x50 /Users/oliverfoster/.platformio/packages/toolchain-gccarmnoneeabi@1.70201.0/bin/../lib/gcc/arm-none-eabi/7.2.1/thumb/v7e-m/fpv4-sp/hard/libgcc.a(_arm_fixdfsi.o)
                0x0000000008000a1c                __fixdfsi
                0x0000000008000a1c                __aeabi_d2iz
 .text          0x0000000008000a6c       0x30 /Users/oliverfoster/.platformio/packages/toolchain-gccarmnoneeabi@1.70201.0/bin/../lib/gcc/arm-none-eabi/7.2.1/thumb/v7e-m/fpv4-sp/hard/libgcc.a(_aeabi_uldivmod.o)
                0x0000000008000a6c                __aeabi_uldivmod
 .text          0x0000000008000a9c      0x2cc /Users/oliverfoster/.platformio/packages/toolchain-gccarmnoneeabi@1.70201.0/bin/../lib/gcc/arm-none-eabi/7.2.1/thumb/v7e-m/fpv4-sp/hard/libgcc.a(_udivmoddi4.o)
                0x0000000008000a9c                __udivmoddi4
 .text          0x0000000008000d68        0x4 /Users/oliverfoster/.platformio/packages/toolchain-gccarmnoneeabi@1.70201.0/bin/../lib/gcc/arm-none-eabi/7.2.1/thumb/v7e-m/fpv4-sp/hard/libgcc.a(_dvmd_tls.o)
                0x0000000008000d68                __aeabi_ldiv0
                0x0000000008000d68                __aeabi_idiv0
 .text          0x0000000008000d6c       0xa0 /Users/oliverfoster/.platformio/packages/toolchain-gccarmnoneeabi@1.70201.0/bin/../lib/gcc/arm-none-eabi/7.2.1/thumb/v7e-m/fpv4-sp/hard/libgcc.a(_arm_truncdfsf2.o)
                0x0000000008000d6c                __aeabi_d2f
                0x0000000008000d6c                __truncdfsf2
 *(.text*)
 .text.HAL_MspInit
                0x0000000008000e0c        0x2 .pio/build/adafruit_feather_f405/FrameworkHALDriver/Src/stm32f4xx_hal.o
                0x0000000008000e0c                HAL_MspInit
 *fill*         0x0000000008000e0e        0x2 
 .text.HAL_InitTick
                0x0000000008000e10       0x48 .pio/build/adafruit_feather_f405/FrameworkHALDriver/Src/stm32f4xx_hal.o
                0x0000000008000e10                HAL_InitTick
 .text.HAL_Init
                0x0000000008000e58       0x34 .pio/build/adafruit_feather_f405/FrameworkHALDriver/Src/stm32f4xx_hal.o
                0x0000000008000e58                HAL_Init
 .text.HAL_IncTick
                0x0000000008000e8c       0x18 .pio/build/adafruit_feather_f405/FrameworkHALDriver/Src/stm32f4xx_hal.o
                0x0000000008000e8c                HAL_IncTick
 .text.HAL_GetTick
                0x0000000008000ea4        0xc .pio/build/adafruit_feather_f405/FrameworkHALDriver/Src/stm32f4xx_hal.o
                0x0000000008000ea4                HAL_GetTick
 .text.HAL_Delay
                0x0000000008000eb0       0x28 .pio/build/adafruit_feather_f405/FrameworkHALDriver/Src/stm32f4xx_hal.o
                0x0000000008000eb0                HAL_Delay
 .text.HAL_NVIC_SetPriorityGrouping
                0x0000000008000ed8       0x24 .pio/build/adafruit_feather_f405/FrameworkHALDriver/Src/stm32f4xx_hal_cortex.o
                0x0000000008000ed8                HAL_NVIC_SetPriorityGrouping
 .text.HAL_NVIC_SetPriority
                0x0000000008000efc       0x68 .pio/build/adafruit_feather_f405/FrameworkHALDriver/Src/stm32f4xx_hal_cortex.o
                0x0000000008000efc                HAL_NVIC_SetPriority
 .text.HAL_NVIC_EnableIRQ
                0x0000000008000f64       0x1c .pio/build/adafruit_feather_f405/FrameworkHALDriver/Src/stm32f4xx_hal_cortex.o
                0x0000000008000f64                HAL_NVIC_EnableIRQ
 .text.HAL_SYSTICK_Config
                0x0000000008000f80       0x2c .pio/build/adafruit_feather_f405/FrameworkHALDriver/Src/stm32f4xx_hal_cortex.o
                0x0000000008000f80                HAL_SYSTICK_Config
 .text.HAL_SYSTICK_Callback
                0x0000000008000fac        0x2 .pio/build/adafruit_feather_f405/FrameworkHALDriver/Src/stm32f4xx_hal_cortex.o
                0x0000000008000fac                HAL_SYSTICK_Callback
 .text.HAL_SYSTICK_IRQHandler
                0x0000000008000fae        0x8 .pio/build/adafruit_feather_f405/FrameworkHALDriver/Src/stm32f4xx_hal_cortex.o
                0x0000000008000fae                HAL_SYSTICK_IRQHandler
 *fill*         0x0000000008000fb6        0x2 
 .text.DMA_CalcBaseAndBitshift
                0x0000000008000fb8       0x2c .pio/build/adafruit_feather_f405/FrameworkHALDriver/Src/stm32f4xx_hal_dma.o
 .text.HAL_DMA_Init
                0x0000000008000fe4       0xfc .pio/build/adafruit_feather_f405/FrameworkHALDriver/Src/stm32f4xx_hal_dma.o
                0x0000000008000fe4                HAL_DMA_Init
 .text.HAL_DMA_DeInit
                0x00000000080010e0       0x54 .pio/build/adafruit_feather_f405/FrameworkHALDriver/Src/stm32f4xx_hal_dma.o
                0x00000000080010e0                HAL_DMA_DeInit
 .text.HAL_DMA_Start
                0x0000000008001134       0x54 .pio/build/adafruit_feather_f405/FrameworkHALDriver/Src/stm32f4xx_hal_dma.o
                0x0000000008001134                HAL_DMA_Start
 .text.HAL_DMA_Start_IT
                0x0000000008001188       0x74 .pio/build/adafruit_feather_f405/FrameworkHALDriver/Src/stm32f4xx_hal_dma.o
                0x0000000008001188                HAL_DMA_Start_IT
 .text.HAL_DMA_IRQHandler
                0x00000000080011fc      0x17c .pio/build/adafruit_feather_f405/FrameworkHALDriver/Src/stm32f4xx_hal_dma.o
                0x00000000080011fc                HAL_DMA_IRQHandler
 .text.HAL_GPIO_Init
                0x0000000008001378      0x1d4 .pio/build/adafruit_feather_f405/FrameworkHALDriver/Src/stm32f4xx_hal_gpio.o
                0x0000000008001378                HAL_GPIO_Init
 .text.HAL_GPIO_WritePin
                0x000000000800154c        0xa .pio/build/adafruit_feather_f405/FrameworkHALDriver/Src/stm32f4xx_hal_gpio.o
                0x000000000800154c                HAL_GPIO_WritePin
 .text.I2C_IsAcknowledgeFailed
                0x0000000008001556       0x34 .pio/build/adafruit_feather_f405/FrameworkHALDriver/Src/stm32f4xx_hal_i2c.o
 .text.I2C_WaitOnMasterAddressFlagUntilTimeout
                0x000000000800158a       0x74 .pio/build/adafruit_feather_f405/FrameworkHALDriver/Src/stm32f4xx_hal_i2c.o
 .text.I2C_WaitOnBTFFlagUntilTimeout
                0x00000000080015fe       0x4c .pio/build/adafruit_feather_f405/FrameworkHALDriver/Src/stm32f4xx_hal_i2c.o
 .text.I2C_WaitOnRXNEFlagUntilTimeout
                0x000000000800164a       0x5e .pio/build/adafruit_feather_f405/FrameworkHALDriver/Src/stm32f4xx_hal_i2c.o
 .text.I2C_WaitOnFlagUntilTimeout
                0x00000000080016a8       0x62 .pio/build/adafruit_feather_f405/FrameworkHALDriver/Src/stm32f4xx_hal_i2c.o
 .text.I2C_WaitOnTXEFlagUntilTimeout
                0x000000000800170a       0x4c .pio/build/adafruit_feather_f405/FrameworkHALDriver/Src/stm32f4xx_hal_i2c.o
 *fill*         0x0000000008001756        0x2 
 .text.I2C_RequestMemoryWrite
                0x0000000008001758       0xac .pio/build/adafruit_feather_f405/FrameworkHALDriver/Src/stm32f4xx_hal_i2c.o
 .text.I2C_RequestMemoryRead
                0x0000000008001804       0xfc .pio/build/adafruit_feather_f405/FrameworkHALDriver/Src/stm32f4xx_hal_i2c.o
 .text.HAL_I2C_Init
                0x0000000008001900      0x158 .pio/build/adafruit_feather_f405/FrameworkHALDriver/Src/stm32f4xx_hal_i2c.o
                0x0000000008001900                HAL_I2C_Init
 .text.HAL_I2C_Mem_Write
                0x0000000008001a58      0x120 .pio/build/adafruit_feather_f405/FrameworkHALDriver/Src/stm32f4xx_hal_i2c.o
                0x0000000008001a58                HAL_I2C_Mem_Write
 .text.HAL_I2C_Mem_Read
                0x0000000008001b78      0x218 .pio/build/adafruit_feather_f405/FrameworkHALDriver/Src/stm32f4xx_hal_i2c.o
                0x0000000008001b78                HAL_I2C_Mem_Read
 .text.HAL_I2C_IsDeviceReady
                0x0000000008001d90      0x160 .pio/build/adafruit_feather_f405/FrameworkHALDriver/Src/stm32f4xx_hal_i2c.o
                0x0000000008001d90                HAL_I2C_IsDeviceReady
 .text.HAL_PCD_DataOutStageCallback
                0x0000000008001ef0        0x2 .pio/build/adafruit_feather_f405/FrameworkHALDriver/Src/stm32f4xx_hal_pcd.o
                0x0000000008001ef0                HAL_PCD_DataOutStageCallback
 .text.HAL_PCD_ISOINIncompleteCallback
                0x0000000008001ef2        0x2 .pio/build/adafruit_feather_f405/FrameworkHALDriver/Src/stm32f4xx_hal_pcd.o
                0x0000000008001ef2                HAL_PCD_ISOINIncompleteCallback
 .text.HAL_PCD_DataInStageCallback
                0x0000000008001ef4        0x2 .pio/build/adafruit_feather_f405/FrameworkHALDriver/Src/stm32f4xx_hal_pcd.o
                0x0000000008001ef4                HAL_PCD_DataInStageCallback
 .text.HAL_PCD_ISOOUTIncompleteCallback
                0x0000000008001ef6        0x2 .pio/build/adafruit_feather_f405/FrameworkHALDriver/Src/stm32f4xx_hal_pcd.o
                0x0000000008001ef6                HAL_PCD_ISOOUTIncompleteCallback
 .text.HAL_PCD_ResumeCallback
                0x0000000008001ef8        0x2 .pio/build/adafruit_feather_f405/FrameworkHALDriver/Src/stm32f4xx_hal_pcd.o
                0x0000000008001ef8                HAL_PCD_ResumeCallback
 .text.HAL_PCD_ResetCallback
                0x0000000008001efa        0x2 .pio/build/adafruit_feather_f405/FrameworkHALDriver/Src/stm32f4xx_hal_pcd.o
                0x0000000008001efa                HAL_PCD_ResetCallback
 .text.HAL_PCD_SuspendCallback
                0x0000000008001efc        0x2 .pio/build/adafruit_feather_f405/FrameworkHALDriver/Src/stm32f4xx_hal_pcd.o
                0x0000000008001efc                HAL_PCD_SuspendCallback
 .text.HAL_PCD_DisconnectCallback
                0x0000000008001efe        0x2 .pio/build/adafruit_feather_f405/FrameworkHALDriver/Src/stm32f4xx_hal_pcd.o
                0x0000000008001efe                HAL_PCD_DisconnectCallback
 .text.HAL_PCD_ConnectCallback
                0x0000000008001f00        0x2 .pio/build/adafruit_feather_f405/FrameworkHALDriver/Src/stm32f4xx_hal_pcd.o
                0x0000000008001f00                HAL_PCD_ConnectCallback
 .text.HAL_PCD_SetupStageCallback
                0x0000000008001f02        0x2 .pio/build/adafruit_feather_f405/FrameworkHALDriver/Src/stm32f4xx_hal_pcd.o
                0x0000000008001f02                HAL_PCD_SetupStageCallback
 .text.HAL_PCD_SOFCallback
                0x0000000008001f04        0x2 .pio/build/adafruit_feather_f405/FrameworkHALDriver/Src/stm32f4xx_hal_pcd.o
                0x0000000008001f04                HAL_PCD_SOFCallback
 *fill*         0x0000000008001f06        0x2 
 .text.HAL_PCD_Init
                0x0000000008001f08      0x1a8 .pio/build/adafruit_feather_f405/FrameworkHALDriver/Src/stm32f4xx_hal_pcd.o
                0x0000000008001f08                HAL_PCD_Init
 .text.HAL_PCD_RegisterCallback
                0x00000000080020b0       0xae .pio/build/adafruit_feather_f405/FrameworkHALDriver/Src/stm32f4xx_hal_pcd.o
                0x00000000080020b0                HAL_PCD_RegisterCallback
 .text.HAL_PCD_RegisterDataOutStageCallback
                0x000000000800215e       0x4e .pio/build/adafruit_feather_f405/FrameworkHALDriver/Src/stm32f4xx_hal_pcd.o
                0x000000000800215e                HAL_PCD_RegisterDataOutStageCallback
 .text.HAL_PCD_RegisterDataInStageCallback
                0x00000000080021ac       0x4e .pio/build/adafruit_feather_f405/FrameworkHALDriver/Src/stm32f4xx_hal_pcd.o
                0x00000000080021ac                HAL_PCD_RegisterDataInStageCallback
 .text.HAL_PCD_RegisterIsoOutIncpltCallback
                0x00000000080021fa       0x4e .pio/build/adafruit_feather_f405/FrameworkHALDriver/Src/stm32f4xx_hal_pcd.o
                0x00000000080021fa                HAL_PCD_RegisterIsoOutIncpltCallback
 .text.HAL_PCD_RegisterIsoInIncpltCallback
                0x0000000008002248       0x4e .pio/build/adafruit_feather_f405/FrameworkHALDriver/Src/stm32f4xx_hal_pcd.o
                0x0000000008002248                HAL_PCD_RegisterIsoInIncpltCallback
 .text.HAL_PCD_Start
                0x0000000008002296       0x3e .pio/build/adafruit_feather_f405/FrameworkHALDriver/Src/stm32f4xx_hal_pcd.o
                0x0000000008002296                HAL_PCD_Start
 .text.HAL_PCD_IRQHandler
                0x00000000080022d4      0x588 .pio/build/adafruit_feather_f405/FrameworkHALDriver/Src/stm32f4xx_hal_pcd.o
                0x00000000080022d4                HAL_PCD_IRQHandler
 .text.HAL_PCD_SetAddress
                0x000000000800285c       0x28 .pio/build/adafruit_feather_f405/FrameworkHALDriver/Src/stm32f4xx_hal_pcd.o
                0x000000000800285c                HAL_PCD_SetAddress
 .text.HAL_PCD_EP_Open
                0x0000000008002884       0x70 .pio/build/adafruit_feather_f405/FrameworkHALDriver/Src/stm32f4xx_hal_pcd.o
                0x0000000008002884                HAL_PCD_EP_Open
 .text.HAL_PCD_EP_Close
                0x00000000080028f4       0x5e .pio/build/adafruit_feather_f405/FrameworkHALDriver/Src/stm32f4xx_hal_pcd.o
                0x00000000080028f4                HAL_PCD_EP_Close
 .text.HAL_PCD_EP_Receive
                0x0000000008002952       0x48 .pio/build/adafruit_feather_f405/FrameworkHALDriver/Src/stm32f4xx_hal_pcd.o
                0x0000000008002952                HAL_PCD_EP_Receive
 .text.HAL_PCD_EP_GetRxCount
                0x000000000800299a       0x10 .pio/build/adafruit_feather_f405/FrameworkHALDriver/Src/stm32f4xx_hal_pcd.o
                0x000000000800299a                HAL_PCD_EP_GetRxCount
 .text.HAL_PCD_EP_Transmit
                0x00000000080029aa       0x40 .pio/build/adafruit_feather_f405/FrameworkHALDriver/Src/stm32f4xx_hal_pcd.o
                0x00000000080029aa                HAL_PCD_EP_Transmit
 .text.HAL_PCD_EP_SetStall
                0x00000000080029ea       0x74 .pio/build/adafruit_feather_f405/FrameworkHALDriver/Src/stm32f4xx_hal_pcd.o
                0x00000000080029ea                HAL_PCD_EP_SetStall
 .text.HAL_PCD_EP_ClrStall
                0x0000000008002a5e       0x6c .pio/build/adafruit_feather_f405/FrameworkHALDriver/Src/stm32f4xx_hal_pcd.o
                0x0000000008002a5e                HAL_PCD_EP_ClrStall
 .text.HAL_PCDEx_SetTxFiFo
                0x0000000008002aca       0x40 .pio/build/adafruit_feather_f405/FrameworkHALDriver/Src/stm32f4xx_hal_pcd_ex.o
                0x0000000008002aca                HAL_PCDEx_SetTxFiFo
 .text.HAL_PCDEx_SetRxFiFo
                0x0000000008002b0a        0x8 .pio/build/adafruit_feather_f405/FrameworkHALDriver/Src/stm32f4xx_hal_pcd_ex.o
                0x0000000008002b0a                HAL_PCDEx_SetRxFiFo
 .text.HAL_PCDEx_LPM_Callback
                0x0000000008002b12        0x2 .pio/build/adafruit_feather_f405/FrameworkHALDriver/Src/stm32f4xx_hal_pcd_ex.o
                0x0000000008002b12                HAL_PCDEx_LPM_Callback
 .text.HAL_PCDEx_BCD_Callback
                0x0000000008002b14        0x2 .pio/build/adafruit_feather_f405/FrameworkHALDriver/Src/stm32f4xx_hal_pcd_ex.o
                0x0000000008002b14                HAL_PCDEx_BCD_Callback
 *fill*         0x0000000008002b16        0x2 
 .text.HAL_RCC_OscConfig
                0x0000000008002b18      0x358 .pio/build/adafruit_feather_f405/FrameworkHALDriver/Src/stm32f4xx_hal_rcc.o
                0x0000000008002b18                HAL_RCC_OscConfig
 .text.HAL_RCC_GetSysClockFreq
                0x0000000008002e70       0x5c .pio/build/adafruit_feather_f405/FrameworkHALDriver/Src/stm32f4xx_hal_rcc.o
                0x0000000008002e70                HAL_RCC_GetSysClockFreq
 .text.HAL_RCC_ClockConfig
                0x0000000008002ecc      0x134 .pio/build/adafruit_feather_f405/FrameworkHALDriver/Src/stm32f4xx_hal_rcc.o
                0x0000000008002ecc                HAL_RCC_ClockConfig
 .text.HAL_RCC_GetHCLKFreq
                0x0000000008003000        0xc .pio/build/adafruit_feather_f405/FrameworkHALDriver/Src/stm32f4xx_hal_rcc.o
                0x0000000008003000                HAL_RCC_GetHCLKFreq
 .text.HAL_RCC_GetPCLK1Freq
                0x000000000800300c       0x20 .pio/build/adafruit_feather_f405/FrameworkHALDriver/Src/stm32f4xx_hal_rcc.o
                0x000000000800300c                HAL_RCC_GetPCLK1Freq
 .text.HAL_SPI_MspInit
                0x000000000800302c        0x2 .pio/build/adafruit_feather_f405/FrameworkHALDriver/Src/stm32f4xx_hal_spi.o
                0x000000000800302c                HAL_SPI_MspInit
 .text.SPI_DMAHalfReceiveCplt
                0x000000000800302e        0x6 .pio/build/adafruit_feather_f405/FrameworkHALDriver/Src/stm32f4xx_hal_spi.o
 .text.SPI_DMAHalfTransmitReceiveCplt
                0x0000000008003034        0x6 .pio/build/adafruit_feather_f405/FrameworkHALDriver/Src/stm32f4xx_hal_spi.o
 .text.SPI_DMAError
                0x000000000800303a       0x1e .pio/build/adafruit_feather_f405/FrameworkHALDriver/Src/stm32f4xx_hal_spi.o
 .text.SPI_WaitFlagStateUntilTimeout
                0x0000000008003058       0xb4 .pio/build/adafruit_feather_f405/FrameworkHALDriver/Src/stm32f4xx_hal_spi.o
 .text.SPI_EndRxTxTransaction
                0x000000000800310c       0x58 .pio/build/adafruit_feather_f405/FrameworkHALDriver/Src/stm32f4xx_hal_spi.o
 .text.SPI_DMATransmitReceiveCplt
                0x0000000008003164       0x9c .pio/build/adafruit_feather_f405/FrameworkHALDriver/Src/stm32f4xx_hal_spi.o
 .text.SPI_EndRxTransaction
                0x0000000008003200       0x5c .pio/build/adafruit_feather_f405/FrameworkHALDriver/Src/stm32f4xx_hal_spi.o
 .text.SPI_DMAReceiveCplt
                0x000000000800325c       0xac .pio/build/adafruit_feather_f405/FrameworkHALDriver/Src/stm32f4xx_hal_spi.o
 .text.HAL_SPI_AbortCpltCallback
                0x0000000008003308        0x2 .pio/build/adafruit_feather_f405/FrameworkHALDriver/Src/stm32f4xx_hal_spi.o
                0x0000000008003308                HAL_SPI_AbortCpltCallback
 .text.HAL_SPI_TxCpltCallback
                0x000000000800330a        0x2 .pio/build/adafruit_feather_f405/FrameworkHALDriver/Src/stm32f4xx_hal_spi.o
                0x000000000800330a                HAL_SPI_TxCpltCallback
 .text.HAL_SPI_TxRxCpltCallback
                0x000000000800330c        0x2 .pio/build/adafruit_feather_f405/FrameworkHALDriver/Src/stm32f4xx_hal_spi.o
                0x000000000800330c                HAL_SPI_TxRxCpltCallback
 .text.HAL_SPI_TxHalfCpltCallback
                0x000000000800330e        0x2 .pio/build/adafruit_feather_f405/FrameworkHALDriver/Src/stm32f4xx_hal_spi.o
                0x000000000800330e                HAL_SPI_TxHalfCpltCallback
 .text.HAL_SPI_TxRxHalfCpltCallback
                0x0000000008003310        0x2 .pio/build/adafruit_feather_f405/FrameworkHALDriver/Src/stm32f4xx_hal_spi.o
                0x0000000008003310                HAL_SPI_TxRxHalfCpltCallback
 *fill*         0x0000000008003312        0x2 
 .text.HAL_SPI_Init
                0x0000000008003314      0x110 .pio/build/adafruit_feather_f405/FrameworkHALDriver/Src/stm32f4xx_hal_spi.o
                0x0000000008003314                HAL_SPI_Init
 .text.HAL_SPI_TransmitReceive_DMA
                0x0000000008003424      0x120 .pio/build/adafruit_feather_f405/FrameworkHALDriver/Src/stm32f4xx_hal_spi.o
                0x0000000008003424                HAL_SPI_TransmitReceive_DMA
 .text.HAL_SPI_Receive_DMA
                0x0000000008003544       0xf8 .pio/build/adafruit_feather_f405/FrameworkHALDriver/Src/stm32f4xx_hal_spi.o
                0x0000000008003544                HAL_SPI_Receive_DMA
 .text.TIM_OC1_SetConfig
                0x000000000800363c       0x64 .pio/build/adafruit_feather_f405/FrameworkHALDriver/Src/stm32f4xx_hal_tim.o
 .text.TIM_OC3_SetConfig
                0x00000000080036a0       0x6c .pio/build/adafruit_feather_f405/FrameworkHALDriver/Src/stm32f4xx_hal_tim.o
 .text.TIM_OC4_SetConfig
                0x000000000800370c       0x4c .pio/build/adafruit_feather_f405/FrameworkHALDriver/Src/stm32f4xx_hal_tim.o
 .text.HAL_TIM_PWM_MspInit
                0x0000000008003758        0x2 .pio/build/adafruit_feather_f405/FrameworkHALDriver/Src/stm32f4xx_hal_tim.o
                0x0000000008003758                HAL_TIM_PWM_MspInit
 .text.HAL_TIM_PeriodElapsedHalfCpltCallback
                0x000000000800375a        0x2 .pio/build/adafruit_feather_f405/FrameworkHALDriver/Src/stm32f4xx_hal_tim.o
                0x000000000800375a                HAL_TIM_PeriodElapsedHalfCpltCallback
 .text.HAL_TIM_OC_DelayElapsedCallback
                0x000000000800375c        0x2 .pio/build/adafruit_feather_f405/FrameworkHALDriver/Src/stm32f4xx_hal_tim.o
                0x000000000800375c                HAL_TIM_OC_DelayElapsedCallback
 .text.HAL_TIM_IC_CaptureCallback
                0x000000000800375e        0x2 .pio/build/adafruit_feather_f405/FrameworkHALDriver/Src/stm32f4xx_hal_tim.o
                0x000000000800375e                HAL_TIM_IC_CaptureCallback
 .text.HAL_TIM_IC_CaptureHalfCpltCallback
                0x0000000008003760        0x2 .pio/build/adafruit_feather_f405/FrameworkHALDriver/Src/stm32f4xx_hal_tim.o
                0x0000000008003760                HAL_TIM_IC_CaptureHalfCpltCallback
 .text.HAL_TIM_PWM_PulseFinishedCallback
                0x0000000008003762        0x2 .pio/build/adafruit_feather_f405/FrameworkHALDriver/Src/stm32f4xx_hal_tim.o
                0x0000000008003762                HAL_TIM_PWM_PulseFinishedCallback
 .text.HAL_TIM_PWM_PulseFinishedHalfCpltCallback
                0x0000000008003764        0x2 .pio/build/adafruit_feather_f405/FrameworkHALDriver/Src/stm32f4xx_hal_tim.o
                0x0000000008003764                HAL_TIM_PWM_PulseFinishedHalfCpltCallback
 .text.HAL_TIM_TriggerCallback
                0x0000000008003766        0x2 .pio/build/adafruit_feather_f405/FrameworkHALDriver/Src/stm32f4xx_hal_tim.o
                0x0000000008003766                HAL_TIM_TriggerCallback
 .text.HAL_TIM_TriggerHalfCpltCallback
                0x0000000008003768        0x2 .pio/build/adafruit_feather_f405/FrameworkHALDriver/Src/stm32f4xx_hal_tim.o
                0x0000000008003768                HAL_TIM_TriggerHalfCpltCallback
 .text.HAL_TIM_ErrorCallback
                0x000000000800376a        0x2 .pio/build/adafruit_feather_f405/FrameworkHALDriver/Src/stm32f4xx_hal_tim.o
                0x000000000800376a                HAL_TIM_ErrorCallback
 .text.HAL_TIM_Base_Start
                0x000000000800376c       0x6c .pio/build/adafruit_feather_f405/FrameworkHALDriver/Src/stm32f4xx_hal_tim.o
                0x000000000800376c                HAL_TIM_Base_Start
 .text.HAL_TIM_IRQHandler
                0x00000000080037d8      0x15c .pio/build/adafruit_feather_f405/FrameworkHALDriver/Src/stm32f4xx_hal_tim.o
                0x00000000080037d8                HAL_TIM_IRQHandler
 .text.TIM_Base_SetConfig
                0x0000000008003934       0xcc .pio/build/adafruit_feather_f405/FrameworkHALDriver/Src/stm32f4xx_hal_tim.o
                0x0000000008003934                TIM_Base_SetConfig
 .text.TIM_OC2_SetConfig
                0x0000000008003a00       0x6c .pio/build/adafruit_feather_f405/FrameworkHALDriver/Src/stm32f4xx_hal_tim.o
                0x0000000008003a00                TIM_OC2_SetConfig
 .text.HAL_TIM_PWM_ConfigChannel
                0x0000000008003a6c       0xc0 .pio/build/adafruit_feather_f405/FrameworkHALDriver/Src/stm32f4xx_hal_tim.o
                0x0000000008003a6c                HAL_TIM_PWM_ConfigChannel
 .text.TIM_TI1_SetConfig
                0x0000000008003b2c       0x74 .pio/build/adafruit_feather_f405/FrameworkHALDriver/Src/stm32f4xx_hal_tim.o
                0x0000000008003b2c                TIM_TI1_SetConfig
 .text.HAL_TIM_IC_ConfigChannel
                0x0000000008003ba0      0x126 .pio/build/adafruit_feather_f405/FrameworkHALDriver/Src/stm32f4xx_hal_tim.o
                0x0000000008003ba0                HAL_TIM_IC_ConfigChannel
 .text.TIM_ETR_SetConfig
                0x0000000008003cc6       0x14 .pio/build/adafruit_feather_f405/FrameworkHALDriver/Src/stm32f4xx_hal_tim.o
                0x0000000008003cc6                TIM_ETR_SetConfig
 .text.TIM_SlaveTimer_SetConfig
                0x0000000008003cda       0xb4 .pio/build/adafruit_feather_f405/FrameworkHALDriver/Src/stm32f4xx_hal_tim.o
 .text.HAL_TIM_SlaveConfigSynchro
                0x0000000008003d8e       0x4e .pio/build/adafruit_feather_f405/FrameworkHALDriver/Src/stm32f4xx_hal_tim.o
                0x0000000008003d8e                HAL_TIM_SlaveConfigSynchro
 .text.TIM_CCxChannelCmd
                0x0000000008003ddc       0x1c .pio/build/adafruit_feather_f405/FrameworkHALDriver/Src/stm32f4xx_hal_tim.o
                0x0000000008003ddc                TIM_CCxChannelCmd
 .text.HAL_TIM_OC_Start
                0x0000000008003df8       0xcc .pio/build/adafruit_feather_f405/FrameworkHALDriver/Src/stm32f4xx_hal_tim.o
                0x0000000008003df8                HAL_TIM_OC_Start
 .text.HAL_TIM_PWM_Start
                0x0000000008003ec4        0x4 .pio/build/adafruit_feather_f405/FrameworkHALDriver/Src/stm32f4xx_hal_tim.o
                0x0000000008003ec4                HAL_TIM_PWM_Start
 .text.TIM_ResetCallback
                0x0000000008003ec8       0x84 .pio/build/adafruit_feather_f405/FrameworkHALDriver/Src/stm32f4xx_hal_tim.o
                0x0000000008003ec8                TIM_ResetCallback
 .text.HAL_TIM_PWM_Init
                0x0000000008003f4c       0x6c .pio/build/adafruit_feather_f405/FrameworkHALDriver/Src/stm32f4xx_hal_tim.o
                0x0000000008003f4c                HAL_TIM_PWM_Init
 .text.HAL_TIMEx_CommutCallback
                0x0000000008003fb8        0x2 .pio/build/adafruit_feather_f405/FrameworkHALDriver/Src/stm32f4xx_hal_tim_ex.o
                0x0000000008003fb8                HAL_TIMEx_CommutCallback
 .text.HAL_TIMEx_CommutHalfCpltCallback
                0x0000000008003fba        0x2 .pio/build/adafruit_feather_f405/FrameworkHALDriver/Src/stm32f4xx_hal_tim_ex.o
                0x0000000008003fba                HAL_TIMEx_CommutHalfCpltCallback
 .text.HAL_TIMEx_BreakCallback
                0x0000000008003fbc        0x2 .pio/build/adafruit_feather_f405/FrameworkHALDriver/Src/stm32f4xx_hal_tim_ex.o
                0x0000000008003fbc                HAL_TIMEx_BreakCallback
 *fill*         0x0000000008003fbe        0x2 
 .text.USB_CoreReset
                0x0000000008003fc0       0x48 .pio/build/adafruit_feather_f405/FrameworkHALDriver/Src/stm32f4xx_ll_usb.o
 .text.USB_CoreInit
                0x0000000008004008       0x80 .pio/build/adafruit_feather_f405/FrameworkHALDriver/Src/stm32f4xx_ll_usb.o
                0x0000000008004008                USB_CoreInit
 .text.USB_SetTurnaroundTime
                0x0000000008004088       0xe8 .pio/build/adafruit_feather_f405/FrameworkHALDriver/Src/stm32f4xx_ll_usb.o
                0x0000000008004088                USB_SetTurnaroundTime
 .text.USB_EnableGlobalInt
                0x0000000008004170        0xc .pio/build/adafruit_feather_f405/FrameworkHALDriver/Src/stm32f4xx_ll_usb.o
                0x0000000008004170                USB_EnableGlobalInt
 .text.USB_DisableGlobalInt
                0x000000000800417c        0xc .pio/build/adafruit_feather_f405/FrameworkHALDriver/Src/stm32f4xx_ll_usb.o
                0x000000000800417c                USB_DisableGlobalInt
 .text.USB_SetCurrentMode
                0x0000000008004188       0x60 .pio/build/adafruit_feather_f405/FrameworkHALDriver/Src/stm32f4xx_ll_usb.o
                0x0000000008004188                USB_SetCurrentMode
 .text.USB_FlushTxFifo
                0x00000000080041e8       0x30 .pio/build/adafruit_feather_f405/FrameworkHALDriver/Src/stm32f4xx_ll_usb.o
                0x00000000080041e8                USB_FlushTxFifo
 .text.USB_FlushRxFifo
                0x0000000008004218       0x2c .pio/build/adafruit_feather_f405/FrameworkHALDriver/Src/stm32f4xx_ll_usb.o
                0x0000000008004218                USB_FlushRxFifo
 .text.USB_SetDevSpeed
                0x0000000008004244        0xe .pio/build/adafruit_feather_f405/FrameworkHALDriver/Src/stm32f4xx_ll_usb.o
                0x0000000008004244                USB_SetDevSpeed
 *fill*         0x0000000008004252        0x2 
 .text.USB_DevInit
                0x0000000008004254      0x174 .pio/build/adafruit_feather_f405/FrameworkHALDriver/Src/stm32f4xx_ll_usb.o
                0x0000000008004254                USB_DevInit
 .text.USB_GetDevSpeed
                0x00000000080043c8       0x16 .pio/build/adafruit_feather_f405/FrameworkHALDriver/Src/stm32f4xx_ll_usb.o
                0x00000000080043c8                USB_GetDevSpeed
 .text.USB_ActivateEndpoint
                0x00000000080043de       0x7c .pio/build/adafruit_feather_f405/FrameworkHALDriver/Src/stm32f4xx_ll_usb.o
                0x00000000080043de                USB_ActivateEndpoint
 *fill*         0x000000000800445a        0x2 
 .text.USB_DeactivateEndpoint
                0x000000000800445c       0xa4 .pio/build/adafruit_feather_f405/FrameworkHALDriver/Src/stm32f4xx_ll_usb.o
                0x000000000800445c                USB_DeactivateEndpoint
 .text.USB_EP0StartXfer
                0x0000000008004500       0xe8 .pio/build/adafruit_feather_f405/FrameworkHALDriver/Src/stm32f4xx_ll_usb.o
                0x0000000008004500                USB_EP0StartXfer
 .text.USB_WritePacket
                0x00000000080045e8       0x28 .pio/build/adafruit_feather_f405/FrameworkHALDriver/Src/stm32f4xx_ll_usb.o
                0x00000000080045e8                USB_WritePacket
 .text.USB_EPStartXfer
                0x0000000008004610      0x1b0 .pio/build/adafruit_feather_f405/FrameworkHALDriver/Src/stm32f4xx_ll_usb.o
                0x0000000008004610                USB_EPStartXfer
 .text.USB_ReadPacket
                0x00000000080047c0       0x4a .pio/build/adafruit_feather_f405/FrameworkHALDriver/Src/stm32f4xx_ll_usb.o
                0x00000000080047c0                USB_ReadPacket
 .text.USB_EPSetStall
                0x000000000800480a       0x56 .pio/build/adafruit_feather_f405/FrameworkHALDriver/Src/stm32f4xx_ll_usb.o
                0x000000000800480a                USB_EPSetStall
 .text.USB_EPClearStall
                0x0000000008004860       0x52 .pio/build/adafruit_feather_f405/FrameworkHALDriver/Src/stm32f4xx_ll_usb.o
                0x0000000008004860                USB_EPClearStall
 .text.USB_SetDevAddress
                0x00000000080048b2       0x20 .pio/build/adafruit_feather_f405/FrameworkHALDriver/Src/stm32f4xx_ll_usb.o
                0x00000000080048b2                USB_SetDevAddress
 .text.USB_DevConnect
                0x00000000080048d2       0x1c .pio/build/adafruit_feather_f405/FrameworkHALDriver/Src/stm32f4xx_ll_usb.o
                0x00000000080048d2                USB_DevConnect
 .text.USB_DevDisconnect
                0x00000000080048ee       0x1c .pio/build/adafruit_feather_f405/FrameworkHALDriver/Src/stm32f4xx_ll_usb.o
                0x00000000080048ee                USB_DevDisconnect
 .text.USB_ReadInterrupts
                0x000000000800490a        0x8 .pio/build/adafruit_feather_f405/FrameworkHALDriver/Src/stm32f4xx_ll_usb.o
                0x000000000800490a                USB_ReadInterrupts
 .text.USB_ReadDevAllOutEpInterrupt
                0x0000000008004912       0x10 .pio/build/adafruit_feather_f405/FrameworkHALDriver/Src/stm32f4xx_ll_usb.o
                0x0000000008004912                USB_ReadDevAllOutEpInterrupt
 .text.USB_ReadDevAllInEpInterrupt
                0x0000000008004922       0x10 .pio/build/adafruit_feather_f405/FrameworkHALDriver/Src/stm32f4xx_ll_usb.o
                0x0000000008004922                USB_ReadDevAllInEpInterrupt
 .text.USB_ReadDevOutEPInterrupt
                0x0000000008004932       0x12 .pio/build/adafruit_feather_f405/FrameworkHALDriver/Src/stm32f4xx_ll_usb.o
                0x0000000008004932                USB_ReadDevOutEPInterrupt
 .text.USB_ReadDevInEPInterrupt
                0x0000000008004944       0x24 .pio/build/adafruit_feather_f405/FrameworkHALDriver/Src/stm32f4xx_ll_usb.o
                0x0000000008004944                USB_ReadDevInEPInterrupt
 .text.USB_GetMode
                0x0000000008004968        0x8 .pio/build/adafruit_feather_f405/FrameworkHALDriver/Src/stm32f4xx_ll_usb.o
                0x0000000008004968                USB_GetMode
 .text.USB_ActivateSetup
                0x0000000008004970       0x20 .pio/build/adafruit_feather_f405/FrameworkHALDriver/Src/stm32f4xx_ll_usb.o
                0x0000000008004970                USB_ActivateSetup
 .text.USB_EP0_OutStart
                0x0000000008004990       0x4c .pio/build/adafruit_feather_f405/FrameworkHALDriver/Src/stm32f4xx_ll_usb.o
                0x0000000008004990                USB_EP0_OutStart
 .text._ICM20948_SelectUserBank
                0x00000000080049dc       0x2e .pio/build/adafruit_feather_f405/src/i2c/i2c_acc.o
                0x00000000080049dc                _ICM20948_SelectUserBank
 .text._ICM20948_WriteByte
                0x0000000008004a0a       0x28 .pio/build/adafruit_feather_f405/src/i2c/i2c_acc.o
                0x0000000008004a0a                _ICM20948_WriteByte
 .text._ICM20948_BrustRead
                0x0000000008004a32       0x26 .pio/build/adafruit_feather_f405/src/i2c/i2c_acc.o
                0x0000000008004a32                _ICM20948_BrustRead
 .text.ICM20948_isI2cAddress2
                0x0000000008004a58        0xa .pio/build/adafruit_feather_f405/src/i2c/i2c_acc.o
                0x0000000008004a58                ICM20948_isI2cAddress2
 *fill*         0x0000000008004a62        0x2 
 .text.ICM20948_init
                0x0000000008004a64      0x120 .pio/build/adafruit_feather_f405/src/i2c/i2c_acc.o
                0x0000000008004a64                ICM20948_init
 *fill*         0x0000000008004b84        0x4 
 .text.ICM20948_readGyroscope_allAxises
                0x0000000008004b88      0x138 .pio/build/adafruit_feather_f405/src/i2c/i2c_acc.o
                0x0000000008004b88                ICM20948_readGyroscope_allAxises
 .text.output_gyro_cdc
                0x0000000008004cc0       0x34 .pio/build/adafruit_feather_f405/src/i2c/i2c_acc.o
                0x0000000008004cc0                output_gyro_cdc
 .text.HAL_I2C_MspInit
                0x0000000008004cf4      0x118 .pio/build/adafruit_feather_f405/src/i2c/i2c_init.o
                0x0000000008004cf4                HAL_I2C_MspInit
 .text.MX_I2C_Init
                0x0000000008004e0c       0x54 .pio/build/adafruit_feather_f405/src/i2c/i2c_init.o
                0x0000000008004e0c                MX_I2C_Init
 .text.HAL_SPI_RxCpltCallback
                0x0000000008004e60        0x4 .pio/build/adafruit_feather_f405/src/main.o
                0x0000000008004e60                HAL_SPI_RxCpltCallback
 .text.HAL_SPI_RxHalfCpltCallback
                0x0000000008004e64        0x4 .pio/build/adafruit_feather_f405/src/main.o
                0x0000000008004e64                HAL_SPI_RxHalfCpltCallback
 .text.HAL_SPI_ErrorCallback
                0x0000000008004e68        0xc .pio/build/adafruit_feather_f405/src/main.o
                0x0000000008004e68                HAL_SPI_ErrorCallback
 .text.Error_Handler
                0x0000000008004e74       0x18 .pio/build/adafruit_feather_f405/src/main.o
                0x0000000008004e74                Error_Handler
 .text.SystemClock_Config
                0x0000000008004e8c       0xa0 .pio/build/adafruit_feather_f405/src/main.o
                0x0000000008004e8c                SystemClock_Config
 .text.startup.main
                0x0000000008004f2c      0x23c .pio/build/adafruit_feather_f405/src/main.o
                0x0000000008004f2c                main
 .text.MX_SPI_Init
                0x0000000008005168       0x8c .pio/build/adafruit_feather_f405/src/mp34dt_spi.o
                0x0000000008005168                MX_SPI_Init
 .text.AUDIO_IN_Record
                0x00000000080051f4       0x2c .pio/build/adafruit_feather_f405/src/mp34dt_spi.o
                0x00000000080051f4                AUDIO_IN_Record
 .text.AUDIO_IN_TransferComplete_CallBack
                0x0000000008005220       0x20 .pio/build/adafruit_feather_f405/src/mp34dt_spi.o
                0x0000000008005220                AUDIO_IN_TransferComplete_CallBack
 .text.AUDIO_IN_HalfTransfer_CallBack
                0x0000000008005240       0x20 .pio/build/adafruit_feather_f405/src/mp34dt_spi.o
                0x0000000008005240                AUDIO_IN_HalfTransfer_CallBack
 .text.AUDIO_IN_Timer_Init
                0x0000000008005260      0x100 .pio/build/adafruit_feather_f405/src/mp34dt_spi.o
                0x0000000008005260                AUDIO_IN_Timer_Init
 .text.AUDIO_IN_Init
                0x0000000008005360      0x144 .pio/build/adafruit_feather_f405/src/mp34dt_spi.o
                0x0000000008005360                AUDIO_IN_Init
 .text.NMI_Handler
                0x00000000080054a4        0x2 .pio/build/adafruit_feather_f405/src/stm32f4xx_it.o
                0x00000000080054a4                NMI_Handler
 .text.HardFault_Handler
                0x00000000080054a6        0x2 .pio/build/adafruit_feather_f405/src/stm32f4xx_it.o
                0x00000000080054a6                HardFault_Handler
 .text.MemManage_Handler
                0x00000000080054a8        0x2 .pio/build/adafruit_feather_f405/src/stm32f4xx_it.o
                0x00000000080054a8                MemManage_Handler
 .text.BusFault_Handler
                0x00000000080054aa        0x2 .pio/build/adafruit_feather_f405/src/stm32f4xx_it.o
                0x00000000080054aa                BusFault_Handler
 .text.UsageFault_Handler
                0x00000000080054ac        0x2 .pio/build/adafruit_feather_f405/src/stm32f4xx_it.o
                0x00000000080054ac                UsageFault_Handler
 .text.SVC_Handler
                0x00000000080054ae        0x2 .pio/build/adafruit_feather_f405/src/stm32f4xx_it.o
                0x00000000080054ae                SVC_Handler
 .text.DebugMon_Handler
                0x00000000080054b0        0x2 .pio/build/adafruit_feather_f405/src/stm32f4xx_it.o
                0x00000000080054b0                DebugMon_Handler
 .text.PendSV_Handler
                0x00000000080054b2        0x2 .pio/build/adafruit_feather_f405/src/stm32f4xx_it.o
                0x00000000080054b2                PendSV_Handler
 .text.SysTick_Handler
                0x00000000080054b4        0xe .pio/build/adafruit_feather_f405/src/stm32f4xx_it.o
                0x00000000080054b4                SysTick_Handler
 *fill*         0x00000000080054c2        0x2 
 .text.OTG_FS_IRQHandler
                0x00000000080054c4        0xc .pio/build/adafruit_feather_f405/src/stm32f4xx_it.o
                0x00000000080054c4                OTG_FS_IRQHandler
 .text.MX_USB_DEVICE_Init
                0x00000000080054d0       0x50 .pio/build/adafruit_feather_f405/src/usb_device.o
                0x00000000080054d0                MX_USB_DEVICE_Init
 .text.CDC_DeInit_FS
                0x0000000008005520        0x4 .pio/build/adafruit_feather_f405/src/usbd_cdc_if.o
 .text.CDC_Control_FS
                0x0000000008005524        0x4 .pio/build/adafruit_feather_f405/src/usbd_cdc_if.o
 .text.CDC_TransmitCplt_FS
                0x0000000008005528        0x4 .pio/build/adafruit_feather_f405/src/usbd_cdc_if.o
 .text.CDC_Receive_FS
                0x000000000800552c       0x1c .pio/build/adafruit_feather_f405/src/usbd_cdc_if.o
 .text.CDC_Init_FS
                0x0000000008005548       0x28 .pio/build/adafruit_feather_f405/src/usbd_cdc_if.o
 .text.CDC_Transmit_FS
                0x0000000008005570       0x2c .pio/build/adafruit_feather_f405/src/usbd_cdc_if.o
                0x0000000008005570                CDC_Transmit_FS
 .text.PCD_ISOINIncompleteCallback
                0x000000000800559c        0x8 .pio/build/adafruit_feather_f405/src/usbd_conf.o
 .text.PCD_ISOOUTIncompleteCallback
                0x00000000080055a4        0x8 .pio/build/adafruit_feather_f405/src/usbd_conf.o
 .text.PCD_DataInStageCallback
                0x00000000080055ac       0x10 .pio/build/adafruit_feather_f405/src/usbd_conf.o
 .text.PCD_DataOutStageCallback
                0x00000000080055bc       0x12 .pio/build/adafruit_feather_f405/src/usbd_conf.o
 .text.PCD_DisconnectCallback
                0x00000000080055ce        0x8 .pio/build/adafruit_feather_f405/src/usbd_conf.o
 .text.PCD_ConnectCallback
                0x00000000080055d6        0x8 .pio/build/adafruit_feather_f405/src/usbd_conf.o
 .text.PCD_ResumeCallback
                0x00000000080055de        0x8 .pio/build/adafruit_feather_f405/src/usbd_conf.o
 .text.PCD_ResetCallback
                0x00000000080055e6       0x26 .pio/build/adafruit_feather_f405/src/usbd_conf.o
 .text.PCD_SetupStageCallback
                0x000000000800560c        0xc .pio/build/adafruit_feather_f405/src/usbd_conf.o
 .text.PCD_SOFCallback
                0x0000000008005618        0x8 .pio/build/adafruit_feather_f405/src/usbd_conf.o
 .text.PCD_SuspendCallback
                0x0000000008005620       0x30 .pio/build/adafruit_feather_f405/src/usbd_conf.o
 .text.HAL_PCD_MspInit
                0x0000000008005650       0x84 .pio/build/adafruit_feather_f405/src/usbd_conf.o
                0x0000000008005650                HAL_PCD_MspInit
 .text.USBD_LL_Init
                0x00000000080056d4       0xf0 .pio/build/adafruit_feather_f405/src/usbd_conf.o
                0x00000000080056d4                USBD_LL_Init
 .text.USBD_LL_Start
                0x00000000080057c4       0x1c .pio/build/adafruit_feather_f405/src/usbd_conf.o
                0x00000000080057c4                USBD_LL_Start
 .text.USBD_LL_OpenEP
                0x00000000080057e0       0x20 .pio/build/adafruit_feather_f405/src/usbd_conf.o
                0x00000000080057e0                USBD_LL_OpenEP
 .text.USBD_LL_CloseEP
                0x0000000008005800       0x1c .pio/build/adafruit_feather_f405/src/usbd_conf.o
                0x0000000008005800                USBD_LL_CloseEP
 .text.USBD_LL_StallEP
                0x000000000800581c       0x1c .pio/build/adafruit_feather_f405/src/usbd_conf.o
                0x000000000800581c                USBD_LL_StallEP
 .text.USBD_LL_ClearStallEP
                0x0000000008005838       0x1c .pio/build/adafruit_feather_f405/src/usbd_conf.o
                0x0000000008005838                USBD_LL_ClearStallEP
 .text.USBD_LL_IsStallEP
                0x0000000008005854       0x26 .pio/build/adafruit_feather_f405/src/usbd_conf.o
                0x0000000008005854                USBD_LL_IsStallEP
 *fill*         0x000000000800587a        0x2 
 .text.USBD_LL_SetUSBAddress
                0x000000000800587c       0x1c .pio/build/adafruit_feather_f405/src/usbd_conf.o
                0x000000000800587c                USBD_LL_SetUSBAddress
 .text.USBD_LL_Transmit
                0x0000000008005898       0x1c .pio/build/adafruit_feather_f405/src/usbd_conf.o
                0x0000000008005898                USBD_LL_Transmit
 .text.USBD_LL_PrepareReceive
                0x00000000080058b4       0x1c .pio/build/adafruit_feather_f405/src/usbd_conf.o
                0x00000000080058b4                USBD_LL_PrepareReceive
 .text.USBD_LL_GetRxDataSize
                0x00000000080058d0        0x8 .pio/build/adafruit_feather_f405/src/usbd_conf.o
                0x00000000080058d0                USBD_LL_GetRxDataSize
 .text.USBD_static_malloc
                0x00000000080058d8        0x8 .pio/build/adafruit_feather_f405/src/usbd_conf.o
                0x00000000080058d8                USBD_static_malloc
 .text.USBD_static_free
                0x00000000080058e0        0x2 .pio/build/adafruit_feather_f405/src/usbd_conf.o
                0x00000000080058e0                USBD_static_free
 *fill*         0x00000000080058e2        0x2 
 .text.USBD_FS_DeviceDescriptor
                0x00000000080058e4        0xc .pio/build/adafruit_feather_f405/src/usbd_desc.o
                0x00000000080058e4                USBD_FS_DeviceDescriptor
 .text.USBD_FS_LangIDStrDescriptor
                0x00000000080058f0        0xc .pio/build/adafruit_feather_f405/src/usbd_desc.o
                0x00000000080058f0                USBD_FS_LangIDStrDescriptor
 .text.IntToUnicode
                0x00000000080058fc       0x2a .pio/build/adafruit_feather_f405/src/usbd_desc.o
 *fill*         0x0000000008005926        0x2 
 .text.USBD_FS_SerialStrDescriptor
                0x0000000008005928       0x40 .pio/build/adafruit_feather_f405/src/usbd_desc.o
                0x0000000008005928                USBD_FS_SerialStrDescriptor
 .text.USBD_FS_ManufacturerStrDescriptor
                0x0000000008005968       0x1c .pio/build/adafruit_feather_f405/src/usbd_desc.o
                0x0000000008005968                USBD_FS_ManufacturerStrDescriptor
 .text.USBD_FS_ProductStrDescriptor
                0x0000000008005984       0x1c .pio/build/adafruit_feather_f405/src/usbd_desc.o
                0x0000000008005984                USBD_FS_ProductStrDescriptor
 .text.USBD_FS_ConfigStrDescriptor
                0x00000000080059a0       0x1c .pio/build/adafruit_feather_f405/src/usbd_desc.o
                0x00000000080059a0                USBD_FS_ConfigStrDescriptor
 .text.USBD_FS_InterfaceStrDescriptor
                0x00000000080059bc       0x1c .pio/build/adafruit_feather_f405/src/usbd_desc.o
                0x00000000080059bc                USBD_FS_InterfaceStrDescriptor
 .text.Wheel    0x00000000080059d8       0x42 .pio/build/adafruit_feather_f405/src/viseffect/visEffect.o
                0x00000000080059d8                Wheel
 *fill*         0x0000000008005a1a        0x2 
 .text.visRainbow
                0x0000000008005a1c       0x48 .pio/build/adafruit_feather_f405/src/viseffect/visEffect.o
                0x0000000008005a1c                visRainbow
 .text.visDots  0x0000000008005a64       0x7e .pio/build/adafruit_feather_f405/src/viseffect/visEffect.o
                0x0000000008005a64                visDots
 *fill*         0x0000000008005ae2        0x2 
 .text.visHandle2
                0x0000000008005ae4       0x40 .pio/build/adafruit_feather_f405/src/viseffect/visEffect.o
                0x0000000008005ae4                visHandle2
 .text.visInit  0x0000000008005b24       0x3c .pio/build/adafruit_feather_f405/src/viseffect/visEffect.o
                0x0000000008005b24                visInit
 .text.visHandle
                0x0000000008005b60       0x24 .pio/build/adafruit_feather_f405/src/viseffect/visEffect.o
                0x0000000008005b60                visHandle
 .text.DMA_TransferError
                0x0000000008005b84       0x10 .pio/build/adafruit_feather_f405/src/ws2812b/src/ws2812b.o
                0x0000000008005b84                DMA_TransferError
 .text.ws2812b_set_pixel
                0x0000000008005b94       0xbc .pio/build/adafruit_feather_f405/src/ws2812b/src/ws2812b.o
 .text.loadNextFramebufferData
                0x0000000008005c50       0x30 .pio/build/adafruit_feather_f405/src/ws2812b/src/ws2812b.o
 .text.DMA_TransferCompleteHandler
                0x0000000008005c80       0xec .pio/build/adafruit_feather_f405/src/ws2812b/src/ws2812b.o
                0x0000000008005c80                DMA_TransferCompleteHandler
 .text.DMA_TransferHalfHandler
                0x0000000008005d6c       0x50 .pio/build/adafruit_feather_f405/src/ws2812b/src/ws2812b.o
                0x0000000008005d6c                DMA_TransferHalfHandler
 .text.DMA2_Stream2_IRQHandler
                0x0000000008005dbc       0x20 .pio/build/adafruit_feather_f405/src/ws2812b/src/ws2812b.o
                0x0000000008005dbc                DMA2_Stream2_IRQHandler
 .text.TIM1_UP_TIM10_IRQHandler
                0x0000000008005ddc       0x20 .pio/build/adafruit_feather_f405/src/ws2812b/src/ws2812b.o
                0x0000000008005ddc                TIM1_UP_TIM10_IRQHandler
 .text.HAL_TIM_PeriodElapsedCallback
                0x0000000008005dfc       0x3c .pio/build/adafruit_feather_f405/src/ws2812b/src/ws2812b.o
                0x0000000008005dfc                HAL_TIM_PeriodElapsedCallback
 .text.ws2812b_init
                0x0000000008005e38      0x2a8 .pio/build/adafruit_feather_f405/src/ws2812b/src/ws2812b.o
                0x0000000008005e38                ws2812b_init
 .text.ws2812b_handle
                0x00000000080060e0      0x148 .pio/build/adafruit_feather_f405/src/ws2812b/src/ws2812b.o
                0x00000000080060e0                ws2812b_handle
 .text.USBD_Init
                0x0000000008006228       0x26 .pio/build/adafruit_feather_f405/lib9d2/libCore.a(usbd_core.o)
                0x0000000008006228                USBD_Init
 .text.USBD_RegisterClass
                0x000000000800624e       0x2c .pio/build/adafruit_feather_f405/lib9d2/libCore.a(usbd_core.o)
                0x000000000800624e                USBD_RegisterClass
 .text.USBD_Start
                0x000000000800627a        0x4 .pio/build/adafruit_feather_f405/lib9d2/libCore.a(usbd_core.o)
                0x000000000800627a                USBD_Start
 .text.USBD_SetClassConfig
                0x000000000800627e        0xe .pio/build/adafruit_feather_f405/lib9d2/libCore.a(usbd_core.o)
                0x000000000800627e                USBD_SetClassConfig
 .text.USBD_ClrClassConfig
                0x000000000800628c       0x10 .pio/build/adafruit_feather_f405/lib9d2/libCore.a(usbd_core.o)
                0x000000000800628c                USBD_ClrClassConfig
 .text.USBD_LL_SetupStage
                0x000000000800629c       0x60 .pio/build/adafruit_feather_f405/lib9d2/libCore.a(usbd_core.o)
                0x000000000800629c                USBD_LL_SetupStage
 .text.USBD_LL_DataOutStage
                0x00000000080062fc       0x64 .pio/build/adafruit_feather_f405/lib9d2/libCore.a(usbd_core.o)
                0x00000000080062fc                USBD_LL_DataOutStage
 .text.USBD_LL_DataInStage
                0x0000000008006360       0x9a .pio/build/adafruit_feather_f405/lib9d2/libCore.a(usbd_core.o)
                0x0000000008006360                USBD_LL_DataInStage
 .text.USBD_LL_Reset
                0x00000000080063fa       0x58 .pio/build/adafruit_feather_f405/lib9d2/libCore.a(usbd_core.o)
                0x00000000080063fa                USBD_LL_Reset
 .text.USBD_LL_SetSpeed
                0x0000000008006452        0x6 .pio/build/adafruit_feather_f405/lib9d2/libCore.a(usbd_core.o)
                0x0000000008006452                USBD_LL_SetSpeed
 .text.USBD_LL_Suspend
                0x0000000008006458       0x14 .pio/build/adafruit_feather_f405/lib9d2/libCore.a(usbd_core.o)
                0x0000000008006458                USBD_LL_Suspend
 .text.USBD_LL_Resume
                0x000000000800646c       0x16 .pio/build/adafruit_feather_f405/lib9d2/libCore.a(usbd_core.o)
                0x000000000800646c                USBD_LL_Resume
 .text.USBD_LL_SOF
                0x0000000008006482       0x22 .pio/build/adafruit_feather_f405/lib9d2/libCore.a(usbd_core.o)
                0x0000000008006482                USBD_LL_SOF
 .text.USBD_LL_IsoINIncomplete
                0x00000000080064a4       0x22 .pio/build/adafruit_feather_f405/lib9d2/libCore.a(usbd_core.o)
                0x00000000080064a4                USBD_LL_IsoINIncomplete
 .text.USBD_LL_IsoOUTIncomplete
                0x00000000080064c6       0x22 .pio/build/adafruit_feather_f405/lib9d2/libCore.a(usbd_core.o)
                0x00000000080064c6                USBD_LL_IsoOUTIncomplete
 .text.USBD_LL_DevConnected
                0x00000000080064e8        0x4 .pio/build/adafruit_feather_f405/lib9d2/libCore.a(usbd_core.o)
                0x00000000080064e8                USBD_LL_DevConnected
 .text.USBD_LL_DevDisconnected
                0x00000000080064ec       0x18 .pio/build/adafruit_feather_f405/lib9d2/libCore.a(usbd_core.o)
                0x00000000080064ec                USBD_LL_DevDisconnected
 .text.USBD_CtlError.constprop.1
                0x0000000008006504       0x16 .pio/build/adafruit_feather_f405/lib9d2/libCore.a(usbd_ctlreq.o)
 *fill*         0x000000000800651a        0x2 
 .text.USBD_StdDevReq
                0x000000000800651c      0x288 .pio/build/adafruit_feather_f405/lib9d2/libCore.a(usbd_ctlreq.o)
                0x000000000800651c                USBD_StdDevReq
 .text.USBD_StdItfReq
                0x00000000080067a4       0x4e .pio/build/adafruit_feather_f405/lib9d2/libCore.a(usbd_ctlreq.o)
                0x00000000080067a4                USBD_StdItfReq
 .text.USBD_StdEPReq
                0x00000000080067f2      0x11a .pio/build/adafruit_feather_f405/lib9d2/libCore.a(usbd_ctlreq.o)
                0x00000000080067f2                USBD_StdEPReq
 .text.USBD_ParseSetupRequest
                0x000000000800690c       0x28 .pio/build/adafruit_feather_f405/lib9d2/libCore.a(usbd_ctlreq.o)
                0x000000000800690c                USBD_ParseSetupRequest
 .text.USBD_CtlError
                0x0000000008006934       0x16 .pio/build/adafruit_feather_f405/lib9d2/libCore.a(usbd_ctlreq.o)
                0x0000000008006934                USBD_CtlError
 .text.USBD_GetString
                0x000000000800694a       0x38 .pio/build/adafruit_feather_f405/lib9d2/libCore.a(usbd_ctlreq.o)
                0x000000000800694a                USBD_GetString
 .text.USBD_CtlSendData
                0x0000000008006982       0x1a .pio/build/adafruit_feather_f405/lib9d2/libCore.a(usbd_ioreq.o)
                0x0000000008006982                USBD_CtlSendData
 .text.USBD_CtlContinueSendData
                0x000000000800699c       0x10 .pio/build/adafruit_feather_f405/lib9d2/libCore.a(usbd_ioreq.o)
                0x000000000800699c                USBD_CtlContinueSendData
 .text.USBD_CtlPrepareRx
                0x00000000080069ac       0x1e .pio/build/adafruit_feather_f405/lib9d2/libCore.a(usbd_ioreq.o)
                0x00000000080069ac                USBD_CtlPrepareRx
 .text.USBD_CtlContinueRx
                0x00000000080069ca       0x10 .pio/build/adafruit_feather_f405/lib9d2/libCore.a(usbd_ioreq.o)
                0x00000000080069ca                USBD_CtlContinueRx
 .text.USBD_CtlSendStatus
                0x00000000080069da       0x16 .pio/build/adafruit_feather_f405/lib9d2/libCore.a(usbd_ioreq.o)
                0x00000000080069da                USBD_CtlSendStatus
 .text.USBD_CtlReceiveStatus
                0x00000000080069f0       0x16 .pio/build/adafruit_feather_f405/lib9d2/libCore.a(usbd_ioreq.o)
                0x00000000080069f0                USBD_CtlReceiveStatus
 .text.USBD_CDC_EP0_RxReady
                0x0000000008006a06       0x2e .pio/build/adafruit_feather_f405/lib5fe/libCDC.a(usbd_cdc.o)
 .text.USBD_CDC_GetFSCfgDesc
                0x0000000008006a34        0xc .pio/build/adafruit_feather_f405/lib5fe/libCDC.a(usbd_cdc.o)
 .text.USBD_CDC_GetHSCfgDesc
                0x0000000008006a40        0xc .pio/build/adafruit_feather_f405/lib5fe/libCDC.a(usbd_cdc.o)
 .text.USBD_CDC_GetOtherSpeedCfgDesc
                0x0000000008006a4c        0xc .pio/build/adafruit_feather_f405/lib5fe/libCDC.a(usbd_cdc.o)
 .text.USBD_CDC_GetDeviceQualifierDescriptor
                0x0000000008006a58        0xc .pio/build/adafruit_feather_f405/lib5fe/libCDC.a(usbd_cdc.o)
                0x0000000008006a58                USBD_CDC_GetDeviceQualifierDescriptor
 .text.USBD_CDC_DataOut
                0x0000000008006a64       0x2a .pio/build/adafruit_feather_f405/lib5fe/libCDC.a(usbd_cdc.o)
 .text.USBD_CDC_DataIn
                0x0000000008006a8e       0x60 .pio/build/adafruit_feather_f405/lib5fe/libCDC.a(usbd_cdc.o)
 *fill*         0x0000000008006aee        0x2 
 .text.USBD_CDC_Setup
                0x0000000008006af0       0xec .pio/build/adafruit_feather_f405/lib5fe/libCDC.a(usbd_cdc.o)
 .text.USBD_CDC_DeInit
                0x0000000008006bdc       0x42 .pio/build/adafruit_feather_f405/lib5fe/libCDC.a(usbd_cdc.o)
 .text.USBD_CDC_Init
                0x0000000008006c1e       0xb2 .pio/build/adafruit_feather_f405/lib5fe/libCDC.a(usbd_cdc.o)
 .text.USBD_CDC_RegisterInterface
                0x0000000008006cd0        0xe .pio/build/adafruit_feather_f405/lib5fe/libCDC.a(usbd_cdc.o)
                0x0000000008006cd0                USBD_CDC_RegisterInterface
 .text.USBD_CDC_SetTxBuffer
                0x0000000008006cde       0x16 .pio/build/adafruit_feather_f405/lib5fe/libCDC.a(usbd_cdc.o)
                0x0000000008006cde                USBD_CDC_SetTxBuffer
 .text.USBD_CDC_SetRxBuffer
                0x0000000008006cf4       0x12 .pio/build/adafruit_feather_f405/lib5fe/libCDC.a(usbd_cdc.o)
                0x0000000008006cf4                USBD_CDC_SetRxBuffer
 .text.USBD_CDC_TransmitPacket
                0x0000000008006d06       0x30 .pio/build/adafruit_feather_f405/lib5fe/libCDC.a(usbd_cdc.o)
                0x0000000008006d06                USBD_CDC_TransmitPacket
 .text.USBD_CDC_ReceivePacket
                0x0000000008006d36       0x26 .pio/build/adafruit_feather_f405/lib5fe/libCDC.a(usbd_cdc.o)
                0x0000000008006d36                USBD_CDC_ReceivePacket
 .text.arm_rfft_32_fast_init_f32
                0x0000000008006d5c       0x24 opt/libarm_cortexM4lf_math.a(arm_rfft_fast_init_f32.o)
 .text.arm_rfft_64_fast_init_f32
                0x0000000008006d80       0x24 opt/libarm_cortexM4lf_math.a(arm_rfft_fast_init_f32.o)
 .text.arm_rfft_128_fast_init_f32
                0x0000000008006da4       0x24 opt/libarm_cortexM4lf_math.a(arm_rfft_fast_init_f32.o)
 .text.arm_rfft_256_fast_init_f32
                0x0000000008006dc8       0x24 opt/libarm_cortexM4lf_math.a(arm_rfft_fast_init_f32.o)
 .text.arm_rfft_512_fast_init_f32
                0x0000000008006dec       0x28 opt/libarm_cortexM4lf_math.a(arm_rfft_fast_init_f32.o)
 .text.arm_rfft_1024_fast_init_f32
                0x0000000008006e14       0x28 opt/libarm_cortexM4lf_math.a(arm_rfft_fast_init_f32.o)
 .text.arm_rfft_2048_fast_init_f32
                0x0000000008006e3c       0x28 opt/libarm_cortexM4lf_math.a(arm_rfft_fast_init_f32.o)
 .text.arm_rfft_4096_fast_init_f32
                0x0000000008006e64       0x28 opt/libarm_cortexM4lf_math.a(arm_rfft_fast_init_f32.o)
 .text.arm_rfft_fast_init_f32
                0x0000000008006e8c       0x74 opt/libarm_cortexM4lf_math.a(arm_rfft_fast_init_f32.o)
                0x0000000008006e8c                arm_rfft_fast_init_f32
 .text.stage_rfft_f32
                0x0000000008006f00       0xb4 opt/libarm_cortexM4lf_math.a(arm_rfft_fast_f32.o)
                0x0000000008006f00                stage_rfft_f32
 .text.merge_rfft_f32
                0x0000000008006fb4       0xac opt/libarm_cortexM4lf_math.a(arm_rfft_fast_f32.o)
                0x0000000008006fb4                merge_rfft_f32
 .text.arm_rfft_fast_f32
                0x0000000008007060       0x38 opt/libarm_cortexM4lf_math.a(arm_rfft_fast_f32.o)
                0x0000000008007060                arm_rfft_fast_f32
 .text.arm_cfft_radix8by2_f32
                0x0000000008007098      0x1a4 opt/libarm_cortexM4lf_math.a(arm_cfft_f32.o)
                0x0000000008007098                arm_cfft_radix8by2_f32
 .text.arm_cfft_radix8by4_f32
                0x000000000800723c      0x4ac opt/libarm_cortexM4lf_math.a(arm_cfft_f32.o)
                0x000000000800723c                arm_cfft_radix8by4_f32
 .text.arm_cfft_f32
                0x00000000080076e8       0xf0 opt/libarm_cortexM4lf_math.a(arm_cfft_f32.o)
                0x00000000080076e8                arm_cfft_f32
 .text.arm_bitreversal_32
                0x00000000080077d8       0x40 opt/libarm_cortexM4lf_math.a(arm_bitreversal2.o)
                0x00000000080077d8                arm_bitreversal_32
 .text.arm_cmplx_mag_f32
                0x0000000008007818      0x248 opt/libarm_cortexM4lf_math.a(arm_cmplx_mag_f32.o)
                0x0000000008007818                arm_cmplx_mag_f32
 .text.arm_cfft_init_f32
                0x0000000008007a60       0xa4 opt/libarm_cortexM4lf_math.a(arm_cfft_init_f32.o)
                0x0000000008007a60                arm_cfft_init_f32
 .text.arm_radix8_butterfly_f32
                0x0000000008007b04      0x598 opt/libarm_cortexM4lf_math.a(arm_cfft_radix8_f32.o)
                0x0000000008007b04                arm_radix8_butterfly_f32
 .text.PDM_Filter_Init
                0x000000000800809c      0x114 opt/libPDMFilter.a(pdm_filter.o)
                0x000000000800809c                PDM_Filter_Init
 .text.CRC_Lock
                0x00000000080081b0       0x7c opt/libPDMFilter.a(stm32_crc_lock.o)
                0x00000000080081b0                CRC_Lock
 .text.__libc_init_array
                0x000000000800822c       0x48 /Users/oliverfoster/.platformio/packages/toolchain-gccarmnoneeabi@1.70201.0/bin/../lib/gcc/arm-none-eabi/7.2.1/../../../../arm-none-eabi/lib/thumb/v7e-m/fpv4-sp/hard/libc_nano.a(lib_a-init.o)
                0x000000000800822c                __libc_init_array
 .text.memset   0x0000000008008274       0x10 /Users/oliverfoster/.platformio/packages/toolchain-gccarmnoneeabi@1.70201.0/bin/../lib/gcc/arm-none-eabi/7.2.1/../../../../arm-none-eabi/lib/thumb/v7e-m/fpv4-sp/hard/libc_nano.a(lib_a-memset.o)
                0x0000000008008274                memset
 .text.rand     0x0000000008008284       0x68 /Users/oliverfoster/.platformio/packages/toolchain-gccarmnoneeabi@1.70201.0/bin/../lib/gcc/arm-none-eabi/7.2.1/../../../../arm-none-eabi/lib/thumb/v7e-m/fpv4-sp/hard/libc_nano.a(lib_a-rand.o)
                0x0000000008008284                rand
 .text.sprintf  0x00000000080082ec       0x40 /Users/oliverfoster/.platformio/packages/toolchain-gccarmnoneeabi@1.70201.0/bin/../lib/gcc/arm-none-eabi/7.2.1/../../../../arm-none-eabi/lib/thumb/v7e-m/fpv4-sp/hard/libc_nano.a(lib_a-sprintf.o)
                0x00000000080082ec                sprintf
                0x00000000080082ec                siprintf
 .text.malloc   0x000000000800832c       0x10 /Users/oliverfoster/.platformio/packages/toolchain-gccarmnoneeabi@1.70201.0/bin/../lib/gcc/arm-none-eabi/7.2.1/../../../../arm-none-eabi/lib/thumb/v7e-m/fpv4-sp/hard/libc_nano.a(lib_a-malloc.o)
                0x000000000800832c                malloc
 .text._free_r  0x000000000800833c       0x9c /Users/oliverfoster/.platformio/packages/toolchain-gccarmnoneeabi@1.70201.0/bin/../lib/gcc/arm-none-eabi/7.2.1/../../../../arm-none-eabi/lib/thumb/v7e-m/fpv4-sp/hard/libc_nano.a(lib_a-nano-freer.o)
                0x000000000800833c                _free_r
 .text._malloc_r
                0x00000000080083d8       0xb4 /Users/oliverfoster/.platformio/packages/toolchain-gccarmnoneeabi@1.70201.0/bin/../lib/gcc/arm-none-eabi/7.2.1/../../../../arm-none-eabi/lib/thumb/v7e-m/fpv4-sp/hard/libc_nano.a(lib_a-nano-mallocr.o)
                0x00000000080083d8                _malloc_r
 .text.__ssputs_r
                0x000000000800848c       0xb4 /Users/oliverfoster/.platformio/packages/toolchain-gccarmnoneeabi@1.70201.0/bin/../lib/gcc/arm-none-eabi/7.2.1/../../../../arm-none-eabi/lib/thumb/v7e-m/fpv4-sp/hard/libc_nano.a(lib_a-nano-svfprintf.o)
                0x000000000800848c                __ssputs_r
 .text._svfprintf_r
                0x0000000008008540      0x1ec /Users/oliverfoster/.platformio/packages/toolchain-gccarmnoneeabi@1.70201.0/bin/../lib/gcc/arm-none-eabi/7.2.1/../../../../arm-none-eabi/lib/thumb/v7e-m/fpv4-sp/hard/libc_nano.a(lib_a-nano-svfprintf.o)
                0x0000000008008540                _svfprintf_r
                0x0000000008008540                _svfiprintf_r
 .text._printf_common
                0x000000000800872c       0xea /Users/oliverfoster/.platformio/packages/toolchain-gccarmnoneeabi@1.70201.0/bin/../lib/gcc/arm-none-eabi/7.2.1/../../../../arm-none-eabi/lib/thumb/v7e-m/fpv4-sp/hard/libc_nano.a(lib_a-nano-vfprintf_i.o)
                0x000000000800872c                _printf_common
 *fill*         0x0000000008008816        0x2 
 .text._printf_i
                0x0000000008008818      0x224 /Users/oliverfoster/.platformio/packages/toolchain-gccarmnoneeabi@1.70201.0/bin/../lib/gcc/arm-none-eabi/7.2.1/../../../../arm-none-eabi/lib/thumb/v7e-m/fpv4-sp/hard/libc_nano.a(lib_a-nano-vfprintf_i.o)
                0x0000000008008818                _printf_i
 .text._sbrk_r  0x0000000008008a3c       0x20 /Users/oliverfoster/.platformio/packages/toolchain-gccarmnoneeabi@1.70201.0/bin/../lib/gcc/arm-none-eabi/7.2.1/../../../../arm-none-eabi/lib/thumb/v7e-m/fpv4-sp/hard/libc_nano.a(lib_a-sbrkr.o)
                0x0000000008008a3c                _sbrk_r
 .text.memcpy   0x0000000008008a5c       0x16 /Users/oliverfoster/.platformio/packages/toolchain-gccarmnoneeabi@1.70201.0/bin/../lib/gcc/arm-none-eabi/7.2.1/../../../../arm-none-eabi/lib/thumb/v7e-m/fpv4-sp/hard/libc_nano.a(lib_a-memcpy-stub.o)
                0x0000000008008a5c                memcpy
 .text.memmove  0x0000000008008a72       0x32 /Users/oliverfoster/.platformio/packages/toolchain-gccarmnoneeabi@1.70201.0/bin/../lib/gcc/arm-none-eabi/7.2.1/../../../../arm-none-eabi/lib/thumb/v7e-m/fpv4-sp/hard/libc_nano.a(lib_a-memmove.o)
                0x0000000008008a72                memmove
 .text.__malloc_lock
                0x0000000008008aa4        0x2 /Users/oliverfoster/.platformio/packages/toolchain-gccarmnoneeabi@1.70201.0/bin/../lib/gcc/arm-none-eabi/7.2.1/../../../../arm-none-eabi/lib/thumb/v7e-m/fpv4-sp/hard/libc_nano.a(lib_a-mlock.o)
                0x0000000008008aa4                __malloc_lock
 .text.__malloc_unlock
                0x0000000008008aa6        0x2 /Users/oliverfoster/.platformio/packages/toolchain-gccarmnoneeabi@1.70201.0/bin/../lib/gcc/arm-none-eabi/7.2.1/../../../../arm-none-eabi/lib/thumb/v7e-m/fpv4-sp/hard/libc_nano.a(lib_a-mlock.o)
                0x0000000008008aa6                __malloc_unlock
 .text._realloc_r
                0x0000000008008aa8       0x4c /Users/oliverfoster/.platformio/packages/toolchain-gccarmnoneeabi@1.70201.0/bin/../lib/gcc/arm-none-eabi/7.2.1/../../../../arm-none-eabi/lib/thumb/v7e-m/fpv4-sp/hard/libc_nano.a(lib_a-nano-reallocr.o)
                0x0000000008008aa8                _realloc_r
 .text._malloc_usable_size_r
                0x0000000008008af4       0x10 /Users/oliverfoster/.platformio/packages/toolchain-gccarmnoneeabi@1.70201.0/bin/../lib/gcc/arm-none-eabi/7.2.1/../../../../arm-none-eabi/lib/thumb/v7e-m/fpv4-sp/hard/libc_nano.a(lib_a-nano-msizer.o)
                0x0000000008008af4                _malloc_usable_size_r
 .text.sqrtf    0x0000000008008b04       0xac /Users/oliverfoster/.platformio/packages/toolchain-gccarmnoneeabi@1.70201.0/bin/../lib/gcc/arm-none-eabi/7.2.1/../../../../arm-none-eabi/lib/thumb/v7e-m/fpv4-sp/hard/libm.a(lib_a-wf_sqrt.o)
                0x0000000008008b04                sqrtf
 .text.__ieee754_sqrtf
                0x0000000008008bb0        0x8 /Users/oliverfoster/.platformio/packages/toolchain-gccarmnoneeabi@1.70201.0/bin/../lib/gcc/arm-none-eabi/7.2.1/../../../../arm-none-eabi/lib/thumb/v7e-m/fpv4-sp/hard/libm.a(lib_a-ef_sqrt.o)
                0x0000000008008bb0                __ieee754_sqrtf
 .text.matherr  0x0000000008008bb8        0x4 /Users/oliverfoster/.platformio/packages/toolchain-gccarmnoneeabi@1.70201.0/bin/../lib/gcc/arm-none-eabi/7.2.1/../../../../arm-none-eabi/lib/thumb/v7e-m/fpv4-sp/hard/libm.a(lib_a-s_matherr.o)
                0x0000000008008bb8                matherr
 .text._sbrk    0x0000000008008bbc       0x1c /Users/oliverfoster/.platformio/packages/toolchain-gccarmnoneeabi@1.70201.0/bin/../lib/gcc/arm-none-eabi/7.2.1/../../../../arm-none-eabi/lib/thumb/v7e-m/fpv4-sp/hard/libnosys.a(sbrk.o)
                0x0000000008008bbc                _sbrk
 .text.Reset_Handler
                0x0000000008008bd8       0x50 .pio/build/adafruit_feather_f405/libFrameworkCMSISDevice.a(startup_stm32f405xx.o)
                0x0000000008008bd8                Reset_Handler
 .text.Default_Handler
                0x0000000008008c28        0x2 .pio/build/adafruit_feather_f405/libFrameworkCMSISDevice.a(startup_stm32f405xx.o)
                0x0000000008008c28                DMA1_Stream3_IRQHandler
                0x0000000008008c28                HASH_RNG_IRQHandler
                0x0000000008008c28                EXTI2_IRQHandler
                0x0000000008008c28                TIM8_CC_IRQHandler
                0x0000000008008c28                TIM1_CC_IRQHandler
                0x0000000008008c28                DMA2_Stream5_IRQHandler
                0x0000000008008c28                DMA1_Stream5_IRQHandler
                0x0000000008008c28                PVD_IRQHandler
                0x0000000008008c28                SDIO_IRQHandler
                0x0000000008008c28                TAMP_STAMP_IRQHandler
                0x0000000008008c28                CAN2_RX1_IRQHandler
                0x0000000008008c28                EXTI3_IRQHandler
                0x0000000008008c28                TIM8_TRG_COM_TIM14_IRQHandler
                0x0000000008008c28                TIM8_UP_TIM13_IRQHandler
                0x0000000008008c28                I2C3_ER_IRQHandler
                0x0000000008008c28                EXTI0_IRQHandler
                0x0000000008008c28                I2C2_EV_IRQHandler
                0x0000000008008c28                DMA1_Stream2_IRQHandler
                0x0000000008008c28                CAN1_RX0_IRQHandler
                0x0000000008008c28                FPU_IRQHandler
                0x0000000008008c28                OTG_HS_WKUP_IRQHandler
                0x0000000008008c28                CAN2_SCE_IRQHandler
                0x0000000008008c28                SPI1_IRQHandler
                0x0000000008008c28                TIM6_DAC_IRQHandler
                0x0000000008008c28                TIM1_BRK_TIM9_IRQHandler
                0x0000000008008c28                CAN2_RX0_IRQHandler
                0x0000000008008c28                DMA2_Stream3_IRQHandler
                0x0000000008008c28                USART6_IRQHandler
                0x0000000008008c28                USART3_IRQHandler
                0x0000000008008c28                CAN1_RX1_IRQHandler
                0x0000000008008c28                UART5_IRQHandler
                0x0000000008008c28                DMA2_Stream0_IRQHandler
                0x0000000008008c28                TIM4_IRQHandler
                0x0000000008008c28                I2C1_EV_IRQHandler
                0x0000000008008c28                DMA1_Stream6_IRQHandler
                0x0000000008008c28                DMA1_Stream1_IRQHandler
                0x0000000008008c28                UART4_IRQHandler
                0x0000000008008c28                TIM3_IRQHandler
                0x0000000008008c28                RCC_IRQHandler
                0x0000000008008c28                TIM8_BRK_TIM12_IRQHandler
                0x0000000008008c28                Default_Handler
                0x0000000008008c28                EXTI15_10_IRQHandler
                0x0000000008008c28                ADC_IRQHandler
                0x0000000008008c28                DMA1_Stream7_IRQHandler
                0x0000000008008c28                TIM7_IRQHandler
                0x0000000008008c28                CAN2_TX_IRQHandler
                0x0000000008008c28                TIM5_IRQHandler
                0x0000000008008c28                DMA2_Stream7_IRQHandler
                0x0000000008008c28                I2C3_EV_IRQHandler
                0x0000000008008c28                EXTI9_5_IRQHandler
                0x0000000008008c28                RTC_WKUP_IRQHandler
                0x0000000008008c28                SPI2_IRQHandler
                0x0000000008008c28                OTG_HS_EP1_IN_IRQHandler
                0x0000000008008c28                DMA1_Stream0_IRQHandler
                0x0000000008008c28                CAN1_TX_IRQHandler
                0x0000000008008c28                EXTI4_IRQHandler
                0x0000000008008c28                FSMC_IRQHandler
                0x0000000008008c28                OTG_HS_EP1_OUT_IRQHandler
                0x0000000008008c28                WWDG_IRQHandler
                0x0000000008008c28                TIM2_IRQHandler
                0x0000000008008c28                OTG_FS_WKUP_IRQHandler
                0x0000000008008c28                TIM1_TRG_COM_TIM11_IRQHandler
                0x0000000008008c28                OTG_HS_IRQHandler
                0x0000000008008c28                EXTI1_IRQHandler
                0x0000000008008c28                USART2_IRQHandler
                0x0000000008008c28                I2C2_ER_IRQHandler
                0x0000000008008c28                DMA2_Stream1_IRQHandler
                0x0000000008008c28                CAN1_SCE_IRQHandler
                0x0000000008008c28                FLASH_IRQHandler
                0x0000000008008c28                DMA2_Stream4_IRQHandler
                0x0000000008008c28                USART1_IRQHandler
                0x0000000008008c28                SPI3_IRQHandler
                0x0000000008008c28                DMA1_Stream4_IRQHandler
                0x0000000008008c28                I2C1_ER_IRQHandler
                0x0000000008008c28                DMA2_Stream6_IRQHandler
                0x0000000008008c28                RTC_Alarm_IRQHandler
 *fill*         0x0000000008008c2a        0x2 
 .text.SystemInit
                0x0000000008008c2c       0x14 .pio/build/adafruit_feather_f405/libFrameworkCMSISDevice.a(system_stm32f4xx.o)
                0x0000000008008c2c                SystemInit
 .text.__errno  0x0000000008008c40        0xc /Users/oliverfoster/.platformio/packages/toolchain-gccarmnoneeabi@1.70201.0/bin/../lib/gcc/arm-none-eabi/7.2.1/../../../../arm-none-eabi/lib/thumb/v7e-m/fpv4-sp/hard/libc_nano.a(lib_a-errno.o)
                0x0000000008008c40                __errno
 *(.glue_7)
 .glue_7        0x0000000008008c4c        0x0 linker stubs
 *(.glue_7t)
 .glue_7t       0x0000000008008c4c        0x0 linker stubs
 *(.eh_frame)
 .eh_frame      0x0000000008008c4c        0x0 /Users/oliverfoster/.platformio/packages/toolchain-gccarmnoneeabi@1.70201.0/bin/../lib/gcc/arm-none-eabi/7.2.1/thumb/v7e-m/fpv4-sp/hard/crtbegin.o
 *(.init)
 .init          0x0000000008008c4c        0x4 /Users/oliverfoster/.platformio/packages/toolchain-gccarmnoneeabi@1.70201.0/bin/../lib/gcc/arm-none-eabi/7.2.1/thumb/v7e-m/fpv4-sp/hard/crti.o
                0x0000000008008c4c                _init
 .init          0x0000000008008c50        0x8 /Users/oliverfoster/.platformio/packages/toolchain-gccarmnoneeabi@1.70201.0/bin/../lib/gcc/arm-none-eabi/7.2.1/thumb/v7e-m/fpv4-sp/hard/crtn.o
 *(.fini)
 .fini          0x0000000008008c58        0x4 /Users/oliverfoster/.platformio/packages/toolchain-gccarmnoneeabi@1.70201.0/bin/../lib/gcc/arm-none-eabi/7.2.1/thumb/v7e-m/fpv4-sp/hard/crti.o
                0x0000000008008c58                _fini
 .fini          0x0000000008008c5c        0x8 /Users/oliverfoster/.platformio/packages/toolchain-gccarmnoneeabi@1.70201.0/bin/../lib/gcc/arm-none-eabi/7.2.1/thumb/v7e-m/fpv4-sp/hard/crtn.o
                0x0000000008008c64                . = ALIGN (0x4)
                0x0000000008008c64                _etext = .

.vfp11_veneer   0x0000000008008c64        0x0
 .vfp11_veneer  0x0000000008008c64        0x0 linker stubs

.v4_bx          0x0000000008008c64        0x0
 .v4_bx         0x0000000008008c64        0x0 linker stubs

.iplt           0x0000000008008c64        0x0
 .iplt          0x0000000008008c64        0x0 /Users/oliverfoster/.platformio/packages/toolchain-gccarmnoneeabi@1.70201.0/bin/../lib/gcc/arm-none-eabi/7.2.1/thumb/v7e-m/fpv4-sp/hard/crtbegin.o

.rodata         0x0000000008008c64    0x1d71c
                0x0000000008008c64                . = ALIGN (0x4)
 *(.rodata)
 *(.rodata*)
 .rodata.flagBitshiftOffset.11717
                0x0000000008008c64        0x8 .pio/build/adafruit_feather_f405/FrameworkHALDriver/Src/stm32f4xx_hal_dma.o
 .rodata.output_gyro_cdc.str1.1
                0x0000000008008c6c        0xa .pio/build/adafruit_feather_f405/src/i2c/i2c_acc.o
 .rodata.str_hal_error
                0x0000000008008c76        0xb .pio/build/adafruit_feather_f405/src/i2c/i2c_acc.o
 .rodata.str_hal_ok
                0x0000000008008c81        0x8 .pio/build/adafruit_feather_f405/src/i2c/i2c_acc.o
 .rodata.str_arm_argument_error
                0x0000000008008c89       0x19 .pio/build/adafruit_feather_f405/src/main.o
 .rodata.str_arm_length_error
                0x0000000008008ca2       0x17 .pio/build/adafruit_feather_f405/src/main.o
 .rodata.str_arm_naninf
                0x0000000008008cb9       0x11 .pio/build/adafruit_feather_f405/src/main.o
 .rodata.str_arm_singular
                0x0000000008008cca       0x13 .pio/build/adafruit_feather_f405/src/main.o
 .rodata.str_arm_size_mismatch
                0x0000000008008cdd       0x18 .pio/build/adafruit_feather_f405/src/main.o
 .rodata.str_arm_success
                0x0000000008008cf5       0x12 .pio/build/adafruit_feather_f405/src/main.o
 .rodata.str_arm_test_failure
                0x0000000008008d07       0x17 .pio/build/adafruit_feather_f405/src/main.o
 .rodata.str_full_transfer
                0x0000000008008d1e        0xf .pio/build/adafruit_feather_f405/src/main.o
 .rodata.str_hal_error
                0x0000000008008d2d        0xb .pio/build/adafruit_feather_f405/src/main.o
 .rodata.str_hal_ok
                0x0000000008008d38        0x8 .pio/build/adafruit_feather_f405/src/main.o
 .rodata.str_half_transfer
                0x0000000008008d40        0xf .pio/build/adafruit_feather_f405/src/main.o
 .rodata.str_transfer_error
                0x0000000008008d4f       0x10 .pio/build/adafruit_feather_f405/src/main.o
 .rodata.str_transfer_none
                0x0000000008008d5f        0xf .pio/build/adafruit_feather_f405/src/main.o
 .rodata.str_transfer_ok
                0x0000000008008d6e        0xd .pio/build/adafruit_feather_f405/src/main.o
 .rodata.CSWTCH.23
                0x0000000008008d7b        0x4 .pio/build/adafruit_feather_f405/src/usbd_conf.o
 .rodata.USBD_FS_ConfigStrDescriptor.str1.1
                0x0000000008008d7f        0xb .pio/build/adafruit_feather_f405/src/usbd_desc.o
 .rodata.USBD_FS_InterfaceStrDescriptor.str1.1
                0x0000000008008d8a        0xe .pio/build/adafruit_feather_f405/src/usbd_desc.o
 .rodata.USBD_FS_ManufacturerStrDescriptor.str1.1
                0x0000000008008d98       0x13 .pio/build/adafruit_feather_f405/src/usbd_desc.o
 .rodata.USBD_FS_ProductStrDescriptor.str1.1
                0x0000000008008dab       0x16 .pio/build/adafruit_feather_f405/src/usbd_desc.o
 .rodata.gammaTable
                0x0000000008008dc1      0x100 .pio/build/adafruit_feather_f405/src/ws2812b/src/ws2812b.o
                0x0000000008008dc1                gammaTable
 *fill*         0x0000000008008ec1        0x3 
 .rodata.armBitRevIndexTable1024
                0x0000000008008ec4      0xe10 opt/libarm_cortexM4lf_math.a(arm_common_tables.o)
                0x0000000008008ec4                armBitRevIndexTable1024
 .rodata.armBitRevIndexTable128
                0x0000000008009cd4      0x1a0 opt/libarm_cortexM4lf_math.a(arm_common_tables.o)
                0x0000000008009cd4                armBitRevIndexTable128
 .rodata.armBitRevIndexTable16
                0x0000000008009e74       0x28 opt/libarm_cortexM4lf_math.a(arm_common_tables.o)
                0x0000000008009e74                armBitRevIndexTable16
 .rodata.armBitRevIndexTable2048
                0x0000000008009e9c     0x1dc0 opt/libarm_cortexM4lf_math.a(arm_common_tables.o)
                0x0000000008009e9c                armBitRevIndexTable2048
 .rodata.armBitRevIndexTable256
                0x000000000800bc5c      0x370 opt/libarm_cortexM4lf_math.a(arm_common_tables.o)