Archive member included to satisfy reference by file (symbol)

.pio/build/adafruit_feather_f405/lib9d2/libCore.a(usbd_core.o)
                              .pio/build/adafruit_feather_f405/src/usb_device.o (USBD_Init)
.pio/build/adafruit_feather_f405/lib9d2/libCore.a(usbd_ctlreq.o)
                              .pio/build/adafruit_feather_f405/lib9d2/libCore.a(usbd_core.o) (USBD_StdDevReq)
.pio/build/adafruit_feather_f405/lib9d2/libCore.a(usbd_ioreq.o)
                              .pio/build/adafruit_feather_f405/lib9d2/libCore.a(usbd_ctlreq.o) (USBD_CtlSendData)
.pio/build/adafruit_feather_f405/lib5fe/libCDC.a(usbd_cdc.o)
                              .pio/build/adafruit_feather_f405/src/usb_device.o (USBD_CDC_RegisterInterface)
/Users/oliverfoster/.platformio/packages/toolchain-gccarmnoneeabi@1.70201.0/bin/../lib/gcc/arm-none-eabi/7.2.1/../../../../arm-none-eabi/lib/thumb/v7e-m/fpv4-sp/hard/libc_nano.a(lib_a-exit.o)
                              /Users/oliverfoster/.platformio/packages/toolchain-gccarmnoneeabi@1.70201.0/bin/../lib/gcc/arm-none-eabi/7.2.1/../../../../arm-none-eabi/lib/thumb/v7e-m/fpv4-sp/hard/crt0.o (exit)
/Users/oliverfoster/.platformio/packages/toolchain-gccarmnoneeabi@1.70201.0/bin/../lib/gcc/arm-none-eabi/7.2.1/../../../../arm-none-eabi/lib/thumb/v7e-m/fpv4-sp/hard/libc_nano.a(lib_a-impure.o)
                              /Users/oliverfoster/.platformio/packages/toolchain-gccarmnoneeabi@1.70201.0/bin/../lib/gcc/arm-none-eabi/7.2.1/../../../../arm-none-eabi/lib/thumb/v7e-m/fpv4-sp/hard/libc_nano.a(lib_a-exit.o) (_global_impure_ptr)
/Users/oliverfoster/.platformio/packages/toolchain-gccarmnoneeabi@1.70201.0/bin/../lib/gcc/arm-none-eabi/7.2.1/../../../../arm-none-eabi/lib/thumb/v7e-m/fpv4-sp/hard/libc_nano.a(lib_a-init.o)
                              /Users/oliverfoster/.platformio/packages/toolchain-gccarmnoneeabi@1.70201.0/bin/../lib/gcc/arm-none-eabi/7.2.1/../../../../arm-none-eabi/lib/thumb/v7e-m/fpv4-sp/hard/crt0.o (__libc_init_array)
/Users/oliverfoster/.platformio/packages/toolchain-gccarmnoneeabi@1.70201.0/bin/../lib/gcc/arm-none-eabi/7.2.1/../../../../arm-none-eabi/lib/thumb/v7e-m/fpv4-sp/hard/libc_nano.a(lib_a-memcpy-stub.o)
                              .pio/build/adafruit_feather_f405/src/main.o (memcpy)
/Users/oliverfoster/.platformio/packages/toolchain-gccarmnoneeabi@1.70201.0/bin/../lib/gcc/arm-none-eabi/7.2.1/../../../../arm-none-eabi/lib/thumb/v7e-m/fpv4-sp/hard/libc_nano.a(lib_a-memset.o)
                              /Users/oliverfoster/.platformio/packages/toolchain-gccarmnoneeabi@1.70201.0/bin/../lib/gcc/arm-none-eabi/7.2.1/../../../../arm-none-eabi/lib/thumb/v7e-m/fpv4-sp/hard/crt0.o (memset)
/Users/oliverfoster/.platformio/packages/toolchain-gccarmnoneeabi@1.70201.0/bin/../lib/gcc/arm-none-eabi/7.2.1/../../../../arm-none-eabi/lib/thumb/v7e-m/fpv4-sp/hard/libc_nano.a(lib_a-rand.o)
                              .pio/build/adafruit_feather_f405/src/viseffect/visEffect.o (rand)
/Users/oliverfoster/.platformio/packages/toolchain-gccarmnoneeabi@1.70201.0/bin/../lib/gcc/arm-none-eabi/7.2.1/../../../../arm-none-eabi/lib/thumb/v7e-m/fpv4-sp/hard/libc_nano.a(lib_a-malloc.o)
                              /Users/oliverfoster/.platformio/packages/toolchain-gccarmnoneeabi@1.70201.0/bin/../lib/gcc/arm-none-eabi/7.2.1/../../../../arm-none-eabi/lib/thumb/v7e-m/fpv4-sp/hard/libc_nano.a(lib_a-rand.o) (malloc)
/Users/oliverfoster/.platformio/packages/toolchain-gccarmnoneeabi@1.70201.0/bin/../lib/gcc/arm-none-eabi/7.2.1/../../../../arm-none-eabi/lib/thumb/v7e-m/fpv4-sp/hard/libc_nano.a(lib_a-nano-freer.o)
                              /Users/oliverfoster/.platformio/packages/toolchain-gccarmnoneeabi@1.70201.0/bin/../lib/gcc/arm-none-eabi/7.2.1/../../../../arm-none-eabi/lib/thumb/v7e-m/fpv4-sp/hard/libc_nano.a(lib_a-malloc.o) (_free_r)
/Users/oliverfoster/.platformio/packages/toolchain-gccarmnoneeabi@1.70201.0/bin/../lib/gcc/arm-none-eabi/7.2.1/../../../../arm-none-eabi/lib/thumb/v7e-m/fpv4-sp/hard/libc_nano.a(lib_a-nano-mallocr.o)
                              /Users/oliverfoster/.platformio/packages/toolchain-gccarmnoneeabi@1.70201.0/bin/../lib/gcc/arm-none-eabi/7.2.1/../../../../arm-none-eabi/lib/thumb/v7e-m/fpv4-sp/hard/libc_nano.a(lib_a-malloc.o) (_malloc_r)
/Users/oliverfoster/.platformio/packages/toolchain-gccarmnoneeabi@1.70201.0/bin/../lib/gcc/arm-none-eabi/7.2.1/../../../../arm-none-eabi/lib/thumb/v7e-m/fpv4-sp/hard/libc_nano.a(lib_a-sbrkr.o)
                              /Users/oliverfoster/.platformio/packages/toolchain-gccarmnoneeabi@1.70201.0/bin/../lib/gcc/arm-none-eabi/7.2.1/../../../../arm-none-eabi/lib/thumb/v7e-m/fpv4-sp/hard/libc_nano.a(lib_a-nano-mallocr.o) (_sbrk_r)
/Users/oliverfoster/.platformio/packages/toolchain-gccarmnoneeabi@1.70201.0/bin/../lib/gcc/arm-none-eabi/7.2.1/../../../../arm-none-eabi/lib/thumb/v7e-m/fpv4-sp/hard/libc_nano.a(lib_a-mlock.o)
[...]
Memory Configuration

Name             Origin             Length             Attributes
CCMRAM           0x0000000010000000 0x0000000000010000 xrw
RAM              0x0000000020000000 0x0000000000020000 xrw
FLASH            0x0000000008000000 0x0000000000100000 xr
*default*        0x0000000000000000 0xffffffffffffffff

Linker script and memory map

LOAD /Users/oliverfoster/.platformio/packages/toolchain-gccarmnoneeabi@1.70201.0/bin/../lib/gcc/arm-none-eabi/7.2.1/thumb/v7e-m/fpv4-sp/hard/crti.o
LOAD /Users/oliverfoster/.platformio/packages/toolchain-gccarmnoneeabi@1.70201.0/bin/../lib/gcc/arm-none-eabi/7.2.1/thumb/v7e-m/fpv4-sp/hard/crtbegin.o
LOAD /Users/oliverfoster/.platformio/packages/toolchain-gccarmnoneeabi@1.70201.0/bin/../lib/gcc/arm-none-eabi/7.2.1/../../../../arm-none-eabi/lib/thumb/v7e-m/fpv4-sp/hard/crt0.o
LOAD .pio/build/adafruit_feather_f405/FrameworkHALDriver/Src/stm32f4xx_hal.o
LOAD .pio/build/adafruit_feather_f405/FrameworkHALDriver/Src/stm32f4xx_hal_adc.o
LOAD .pio/build/adafruit_feather_f405/FrameworkHALDriver/Src/stm32f4xx_hal_adc_ex.o
LOAD .pio/build/adafruit_feather_f405/FrameworkHALDriver/Src/stm32f4xx_hal_can.o
LOAD .pio/build/adafruit_feather_f405/FrameworkHALDriver/Src/stm32f4xx_hal_cec.o
LOAD .pio/build/adafruit_feather_f405/FrameworkHALDriver/Src/stm32f4xx_hal_cortex.o
LOAD .pio/build/adafruit_feather_f405/FrameworkHALDriver/Src/stm32f4xx_hal_crc.o
LOAD .pio/build/adafruit_feather_f405/FrameworkHALDriver/Src/stm32f4xx_hal_cryp.o
LOAD .pio/build/adafruit_feather_f405/FrameworkHALDriver/Src/stm32f4xx_hal_cryp_ex.o
LOAD .pio/build/adafruit_feather_f405/FrameworkHALDriver/Src/stm32f4xx_hal_dac.o
LOAD .pio/build/adafruit_feather_f405/FrameworkHALDriver/Src/stm32f4xx_hal_dac_ex.o
LOAD .pio/build/adafruit_feather_f405/FrameworkHALDriver/Src/stm32f4xx_hal_dcmi.o
LOAD .pio/build/adafruit_feather_f405/FrameworkHALDriver/Src/stm32f4xx_hal_dcmi_ex.o
LOAD .pio/build/adafruit_feather_f405/FrameworkHALDriver/Src/stm32f4xx_hal_dfsdm.o
LOAD .pio/build/adafruit_feather_f405/FrameworkHALDriver/Src/stm32f4xx_hal_dma.o
LOAD .pio/build/adafruit_feather_f405/FrameworkHALDriver/Src/stm32f4xx_hal_dma2d.o
LOAD .pio/build/adafruit_feather_f405/FrameworkHALDriver/Src/stm32f4xx_hal_dma_ex.o
LOAD .pio/build/adafruit_feather_f405/FrameworkHALDriver/Src/stm32f4xx_hal_dsi.o
LOAD .pio/build/adafruit_feather_f405/FrameworkHALDriver/Src/stm32f4xx_hal_eth.o
LOAD .pio/build/adafruit_feather_f405/FrameworkHALDriver/Src/stm32f4xx_hal_exti.o
LOAD .pio/build/adafruit_feather_f405/FrameworkHALDriver/Src/stm32f4xx_hal_flash.o
LOAD .pio/build/adafruit_feather_f405/FrameworkHALDriver/Src/stm32f4xx_hal_flash_ex.o
LOAD .pio/build/adafruit_feather_f405/FrameworkHALDriver/Src/stm32f4xx_hal_flash_ramfunc.o
LOAD .pio/build/adafruit_feather_f405/FrameworkHALDriver/Src/stm32f4xx_hal_fmpi2c.o
LOAD .pio/build/adafruit_feather_f405/FrameworkHALDriver/Src/stm32f4xx_hal_fmpi2c_ex.o
LOAD .pio/build/adafruit_feather_f405/FrameworkHALDriver/Src/stm32f4xx_hal_fmpsmbus.o
LOAD .pio/build/adafruit_feather_f405/FrameworkHALDriver/Src/stm32f4xx_hal_fmpsmbus_ex.o
LOAD .pio/build/adafruit_feather_f405/FrameworkHALDriver/Src/stm32f4xx_hal_gpio.o
LOAD .pio/build/adafruit_feather_f405/FrameworkHALDriver/Src/stm32f4xx_hal_hash.o
LOAD .pio/build/adafruit_feather_f405/FrameworkHALDriver/Src/stm32f4xx_hal_hash_ex.o
LOAD .pio/build/adafruit_feather_f405/FrameworkHALDriver/Src/stm32f4xx_hal_hcd.o
LOAD .pio/build/adafruit_feather_f405/FrameworkHALDriver/Src/stm32f4xx_hal_i2c.o
LOAD .pio/build/adafruit_feather_f405/FrameworkHALDriver/Src/stm32f4xx_hal_i2c_ex.o
LOAD .pio/build/adafruit_feather_f405/FrameworkHALDriver/Src/stm32f4xx_hal_i2s.o
LOAD .pio/build/adafruit_feather_f405/FrameworkHALDriver/Src/stm32f4xx_hal_i2s_ex.o
LOAD .pio/build/adafruit_feather_f405/FrameworkHALDriver/Src/stm32f4xx_hal_irda.o
LOAD .pio/build/adafruit_feather_f405/FrameworkHALDriver/Src/stm32f4xx_hal_iwdg.o
LOAD .pio/build/adafruit_feather_f405/FrameworkHALDriver/Src/stm32f4xx_hal_lptim.o
LOAD .pio/build/adafruit_feather_f405/FrameworkHALDriver/Src/stm32f4xx_hal_ltdc.o
LOAD .pio/build/adafruit_feather_f405/FrameworkHALDriver/Src/stm32f4xx_hal_ltdc_ex.o
LOAD .pio/build/adafruit_feather_f405/FrameworkHALDriver/Src/stm32f4xx_hal_mmc.o
LOAD .pio/build/adafruit_feather_f405/FrameworkHALDriver/Src/stm32f4xx_hal_nand.o
LOAD .pio/build/adafruit_feather_f405/FrameworkHALDriver/Src/stm32f4xx_hal_nor.o
LOAD .pio/build/adafruit_feather_f405/FrameworkHALDriver/Src/stm32f4xx_hal_pccard.o
LOAD .pio/build/adafruit_feather_f405/FrameworkHALDriver/Src/stm32f4xx_hal_pcd.o
LOAD .pio/build/adafruit_feather_f405/FrameworkHALDriver/Src/stm32f4xx_hal_pcd_ex.o
LOAD .pio/build/adafruit_feather_f405/FrameworkHALDriver/Src/stm32f4xx_hal_pwr.o
LOAD .pio/build/adafruit_feather_f405/FrameworkHALDriver/Src/stm32f4xx_hal_pwr_ex.o
LOAD .pio/build/adafruit_feather_f405/FrameworkHALDriver/Src/stm32f4xx_hal_qspi.o
LOAD .pio/build/adafruit_feather_f405/FrameworkHALDriver/Src/stm32f4xx_hal_rcc.o
LOAD .pio/build/adafruit_feather_f405/FrameworkHALDriver/Src/stm32f4xx_hal_rcc_ex.o
LOAD .pio/build/adafruit_feather_f405/FrameworkHALDriver/Src/stm32f4xx_hal_rng.o
LOAD .pio/build/adafruit_feather_f405/FrameworkHALDriver/Src/stm32f4xx_hal_rtc.o
LOAD .pio/build/adafruit_feather_f405/FrameworkHALDriver/Src/stm32f4xx_hal_rtc_ex.o
LOAD .pio/build/adafruit_feather_f405/FrameworkHALDriver/Src/stm32f4xx_hal_sai.o
LOAD .pio/build/adafruit_feather_f405/FrameworkHALDriver/Src/stm32f4xx_hal_sai_ex.o
LOAD .pio/build/adafruit_feather_f405/FrameworkHALDriver/Src/stm32f4xx_hal_sd.o
LOAD .pio/build/adafruit_feather_f405/FrameworkHALDriver/Src/stm32f4xx_hal_sdram.o
LOAD .pio/build/adafruit_feather_f405/FrameworkHALDriver/Src/stm32f4xx_hal_smartcard.o
LOAD .pio/build/adafruit_feather_f405/FrameworkHALDriver/Src/stm32f4xx_hal_smbus.o
LOAD .pio/build/adafruit_feather_f405/FrameworkHALDriver/Src/stm32f4xx_hal_spdifrx.o
LOAD .pio/build/adafruit_feather_f405/FrameworkHALDriver/Src/stm32f4xx_hal_spi.o
LOAD .pio/build/adafruit_feather_f405/FrameworkHALDriver/Src/stm32f4xx_hal_sram.o
LOAD .pio/build/adafruit_feather_f405/FrameworkHALDriver/Src/stm32f4xx_hal_tim.o
LOAD .pio/build/adafruit_feather_f405/FrameworkHALDriver/Src/stm32f4xx_hal_tim_ex.o
LOAD .pio/build/adafruit_feather_f405/FrameworkHALDriver/Src/stm32f4xx_hal_uart.o
LOAD .pio/build/adafruit_feather_f405/FrameworkHALDriver/Src/stm32f4xx_hal_usart.o
LOAD .pio/build/adafruit_feather_f405/FrameworkHALDriver/Src/stm32f4xx_hal_wwdg.o
LOAD .pio/build/adafruit_feather_f405/FrameworkHALDriver/Src/stm32f4xx_ll_adc.o
LOAD .pio/build/adafruit_feather_f405/FrameworkHALDriver/Src/stm32f4xx_ll_crc.o
LOAD .pio/build/adafruit_feather_f405/FrameworkHALDriver/Src/stm32f4xx_ll_dac.o
LOAD .pio/build/adafruit_feather_f405/FrameworkHALDriver/Src/stm32f4xx_ll_dma.o
LOAD .pio/build/adafruit_feather_f405/FrameworkHALDriver/Src/stm32f4xx_ll_dma2d.o
LOAD .pio/build/adafruit_feather_f405/FrameworkHALDriver/Src/stm32f4xx_ll_exti.o
LOAD .pio/build/adafruit_feather_f405/FrameworkHALDriver/Src/stm32f4xx_ll_fmc.o
LOAD .pio/build/adafruit_feather_f405/FrameworkHALDriver/Src/stm32f4xx_ll_fmpi2c.o
LOAD .pio/build/adafruit_feather_f405/FrameworkHALDriver/Src/stm32f4xx_ll_fsmc.o
LOAD .pio/build/adafruit_feather_f405/FrameworkHALDriver/Src/stm32f4xx_ll_gpio.o
LOAD .pio/build/adafruit_feather_f405/FrameworkHALDriver/Src/stm32f4xx_ll_i2c.o
LOAD .pio/build/adafruit_feather_f405/FrameworkHALDriver/Src/stm32f4xx_ll_lptim.o
LOAD .pio/build/adafruit_feather_f405/FrameworkHALDriver/Src/stm32f4xx_ll_pwr.o
LOAD .pio/build/adafruit_feather_f405/FrameworkHALDriver/Src/stm32f4xx_ll_rcc.o
LOAD .pio/build/adafruit_feather_f405/FrameworkHALDriver/Src/stm32f4xx_ll_rng.o
LOAD .pio/build/adafruit_feather_f405/FrameworkHALDriver/Src/stm32f4xx_ll_rtc.o
LOAD .pio/build/adafruit_feather_f405/FrameworkHALDriver/Src/stm32f4xx_ll_sdmmc.o
LOAD .pio/build/adafruit_feather_f405/FrameworkHALDriver/Src/stm32f4xx_ll_spi.o
LOAD .pio/build/adafruit_feather_f405/FrameworkHALDriver/Src/stm32f4xx_ll_tim.o
LOAD .pio/build/adafruit_feather_f405/FrameworkHALDriver/Src/stm32f4xx_ll_usart.o
LOAD .pio/build/adafruit_feather_f405/FrameworkHALDriver/Src/stm32f4xx_ll_usb.o
LOAD .pio/build/adafruit_feather_f405/FrameworkHALDriver/Src/stm32f4xx_ll_utils.o
LOAD .pio/build/adafruit_feather_f405/src/main.o
LOAD .pio/build/adafruit_feather_f405/src/stm32f4_discovery.o
LOAD .pio/build/adafruit_feather_f405/src/stm32f4xx_it.o
LOAD .pio/build/adafruit_feather_f405/src/usb_device.o
LOAD .pio/build/adafruit_feather_f405/src/usbd_cdc_if.o
LOAD .pio/build/adafruit_feather_f405/src/usbd_conf.o
LOAD .pio/build/adafruit_feather_f405/src/usbd_desc.o
LOAD .pio/build/adafruit_feather_f405/src/viseffect/visEffect.o
LOAD .pio/build/adafruit_feather_f405/src/ws2812b/src/ws2812b.o
START GROUP
LOAD .pio/build/adafruit_feather_f405/lib9d2/libCore.a
LOAD .pio/build/adafruit_feather_f405/lib5fe/libCDC.a
LOAD opt/libarm_cortexM4lf_math.a
LOAD opt/libPDMFilter.a
LOAD opt/libCDC.a
LOAD opt/libCore.a
LOAD /Users/oliverfoster/.platformio/packages/toolchain-gccarmnoneeabi@1.70201.0/bin/../lib/gcc/arm-none-eabi/7.2.1/../../../../arm-none-eabi/lib/thumb/v7e-m/fpv4-sp/hard/libc_nano.a
LOAD /Users/oliverfoster/.platformio/packages/toolchain-gccarmnoneeabi@1.70201.0/bin/../lib/gcc/arm-none-eabi/7.2.1/thumb/v7e-m/fpv4-sp/hard/libgcc.a
LOAD /Users/oliverfoster/.platformio/packages/toolchain-gccarmnoneeabi@1.70201.0/bin/../lib/gcc/arm-none-eabi/7.2.1/../../../../arm-none-eabi/lib/thumb/v7e-m/fpv4-sp/hard/libm.a
LOAD /Users/oliverfoster/.platformio/packages/toolchain-gccarmnoneeabi@1.70201.0/bin/../lib/gcc/arm-none-eabi/7.2.1/../../../../arm-none-eabi/lib/thumb/v7e-m/fpv4-sp/hard/libstdc++_nano.a
LOAD /Users/oliverfoster/.platformio/packages/toolchain-gccarmnoneeabi@1.70201.0/bin/../lib/gcc/arm-none-eabi/7.2.1/../../../../arm-none-eabi/lib/thumb/v7e-m/fpv4-sp/hard/libnosys.a
LOAD .pio/build/adafruit_feather_f405/libFrameworkCMSISDevice.a
END GROUP
START GROUP
LOAD /Users/oliverfoster/.platformio/packages/toolchain-gccarmnoneeabi@1.70201.0/bin/../lib/gcc/arm-none-eabi/7.2.1/thumb/v7e-m/fpv4-sp/hard/libgcc.a
LOAD /Users/oliverfoster/.platformio/packages/toolchain-gccarmnoneeabi@1.70201.0/bin/../lib/gcc/arm-none-eabi/7.2.1/../../../../arm-none-eabi/lib/thumb/v7e-m/fpv4-sp/hard/libc_nano.a
END GROUP
START GROUP
LOAD /Users/oliverfoster/.platformio/packages/toolchain-gccarmnoneeabi@1.70201.0/bin/../lib/gcc/arm-none-eabi/7.2.1/thumb/v7e-m/fpv4-sp/hard/libgcc.a
LOAD /Users/oliverfoster/.platformio/packages/toolchain-gccarmnoneeabi@1.70201.0/bin/../lib/gcc/arm-none-eabi/7.2.1/../../../../arm-none-eabi/lib/thumb/v7e-m/fpv4-sp/hard/libc_nano.a
LOAD /Users/oliverfoster/.platformio/packages/toolchain-gccarmnoneeabi@1.70201.0/bin/../lib/gcc/arm-none-eabi/7.2.1/../../../../arm-none-eabi/lib/thumb/v7e-m/fpv4-sp/hard/libnosys.a
END GROUP
START GROUP
LOAD /Users/oliverfoster/.platformio/packages/toolchain-gccarmnoneeabi@1.70201.0/bin/../lib/gcc/arm-none-eabi/7.2.1/thumb/v7e-m/fpv4-sp/hard/libgcc.a
LOAD /Users/oliverfoster/.platformio/packages/toolchain-gccarmnoneeabi@1.70201.0/bin/../lib/gcc/arm-none-eabi/7.2.1/../../../../arm-none-eabi/lib/thumb/v7e-m/fpv4-sp/hard/libc_nano.a
LOAD /Users/oliverfoster/.platformio/packages/toolchain-gccarmnoneeabi@1.70201.0/bin/../lib/gcc/arm-none-eabi/7.2.1/../../../../arm-none-eabi/lib/thumb/v7e-m/fpv4-sp/hard/libnosys.a
END GROUP
LOAD /Users/oliverfoster/.platformio/packages/toolchain-gccarmnoneeabi@1.70201.0/bin/../lib/gcc/arm-none-eabi/7.2.1/thumb/v7e-m/fpv4-sp/hard/crtend.o
LOAD /Users/oliverfoster/.platformio/packages/toolchain-gccarmnoneeabi@1.70201.0/bin/../lib/gcc/arm-none-eabi/7.2.1/thumb/v7e-m/fpv4-sp/hard/crtn.o
                0x0000000020020000                _estack = (ORIGIN (RAM) + LENGTH (RAM))
                0x0000000000000200                _Min_Heap_Size = 0x200
                0x0000000000000400                _Min_Stack_Size = 0x400

.isr_vector     0x0000000008000000      0x188
                0x0000000008000000                . = ALIGN (0x4)
 *(.isr_vector)
 .isr_vector    0x0000000008000000      0x188 .pio/build/adafruit_feather_f405/libFrameworkCMSISDevice.a(startup_stm32f405xx.o)
                0x0000000008000000                g_pfnVectors
                0x0000000008000188                . = ALIGN (0x4)

.text           0x0000000008000188     0x4d8c
                0x0000000008000188                . = ALIGN (0x4)
 *(.text)
 .text          0x0000000008000188       0x40 /Users/oliverfoster/.platformio/packages/toolchain-gccarmnoneeabi@1.70201.0/bin/../lib/gcc/arm-none-eabi/7.2.1/thumb/v7e-m/fpv4-sp/hard/crtbegin.o
 .text          0x00000000080001c8       0x30 /Users/oliverfoster/.platformio/packages/toolchain-gccarmnoneeabi@1.70201.0/bin/../lib/gcc/arm-none-eabi/7.2.1/thumb/v7e-m/fpv4-sp/hard/libgcc.a(_aeabi_uldivmod.o)
                0x00000000080001c8                __aeabi_uldivmod
 .text          0x00000000080001f8      0x2cc /Users/oliverfoster/.platformio/packages/toolchain-gccarmnoneeabi@1.70201.0/bin/../lib/gcc/arm-none-eabi/7.2.1/thumb/v7e-m/fpv4-sp/hard/libgcc.a(_udivmoddi4.o)
                0x00000000080001f8                __udivmoddi4
 .text          0x00000000080004c4        0x4 /Users/oliverfoster/.platformio/packages/toolchain-gccarmnoneeabi@1.70201.0/bin/../lib/gcc/arm-none-eabi/7.2.1/thumb/v7e-m/fpv4-sp/hard/libgcc.a(_dvmd_tls.o)
                0x00000000080004c4                __aeabi_ldiv0
                0x00000000080004c4                __aeabi_idiv0
 *(.text*)
 .text.HAL_MspInit
                0x00000000080004c8        0x2 .pio/build/adafruit_feather_f405/FrameworkHALDriver/Src/stm32f4xx_hal.o
                0x00000000080004c8                HAL_MspInit
 *fill*         0x00000000080004ca        0x2 
 .text.HAL_InitTick
                0x00000000080004cc       0x48 .pio/build/adafruit_feather_f405/FrameworkHALDriver/Src/stm32f4xx_hal.o
                0x00000000080004cc                HAL_InitTick
 .text.HAL_Init
                0x0000000008000514       0x34 .pio/build/adafruit_feather_f405/FrameworkHALDriver/Src/stm32f4xx_hal.o
                0x0000000008000514                HAL_Init
 .text.HAL_IncTick
                0x0000000008000548       0x18 .pio/build/adafruit_feather_f405/FrameworkHALDriver/Src/stm32f4xx_hal.o
                0x0000000008000548                HAL_IncTick
 .text.HAL_GetTick
                0x0000000008000560        0xc .pio/build/adafruit_feather_f405/FrameworkHALDriver/Src/stm32f4xx_hal.o
                0x0000000008000560                HAL_GetTick
 .text.HAL_Delay
                0x000000000800056c       0x28 .pio/build/adafruit_feather_f405/FrameworkHALDriver/Src/stm32f4xx_hal.o
                0x000000000800056c                HAL_Delay
 .text.HAL_NVIC_SetPriorityGrouping
                0x0000000008000594       0x24 .pio/build/adafruit_feather_f405/FrameworkHALDriver/Src/stm32f4xx_hal_cortex.o
                0x0000000008000594                HAL_NVIC_SetPriorityGrouping
 .text.HAL_NVIC_SetPriority
                0x00000000080005b8       0x68 .pio/build/adafruit_feather_f405/FrameworkHALDriver/Src/stm32f4xx_hal_cortex.o
                0x00000000080005b8                HAL_NVIC_SetPriority
 .text.HAL_NVIC_EnableIRQ
                0x0000000008000620       0x1c .pio/build/adafruit_feather_f405/FrameworkHALDriver/Src/stm32f4xx_hal_cortex.o
                0x0000000008000620                HAL_NVIC_EnableIRQ
 .text.HAL_SYSTICK_Config
                0x000000000800063c       0x2c .pio/build/adafruit_feather_f405/FrameworkHALDriver/Src/stm32f4xx_hal_cortex.o
                0x000000000800063c                HAL_SYSTICK_Config
 .text.HAL_SYSTICK_Callback
                0x0000000008000668        0x2 .pio/build/adafruit_feather_f405/FrameworkHALDriver/Src/stm32f4xx_hal_cortex.o
                0x0000000008000668                HAL_SYSTICK_Callback
 .text.HAL_SYSTICK_IRQHandler
                0x000000000800066a        0x8 .pio/build/adafruit_feather_f405/FrameworkHALDriver/Src/stm32f4xx_hal_cortex.o
                0x000000000800066a                HAL_SYSTICK_IRQHandler
 *fill*         0x0000000008000672        0x2 
 .text.DMA_CalcBaseAndBitshift
                0x0000000008000674       0x2c .pio/build/adafruit_feather_f405/FrameworkHALDriver/Src/stm32f4xx_hal_dma.o
 .text.HAL_DMA_Init
                0x00000000080006a0       0xfc .pio/build/adafruit_feather_f405/FrameworkHALDriver/Src/stm32f4xx_hal_dma.o
                0x00000000080006a0                HAL_DMA_Init
 .text.HAL_DMA_DeInit
                0x000000000800079c       0x54 .pio/build/adafruit_feather_f405/FrameworkHALDriver/Src/stm32f4xx_hal_dma.o
                0x000000000800079c                HAL_DMA_DeInit
 .text.HAL_DMA_Start
                0x00000000080007f0       0x54 .pio/build/adafruit_feather_f405/FrameworkHALDriver/Src/stm32f4xx_hal_dma.o
                0x00000000080007f0                HAL_DMA_Start
 .text.HAL_DMA_Start_IT
                0x0000000008000844       0x74 .pio/build/adafruit_feather_f405/FrameworkHALDriver/Src/stm32f4xx_hal_dma.o
                0x0000000008000844                HAL_DMA_Start_IT
 .text.HAL_DMA_IRQHandler
                0x00000000080008b8      0x17c .pio/build/adafruit_feather_f405/FrameworkHALDriver/Src/stm32f4xx_hal_dma.o
                0x00000000080008b8                HAL_DMA_IRQHandler
 .text.HAL_GPIO_Init
                0x0000000008000a34      0x1d4 .pio/build/adafruit_feather_f405/FrameworkHALDriver/Src/stm32f4xx_hal_gpio.o
                0x0000000008000a34                HAL_GPIO_Init
 .text.HAL_GPIO_WritePin
                0x0000000008000c08        0xa .pio/build/adafruit_feather_f405/FrameworkHALDriver/Src/stm32f4xx_hal_gpio.o
                0x0000000008000c08                HAL_GPIO_WritePin
 .text.HAL_I2C_AddrCallback
                0x0000000008000c12        0x2 .pio/build/adafruit_feather_f405/FrameworkHALDriver/Src/stm32f4xx_hal_i2c.o
                0x0000000008000c12                HAL_I2C_AddrCallback
 .text.HAL_I2C_AbortCpltCallback
                0x0000000008000c14        0x2 .pio/build/adafruit_feather_f405/FrameworkHALDriver/Src/stm32f4xx_hal_i2c.o
                0x0000000008000c14                HAL_I2C_AbortCpltCallback
 .text.HAL_I2C_MasterTxCpltCallback
                0x0000000008000c16        0x2 .pio/build/adafruit_feather_f405/FrameworkHALDriver/Src/stm32f4xx_hal_i2c.o
                0x0000000008000c16                HAL_I2C_MasterTxCpltCallback
 .text.HAL_I2C_MasterRxCpltCallback
                0x0000000008000c18        0x2 .pio/build/adafruit_feather_f405/FrameworkHALDriver/Src/stm32f4xx_hal_i2c.o
                0x0000000008000c18                HAL_I2C_MasterRxCpltCallback
 .text.HAL_I2C_SlaveTxCpltCallback
                0x0000000008000c1a        0x2 .pio/build/adafruit_feather_f405/FrameworkHALDriver/Src/stm32f4xx_hal_i2c.o
                0x0000000008000c1a                HAL_I2C_SlaveTxCpltCallback
 .text.HAL_I2C_SlaveRxCpltCallback
                0x0000000008000c1c        0x2 .pio/build/adafruit_feather_f405/FrameworkHALDriver/Src/stm32f4xx_hal_i2c.o
                0x0000000008000c1c                HAL_I2C_SlaveRxCpltCallback
 .text.HAL_I2C_ListenCpltCallback
                0x0000000008000c1e        0x2 .pio/build/adafruit_feather_f405/FrameworkHALDriver/Src/stm32f4xx_hal_i2c.o
                0x0000000008000c1e                HAL_I2C_ListenCpltCallback
 .text.HAL_I2C_MemTxCpltCallback
                0x0000000008000c20        0x2 .pio/build/adafruit_feather_f405/FrameworkHALDriver/Src/stm32f4xx_hal_i2c.o
                0x0000000008000c20                HAL_I2C_MemTxCpltCallback
 .text.HAL_I2C_MemRxCpltCallback
                0x0000000008000c22        0x2 .pio/build/adafruit_feather_f405/FrameworkHALDriver/Src/stm32f4xx_hal_i2c.o
                0x0000000008000c22                HAL_I2C_MemRxCpltCallback
 .text.HAL_I2C_ErrorCallback
                0x0000000008000c24        0x2 .pio/build/adafruit_feather_f405/FrameworkHALDriver/Src/stm32f4xx_hal_i2c.o
                0x0000000008000c24                HAL_I2C_ErrorCallback
 .text.I2C_WaitOnFlagUntilTimeout
                0x0000000008000c26       0x62 .pio/build/adafruit_feather_f405/FrameworkHALDriver/Src/stm32f4xx_hal_i2c.o
 .text.HAL_I2C_Init
                0x0000000008000c88      0x1b8 .pio/build/adafruit_feather_f405/FrameworkHALDriver/Src/stm32f4xx_hal_i2c.o
                0x0000000008000c88                HAL_I2C_Init
 .text.HAL_I2C_IsDeviceReady
                0x0000000008000e40      0x160 .pio/build/adafruit_feather_f405/FrameworkHALDriver/Src/stm32f4xx_hal_i2c.o
                0x0000000008000e40                HAL_I2C_IsDeviceReady
 .text.HAL_PCD_DataOutStageCallback
                0x0000000008000fa0        0x2 .pio/build/adafruit_feather_f405/FrameworkHALDriver/Src/stm32f4xx_hal_pcd.o
                0x0000000008000fa0                HAL_PCD_DataOutStageCallback
 .text.HAL_PCD_ISOINIncompleteCallback
                0x0000000008000fa2        0x2 .pio/build/adafruit_feather_f405/FrameworkHALDriver/Src/stm32f4xx_hal_pcd.o
                0x0000000008000fa2                HAL_PCD_ISOINIncompleteCallback
 .text.HAL_PCD_DataInStageCallback
                0x0000000008000fa4        0x2 .pio/build/adafruit_feather_f405/FrameworkHALDriver/Src/stm32f4xx_hal_pcd.o
                0x0000000008000fa4                HAL_PCD_DataInStageCallback
 .text.HAL_PCD_ISOOUTIncompleteCallback
                0x0000000008000fa6        0x2 .pio/build/adafruit_feather_f405/FrameworkHALDriver/Src/stm32f4xx_hal_pcd.o
                0x0000000008000fa6                HAL_PCD_ISOOUTIncompleteCallback
 .text.HAL_PCD_ResumeCallback
                0x0000000008000fa8        0x2 .pio/build/adafruit_feather_f405/FrameworkHALDriver/Src/stm32f4xx_hal_pcd.o
                0x0000000008000fa8                HAL_PCD_ResumeCallback
 .text.HAL_PCD_ResetCallback
                0x0000000008000faa        0x2 .pio/build/adafruit_feather_f405/FrameworkHALDriver/Src/stm32f4xx_hal_pcd.o
                0x0000000008000faa                HAL_PCD_ResetCallback
 .text.HAL_PCD_SuspendCallback
                0x0000000008000fac        0x2 .pio/build/adafruit_feather_f405/FrameworkHALDriver/Src/stm32f4xx_hal_pcd.o
                0x0000000008000fac                HAL_PCD_SuspendCallback
 .text.HAL_PCD_DisconnectCallback
                0x0000000008000fae        0x2 .pio/build/adafruit_feather_f405/FrameworkHALDriver/Src/stm32f4xx_hal_pcd.o
                0x0000000008000fae                HAL_PCD_DisconnectCallback
 .text.HAL_PCD_ConnectCallback
                0x0000000008000fb0        0x2 .pio/build/adafruit_feather_f405/FrameworkHALDriver/Src/stm32f4xx_hal_pcd.o
                0x0000000008000fb0                HAL_PCD_ConnectCallback
 .text.HAL_PCD_SetupStageCallback
                0x0000000008000fb2        0x2 .pio/build/adafruit_feather_f405/FrameworkHALDriver/Src/stm32f4xx_hal_pcd.o
                0x0000000008000fb2                HAL_PCD_SetupStageCallback
 .text.HAL_PCD_SOFCallback
                0x0000000008000fb4        0x2 .pio/build/adafruit_feather_f405/FrameworkHALDriver/Src/stm32f4xx_hal_pcd.o
                0x0000000008000fb4                HAL_PCD_SOFCallback
 *fill*         0x0000000008000fb6        0x2 
 .text.HAL_PCD_Init
                0x0000000008000fb8      0x1a8 .pio/build/adafruit_feather_f405/FrameworkHALDriver/Src/stm32f4xx_hal_pcd.o
                0x0000000008000fb8                HAL_PCD_Init
 .text.HAL_PCD_RegisterCallback
                0x0000000008001160       0xae .pio/build/adafruit_feather_f405/FrameworkHALDriver/Src/stm32f4xx_hal_pcd.o
                0x0000000008001160                HAL_PCD_RegisterCallback
 .text.HAL_PCD_RegisterDataOutStageCallback
                0x000000000800120e       0x4e .pio/build/adafruit_feather_f405/FrameworkHALDriver/Src/stm32f4xx_hal_pcd.o
                0x000000000800120e                HAL_PCD_RegisterDataOutStageCallback
 .text.HAL_PCD_RegisterDataInStageCallback
                0x000000000800125c       0x4e .pio/build/adafruit_feather_f405/FrameworkHALDriver/Src/stm32f4xx_hal_pcd.o
                0x000000000800125c                HAL_PCD_RegisterDataInStageCallback
 .text.HAL_PCD_RegisterIsoOutIncpltCallback
                0x00000000080012aa       0x4e .pio/build/adafruit_feather_f405/FrameworkHALDriver/Src/stm32f4xx_hal_pcd.o
                0x00000000080012aa                HAL_PCD_RegisterIsoOutIncpltCallback
 .text.HAL_PCD_RegisterIsoInIncpltCallback
                0x00000000080012f8       0x4e .pio/build/adafruit_feather_f405/FrameworkHALDriver/Src/stm32f4xx_hal_pcd.o
                0x00000000080012f8                HAL_PCD_RegisterIsoInIncpltCallback
 .text.HAL_PCD_Start
                0x0000000008001346       0x3e .pio/build/adafruit_feather_f405/FrameworkHALDriver/Src/stm32f4xx_hal_pcd.o
                0x0000000008001346                HAL_PCD_Start
 .text.HAL_PCD_IRQHandler
                0x0000000008001384      0x588 .pio/build/adafruit_feather_f405/FrameworkHALDriver/Src/stm32f4xx_hal_pcd.o
                0x0000000008001384                HAL_PCD_IRQHandler
 .text.HAL_PCD_SetAddress
                0x000000000800190c       0x28 .pio/build/adafruit_feather_f405/FrameworkHALDriver/Src/stm32f4xx_hal_pcd.o
                0x000000000800190c                HAL_PCD_SetAddress
 .text.HAL_PCD_EP_Open
                0x0000000008001934       0x70 .pio/build/adafruit_feather_f405/FrameworkHALDriver/Src/stm32f4xx_hal_pcd.o
                0x0000000008001934                HAL_PCD_EP_Open
 .text.HAL_PCD_EP_Close
                0x00000000080019a4       0x5e .pio/build/adafruit_feather_f405/FrameworkHALDriver/Src/stm32f4xx_hal_pcd.o
                0x00000000080019a4                HAL_PCD_EP_Close
 .text.HAL_PCD_EP_Receive
                0x0000000008001a02       0x48 .pio/build/adafruit_feather_f405/FrameworkHALDriver/Src/stm32f4xx_hal_pcd.o
                0x0000000008001a02                HAL_PCD_EP_Receive
 .text.HAL_PCD_EP_GetRxCount
                0x0000000008001a4a       0x10 .pio/build/adafruit_feather_f405/FrameworkHALDriver/Src/stm32f4xx_hal_pcd.o
                0x0000000008001a4a                HAL_PCD_EP_GetRxCount
 .text.HAL_PCD_EP_Transmit
                0x0000000008001a5a       0x40 .pio/build/adafruit_feather_f405/FrameworkHALDriver/Src/stm32f4xx_hal_pcd.o
                0x0000000008001a5a                HAL_PCD_EP_Transmit
 .text.HAL_PCD_EP_SetStall
                0x0000000008001a9a       0x74 .pio/build/adafruit_feather_f405/FrameworkHALDriver/Src/stm32f4xx_hal_pcd.o
                0x0000000008001a9a                HAL_PCD_EP_SetStall
 .text.HAL_PCD_EP_ClrStall
                0x0000000008001b0e       0x6c .pio/build/adafruit_feather_f405/FrameworkHALDriver/Src/stm32f4xx_hal_pcd.o
                0x0000000008001b0e                HAL_PCD_EP_ClrStall
 .text.HAL_PCDEx_SetTxFiFo
                0x0000000008001b7a       0x40 .pio/build/adafruit_feather_f405/FrameworkHALDriver/Src/stm32f4xx_hal_pcd_ex.o
                0x0000000008001b7a                HAL_PCDEx_SetTxFiFo
 .text.HAL_PCDEx_SetRxFiFo
                0x0000000008001bba        0x8 .pio/build/adafruit_feather_f405/FrameworkHALDriver/Src/stm32f4xx_hal_pcd_ex.o
                0x0000000008001bba                HAL_PCDEx_SetRxFiFo
 .text.HAL_PCDEx_LPM_Callback
                0x0000000008001bc2        0x2 .pio/build/adafruit_feather_f405/FrameworkHALDriver/Src/stm32f4xx_hal_pcd_ex.o
                0x0000000008001bc2                HAL_PCDEx_LPM_Callback
 .text.HAL_PCDEx_BCD_Callback
                0x0000000008001bc4        0x2 .pio/build/adafruit_feather_f405/FrameworkHALDriver/Src/stm32f4xx_hal_pcd_ex.o
                0x0000000008001bc4                HAL_PCDEx_BCD_Callback
 *fill*         0x0000000008001bc6        0x2 
 .text.HAL_RCC_OscConfig
                0x0000000008001bc8      0x358 .pio/build/adafruit_feather_f405/FrameworkHALDriver/Src/stm32f4xx_hal_rcc.o
                0x0000000008001bc8                HAL_RCC_OscConfig
 .text.HAL_RCC_GetSysClockFreq
                0x0000000008001f20       0x5c .pio/build/adafruit_feather_f405/FrameworkHALDriver/Src/stm32f4xx_hal_rcc.o
                0x0000000008001f20                HAL_RCC_GetSysClockFreq
 .text.HAL_RCC_ClockConfig
                0x0000000008001f7c      0x134 .pio/build/adafruit_feather_f405/FrameworkHALDriver/Src/stm32f4xx_hal_rcc.o
                0x0000000008001f7c                HAL_RCC_ClockConfig
 .text.HAL_RCC_GetHCLKFreq
                0x00000000080020b0        0xc .pio/build/adafruit_feather_f405/FrameworkHALDriver/Src/stm32f4xx_hal_rcc.o
                0x00000000080020b0                HAL_RCC_GetHCLKFreq
 .text.HAL_RCC_GetPCLK1Freq
                0x00000000080020bc       0x20 .pio/build/adafruit_feather_f405/FrameworkHALDriver/Src/stm32f4xx_hal_rcc.o
                0x00000000080020bc                HAL_RCC_GetPCLK1Freq
 .text.TIM_OC1_SetConfig
                0x00000000080020dc       0x64 .pio/build/adafruit_feather_f405/FrameworkHALDriver/Src/stm32f4xx_hal_tim.o
 .text.TIM_OC3_SetConfig
                0x0000000008002140       0x6c .pio/build/adafruit_feather_f405/FrameworkHALDriver/Src/stm32f4xx_hal_tim.o
 .text.TIM_OC4_SetConfig
                0x00000000080021ac       0x4c .pio/build/adafruit_feather_f405/FrameworkHALDriver/Src/stm32f4xx_hal_tim.o
 .text.HAL_TIM_Base_Start
                0x00000000080021f8       0x6c .pio/build/adafruit_feather_f405/FrameworkHALDriver/Src/stm32f4xx_hal_tim.o
                0x00000000080021f8                HAL_TIM_Base_Start
 .text.HAL_TIM_PWM_MspInit
                0x0000000008002264        0x2 .pio/build/adafruit_feather_f405/FrameworkHALDriver/Src/stm32f4xx_hal_tim.o
                0x0000000008002264                HAL_TIM_PWM_MspInit
 .text.HAL_TIM_OC_DelayElapsedCallback
                0x0000000008002266        0x2 .pio/build/adafruit_feather_f405/FrameworkHALDriver/Src/stm32f4xx_hal_tim.o
                0x0000000008002266                HAL_TIM_OC_DelayElapsedCallback
 .text.HAL_TIM_IC_CaptureCallback
                0x0000000008002268        0x2 .pio/build/adafruit_feather_f405/FrameworkHALDriver/Src/stm32f4xx_hal_tim.o
                0x0000000008002268                HAL_TIM_IC_CaptureCallback
 .text.HAL_TIM_PWM_PulseFinishedCallback
                0x000000000800226a        0x2 .pio/build/adafruit_feather_f405/FrameworkHALDriver/Src/stm32f4xx_hal_tim.o
                0x000000000800226a                HAL_TIM_PWM_PulseFinishedCallback
 .text.HAL_TIM_TriggerCallback
                0x000000000800226c        0x2 .pio/build/adafruit_feather_f405/FrameworkHALDriver/Src/stm32f4xx_hal_tim.o
                0x000000000800226c                HAL_TIM_TriggerCallback
 .text.HAL_TIM_IRQHandler
                0x000000000800226e      0x144 .pio/build/adafruit_feather_f405/FrameworkHALDriver/Src/stm32f4xx_hal_tim.o
                0x000000000800226e                HAL_TIM_IRQHandler
 *fill*         0x00000000080023b2        0x2 
 .text.TIM_Base_SetConfig
                0x00000000080023b4       0xcc .pio/build/adafruit_feather_f405/FrameworkHALDriver/Src/stm32f4xx_hal_tim.o
                0x00000000080023b4                TIM_Base_SetConfig
 .text.HAL_TIM_PWM_Init
                0x0000000008002480       0x58 .pio/build/adafruit_feather_f405/FrameworkHALDriver/Src/stm32f4xx_hal_tim.o
                0x0000000008002480                HAL_TIM_PWM_Init
 .text.TIM_OC2_SetConfig
                0x00000000080024d8       0x6c .pio/build/adafruit_feather_f405/FrameworkHALDriver/Src/stm32f4xx_hal_tim.o
                0x00000000080024d8                TIM_OC2_SetConfig
 .text.HAL_TIM_PWM_ConfigChannel
                0x0000000008002544       0xc0 .pio/build/adafruit_feather_f405/FrameworkHALDriver/Src/stm32f4xx_hal_tim.o
                0x0000000008002544                HAL_TIM_PWM_ConfigChannel
 .text.TIM_CCxChannelCmd
                0x0000000008002604       0x1c .pio/build/adafruit_feather_f405/FrameworkHALDriver/Src/stm32f4xx_hal_tim.o
                0x0000000008002604                TIM_CCxChannelCmd
 .text.HAL_TIM_OC_Start
                0x0000000008002620       0xcc .pio/build/adafruit_feather_f405/FrameworkHALDriver/Src/stm32f4xx_hal_tim.o
                0x0000000008002620                HAL_TIM_OC_Start
 .text.HAL_TIM_PWM_Start
                0x00000000080026ec        0x4 .pio/build/adafruit_feather_f405/FrameworkHALDriver/Src/stm32f4xx_hal_tim.o
                0x00000000080026ec                HAL_TIM_PWM_Start
 .text.HAL_TIMEx_CommutCallback
                0x00000000080026f0        0x2 .pio/build/adafruit_feather_f405/FrameworkHALDriver/Src/stm32f4xx_hal_tim_ex.o
                0x00000000080026f0                HAL_TIMEx_CommutCallback
 .text.HAL_TIMEx_BreakCallback
                0x00000000080026f2        0x2 .pio/build/adafruit_feather_f405/FrameworkHALDriver/Src/stm32f4xx_hal_tim_ex.o
                0x00000000080026f2                HAL_TIMEx_BreakCallback
 .text.USB_CoreReset
                0x00000000080026f4       0x48 .pio/build/adafruit_feather_f405/FrameworkHALDriver/Src/stm32f4xx_ll_usb.o
 .text.USB_CoreInit
                0x000000000800273c       0x80 .pio/build/adafruit_feather_f405/FrameworkHALDriver/Src/stm32f4xx_ll_usb.o
                0x000000000800273c                USB_CoreInit
 .text.USB_SetTurnaroundTime
                0x00000000080027bc       0xe8 .pio/build/adafruit_feather_f405/FrameworkHALDriver/Src/stm32f4xx_ll_usb.o
                0x00000000080027bc                USB_SetTurnaroundTime
 .text.USB_EnableGlobalInt
                0x00000000080028a4        0xc .pio/build/adafruit_feather_f405/FrameworkHALDriver/Src/stm32f4xx_ll_usb.o
                0x00000000080028a4                USB_EnableGlobalInt
 .text.USB_DisableGlobalInt
                0x00000000080028b0        0xc .pio/build/adafruit_feather_f405/FrameworkHALDriver/Src/stm32f4xx_ll_usb.o
                0x00000000080028b0                USB_DisableGlobalInt
 .text.USB_SetCurrentMode
                0x00000000080028bc       0x60 .pio/build/adafruit_feather_f405/FrameworkHALDriver/Src/stm32f4xx_ll_usb.o
                0x00000000080028bc                USB_SetCurrentMode
 .text.USB_FlushTxFifo
                0x000000000800291c       0x30 .pio/build/adafruit_feather_f405/FrameworkHALDriver/Src/stm32f4xx_ll_usb.o
                0x000000000800291c                USB_FlushTxFifo
 .text.USB_FlushRxFifo
                0x000000000800294c       0x2c .pio/build/adafruit_feather_f405/FrameworkHALDriver/Src/stm32f4xx_ll_usb.o
                0x000000000800294c                USB_FlushRxFifo
 .text.USB_SetDevSpeed
                0x0000000008002978        0xe .pio/build/adafruit_feather_f405/FrameworkHALDriver/Src/stm32f4xx_ll_usb.o
                0x0000000008002978                USB_SetDevSpeed
 *fill*         0x0000000008002986        0x2 
 .text.USB_DevInit
                0x0000000008002988      0x174 .pio/build/adafruit_feather_f405/FrameworkHALDriver/Src/stm32f4xx_ll_usb.o
                0x0000000008002988                USB_DevInit
 .text.USB_GetDevSpeed
                0x0000000008002afc       0x16 .pio/build/adafruit_feather_f405/FrameworkHALDriver/Src/stm32f4xx_ll_usb.o
                0x0000000008002afc                USB_GetDevSpeed
 .text.USB_ActivateEndpoint
                0x0000000008002b12       0x7c .pio/build/adafruit_feather_f405/FrameworkHALDriver/Src/stm32f4xx_ll_usb.o
                0x0000000008002b12                USB_ActivateEndpoint
 *fill*         0x0000000008002b8e        0x2 
 .text.USB_DeactivateEndpoint
                0x0000000008002b90       0xa4 .pio/build/adafruit_feather_f405/FrameworkHALDriver/Src/stm32f4xx_ll_usb.o
                0x0000000008002b90                USB_DeactivateEndpoint
 .text.USB_EP0StartXfer
                0x0000000008002c34       0xe8 .pio/build/adafruit_feather_f405/FrameworkHALDriver/Src/stm32f4xx_ll_usb.o
                0x0000000008002c34                USB_EP0StartXfer
 .text.USB_WritePacket
                0x0000000008002d1c       0x28 .pio/build/adafruit_feather_f405/FrameworkHALDriver/Src/stm32f4xx_ll_usb.o
                0x0000000008002d1c                USB_WritePacket
 .text.USB_EPStartXfer
                0x0000000008002d44      0x1b0 .pio/build/adafruit_feather_f405/FrameworkHALDriver/Src/stm32f4xx_ll_usb.o
                0x0000000008002d44                USB_EPStartXfer
 .text.USB_ReadPacket
                0x0000000008002ef4       0x4a .pio/build/adafruit_feather_f405/FrameworkHALDriver/Src/stm32f4xx_ll_usb.o
                0x0000000008002ef4                USB_ReadPacket
 .text.USB_EPSetStall
                0x0000000008002f3e       0x56 .pio/build/adafruit_feather_f405/FrameworkHALDriver/Src/stm32f4xx_ll_usb.o
                0x0000000008002f3e                USB_EPSetStall
 .text.USB_EPClearStall
                0x0000000008002f94       0x52 .pio/build/adafruit_feather_f405/FrameworkHALDriver/Src/stm32f4xx_ll_usb.o
                0x0000000008002f94                USB_EPClearStall
 .text.USB_SetDevAddress
                0x0000000008002fe6       0x20 .pio/build/adafruit_feather_f405/FrameworkHALDriver/Src/stm32f4xx_ll_usb.o
                0x0000000008002fe6                USB_SetDevAddress
 .text.USB_DevConnect
                0x0000000008003006       0x1c .pio/build/adafruit_feather_f405/FrameworkHALDriver/Src/stm32f4xx_ll_usb.o
                0x0000000008003006                USB_DevConnect
 .text.USB_DevDisconnect
                0x0000000008003022       0x1c .pio/build/adafruit_feather_f405/FrameworkHALDriver/Src/stm32f4xx_ll_usb.o
                0x0000000008003022                USB_DevDisconnect
 .text.USB_ReadInterrupts
                0x000000000800303e        0x8 .pio/build/adafruit_feather_f405/FrameworkHALDriver/Src/stm32f4xx_ll_usb.o
                0x000000000800303e                USB_ReadInterrupts
 .text.USB_ReadDevAllOutEpInterrupt
                0x0000000008003046       0x10 .pio/build/adafruit_feather_f405/FrameworkHALDriver/Src/stm32f4xx_ll_usb.o
                0x0000000008003046                USB_ReadDevAllOutEpInterrupt
 .text.USB_ReadDevAllInEpInterrupt
                0x0000000008003056       0x10 .pio/build/adafruit_feather_f405/FrameworkHALDriver/Src/stm32f4xx_ll_usb.o
                0x0000000008003056                USB_ReadDevAllInEpInterrupt
 .text.USB_ReadDevOutEPInterrupt
                0x0000000008003066       0x12 .pio/build/adafruit_feather_f405/FrameworkHALDriver/Src/stm32f4xx_ll_usb.o
                0x0000000008003066                USB_ReadDevOutEPInterrupt
 .text.USB_ReadDevInEPInterrupt
                0x0000000008003078       0x24 .pio/build/adafruit_feather_f405/FrameworkHALDriver/Src/stm32f4xx_ll_usb.o
                0x0000000008003078                USB_ReadDevInEPInterrupt
 .text.USB_GetMode
                0x000000000800309c        0x8 .pio/build/adafruit_feather_f405/FrameworkHALDriver/Src/stm32f4xx_ll_usb.o
                0x000000000800309c                USB_GetMode
 .text.USB_ActivateSetup
                0x00000000080030a4       0x20 .pio/build/adafruit_feather_f405/FrameworkHALDriver/Src/stm32f4xx_ll_usb.o
                0x00000000080030a4                USB_ActivateSetup
 .text.USB_EP0_OutStart
                0x00000000080030c4       0x4c .pio/build/adafruit_feather_f405/FrameworkHALDriver/Src/stm32f4xx_ll_usb.o
                0x00000000080030c4                USB_EP0_OutStart
 .text.SystemClock_Config
                0x0000000008003110       0x9c .pio/build/adafruit_feather_f405/src/main.o
                0x0000000008003110                SystemClock_Config
 .text.HAL_I2C_MspInit
                0x00000000080031ac       0xc4 .pio/build/adafruit_feather_f405/src/main.o
                0x00000000080031ac                HAL_I2C_MspInit
 .text.I2C_scan
                0x0000000008003270       0x4c .pio/build/adafruit_feather_f405/src/main.o
                0x0000000008003270                I2C_scan
 .text.startup.main
                0x00000000080032bc      0x144 .pio/build/adafruit_feather_f405/src/main.o
                0x00000000080032bc                main
 .text.Error_Handler
                0x0000000008003400        0x2 .pio/build/adafruit_feather_f405/src/main.o
                0x0000000008003400                Error_Handler
 .text.NMI_Handler
                0x0000000008003402        0x2 .pio/build/adafruit_feather_f405/src/stm32f4xx_it.o
                0x0000000008003402                NMI_Handler
 .text.HardFault_Handler
                0x0000000008003404        0x2 .pio/build/adafruit_feather_f405/src/stm32f4xx_it.o
                0x0000000008003404                HardFault_Handler
 .text.MemManage_Handler
                0x0000000008003406        0x2 .pio/build/adafruit_feather_f405/src/stm32f4xx_it.o
                0x0000000008003406                MemManage_Handler
 .text.BusFault_Handler
                0x0000000008003408        0x2 .pio/build/adafruit_feather_f405/src/stm32f4xx_it.o
                0x0000000008003408                BusFault_Handler
 .text.UsageFault_Handler
                0x000000000800340a        0x2 .pio/build/adafruit_feather_f405/src/stm32f4xx_it.o
                0x000000000800340a                UsageFault_Handler
 .text.SVC_Handler
                0x000000000800340c        0x2 .pio/build/adafruit_feather_f405/src/stm32f4xx_it.o
                0x000000000800340c                SVC_Handler
 .text.DebugMon_Handler
                0x000000000800340e        0x2 .pio/build/adafruit_feather_f405/src/stm32f4xx_it.o
                0x000000000800340e                DebugMon_Handler
 .text.PendSV_Handler
                0x0000000008003410        0x2 .pio/build/adafruit_feather_f405/src/stm32f4xx_it.o
                0x0000000008003410                PendSV_Handler
 .text.SysTick_Handler
                0x0000000008003412        0xe .pio/build/adafruit_feather_f405/src/stm32f4xx_it.o
                0x0000000008003412                SysTick_Handler
 .text.OTG_FS_IRQHandler
                0x0000000008003420        0xc .pio/build/adafruit_feather_f405/src/stm32f4xx_it.o
                0x0000000008003420                OTG_FS_IRQHandler
 .text.MX_USB_DEVICE_Init
                0x000000000800342c       0x50 .pio/build/adafruit_feather_f405/src/usb_device.o
                0x000000000800342c                MX_USB_DEVICE_Init
 .text.CDC_DeInit_FS
                0x000000000800347c        0x4 .pio/build/adafruit_feather_f405/src/usbd_cdc_if.o
 .text.CDC_Control_FS
                0x0000000008003480        0x4 .pio/build/adafruit_feather_f405/src/usbd_cdc_if.o
 .text.CDC_TransmitCplt_FS
                0x0000000008003484        0x4 .pio/build/adafruit_feather_f405/src/usbd_cdc_if.o
 .text.CDC_Receive_FS
                0x0000000008003488       0x1c .pio/build/adafruit_feather_f405/src/usbd_cdc_if.o
 .text.CDC_Init_FS
                0x00000000080034a4       0x28 .pio/build/adafruit_feather_f405/src/usbd_cdc_if.o
 .text.CDC_Transmit_FS
                0x00000000080034cc       0x2c .pio/build/adafruit_feather_f405/src/usbd_cdc_if.o
                0x00000000080034cc                CDC_Transmit_FS
 .text.PCD_ISOINIncompleteCallback
                0x00000000080034f8        0x8 .pio/build/adafruit_feather_f405/src/usbd_conf.o
 .text.PCD_ISOOUTIncompleteCallback
                0x0000000008003500        0x8 .pio/build/adafruit_feather_f405/src/usbd_conf.o
 .text.PCD_DataInStageCallback
                0x0000000008003508       0x10 .pio/build/adafruit_feather_f405/src/usbd_conf.o
 .text.PCD_DataOutStageCallback
                0x0000000008003518       0x12 .pio/build/adafruit_feather_f405/src/usbd_conf.o
 .text.PCD_DisconnectCallback
                0x000000000800352a        0x8 .pio/build/adafruit_feather_f405/src/usbd_conf.o
 .text.PCD_ConnectCallback
                0x0000000008003532        0x8 .pio/build/adafruit_feather_f405/src/usbd_conf.o
 .text.PCD_ResumeCallback
                0x000000000800353a        0x8 .pio/build/adafruit_feather_f405/src/usbd_conf.o
 .text.PCD_ResetCallback
                0x0000000008003542       0x26 .pio/build/adafruit_feather_f405/src/usbd_conf.o
 .text.PCD_SetupStageCallback
                0x0000000008003568        0xc .pio/build/adafruit_feather_f405/src/usbd_conf.o
 .text.PCD_SOFCallback
                0x0000000008003574        0x8 .pio/build/adafruit_feather_f405/src/usbd_conf.o
 .text.PCD_SuspendCallback
                0x000000000800357c       0x30 .pio/build/adafruit_feather_f405/src/usbd_conf.o
 .text.HAL_PCD_MspInit
                0x00000000080035ac       0x84 .pio/build/adafruit_feather_f405/src/usbd_conf.o
                0x00000000080035ac                HAL_PCD_MspInit
 .text.USBD_LL_Init
                0x0000000008003630       0xf0 .pio/build/adafruit_feather_f405/src/usbd_conf.o
                0x0000000008003630                USBD_LL_Init
 .text.USBD_LL_Start
                0x0000000008003720       0x1c .pio/build/adafruit_feather_f405/src/usbd_conf.o
                0x0000000008003720                USBD_LL_Start
 .text.USBD_LL_OpenEP
                0x000000000800373c       0x20 .pio/build/adafruit_feather_f405/src/usbd_conf.o
                0x000000000800373c                USBD_LL_OpenEP
 .text.USBD_LL_CloseEP
                0x000000000800375c       0x1c .pio/build/adafruit_feather_f405/src/usbd_conf.o
                0x000000000800375c                USBD_LL_CloseEP
 .text.USBD_LL_StallEP
                0x0000000008003778       0x1c .pio/build/adafruit_feather_f405/src/usbd_conf.o
                0x0000000008003778                USBD_LL_StallEP
 .text.USBD_LL_ClearStallEP
                0x0000000008003794       0x1c .pio/build/adafruit_feather_f405/src/usbd_conf.o
                0x0000000008003794                USBD_LL_ClearStallEP
 .text.USBD_LL_IsStallEP
                0x00000000080037b0       0x26 .pio/build/adafruit_feather_f405/src/usbd_conf.o
                0x00000000080037b0                USBD_LL_IsStallEP
 *fill*         0x00000000080037d6        0x2 
 .text.USBD_LL_SetUSBAddress
                0x00000000080037d8       0x1c .pio/build/adafruit_feather_f405/src/usbd_conf.o
                0x00000000080037d8                USBD_LL_SetUSBAddress
 .text.USBD_LL_Transmit
                0x00000000080037f4       0x1c .pio/build/adafruit_feather_f405/src/usbd_conf.o
                0x00000000080037f4                USBD_LL_Transmit
 .text.USBD_LL_PrepareReceive
                0x0000000008003810       0x1c .pio/build/adafruit_feather_f405/src/usbd_conf.o
                0x0000000008003810                USBD_LL_PrepareReceive
 .text.USBD_LL_GetRxDataSize
                0x000000000800382c        0x8 .pio/build/adafruit_feather_f405/src/usbd_conf.o
                0x000000000800382c                USBD_LL_GetRxDataSize
 .text.USBD_static_malloc
                0x0000000008003834        0x8 .pio/build/adafruit_feather_f405/src/usbd_conf.o
                0x0000000008003834                USBD_static_malloc
 .text.USBD_static_free
                0x000000000800383c        0x2 .pio/build/adafruit_feather_f405/src/usbd_conf.o
                0x000000000800383c                USBD_static_free
 *fill*         0x000000000800383e        0x2 
 .text.USBD_FS_DeviceDescriptor
                0x0000000008003840        0xc .pio/build/adafruit_feather_f405/src/usbd_desc.o
                0x0000000008003840                USBD_FS_DeviceDescriptor
 .text.USBD_FS_LangIDStrDescriptor
                0x000000000800384c        0xc .pio/build/adafruit_feather_f405/src/usbd_desc.o
                0x000000000800384c                USBD_FS_LangIDStrDescriptor
 .text.IntToUnicode
                0x0000000008003858       0x2a .pio/build/adafruit_feather_f405/src/usbd_desc.o
 *fill*         0x0000000008003882        0x2 
 .text.USBD_FS_SerialStrDescriptor
                0x0000000008003884       0x40 .pio/build/adafruit_feather_f405/src/usbd_desc.o
                0x0000000008003884                USBD_FS_SerialStrDescriptor
 .text.USBD_FS_ManufacturerStrDescriptor
                0x00000000080038c4       0x1c .pio/build/adafruit_feather_f405/src/usbd_desc.o
                0x00000000080038c4                USBD_FS_ManufacturerStrDescriptor
 .text.USBD_FS_ProductStrDescriptor
                0x00000000080038e0       0x1c .pio/build/adafruit_feather_f405/src/usbd_desc.o
                0x00000000080038e0                USBD_FS_ProductStrDescriptor
 .text.USBD_FS_ConfigStrDescriptor
                0x00000000080038fc       0x1c .pio/build/adafruit_feather_f405/src/usbd_desc.o
                0x00000000080038fc                USBD_FS_ConfigStrDescriptor
 .text.USBD_FS_InterfaceStrDescriptor
                0x0000000008003918       0x1c .pio/build/adafruit_feather_f405/src/usbd_desc.o
                0x0000000008003918                USBD_FS_InterfaceStrDescriptor
 .text.Wheel    0x0000000008003934       0x42 .pio/build/adafruit_feather_f405/src/viseffect/visEffect.o
                0x0000000008003934                Wheel
 *fill*         0x0000000008003976        0x2 
 .text.visRainbow
                0x0000000008003978       0x48 .pio/build/adafruit_feather_f405/src/viseffect/visEffect.o
                0x0000000008003978                visRainbow
 .text.visDots  0x00000000080039c0       0x7e .pio/build/adafruit_feather_f405/src/viseffect/visEffect.o
                0x00000000080039c0                visDots
 *fill*         0x0000000008003a3e        0x2 
 .text.visHandle2
                0x0000000008003a40       0x40 .pio/build/adafruit_feather_f405/src/viseffect/visEffect.o
                0x0000000008003a40                visHandle2
 .text.visInit  0x0000000008003a80       0x3c .pio/build/adafruit_feather_f405/src/viseffect/visEffect.o
                0x0000000008003a80                visInit
 .text.visHandle
                0x0000000008003abc       0x24 .pio/build/adafruit_feather_f405/src/viseffect/visEffect.o
                0x0000000008003abc                visHandle
 .text.DMA_TransferError
                0x0000000008003ae0       0x10 .pio/build/adafruit_feather_f405/src/ws2812b/src/ws2812b.o
                0x0000000008003ae0                DMA_TransferError
 .text.ws2812b_set_pixel
                0x0000000008003af0       0xbc .pio/build/adafruit_feather_f405/src/ws2812b/src/ws2812b.o
 .text.loadNextFramebufferData
                0x0000000008003bac       0x30 .pio/build/adafruit_feather_f405/src/ws2812b/src/ws2812b.o
 .text.DMA_TransferCompleteHandler
                0x0000000008003bdc       0xec .pio/build/adafruit_feather_f405/src/ws2812b/src/ws2812b.o
                0x0000000008003bdc                DMA_TransferCompleteHandler
 .text.DMA_TransferHalfHandler
                0x0000000008003cc8       0x50 .pio/build/adafruit_feather_f405/src/ws2812b/src/ws2812b.o
                0x0000000008003cc8                DMA_TransferHalfHandler
 .text.DMA2_Stream2_IRQHandler
                0x0000000008003d18       0x20 .pio/build/adafruit_feather_f405/src/ws2812b/src/ws2812b.o
                0x0000000008003d18                DMA2_Stream2_IRQHandler
 .text.TIM1_UP_TIM10_IRQHandler
                0x0000000008003d38       0x20 .pio/build/adafruit_feather_f405/src/ws2812b/src/ws2812b.o
                0x0000000008003d38                TIM1_UP_TIM10_IRQHandler
 .text.HAL_TIM_PeriodElapsedCallback
                0x0000000008003d58       0x3c .pio/build/adafruit_feather_f405/src/ws2812b/src/ws2812b.o
                0x0000000008003d58                HAL_TIM_PeriodElapsedCallback
 .text.ws2812b_init
                0x0000000008003d94      0x2a8 .pio/build/adafruit_feather_f405/src/ws2812b/src/ws2812b.o
                0x0000000008003d94                ws2812b_init
 .text.ws2812b_handle
                0x000000000800403c      0x148 .pio/build/adafruit_feather_f405/src/ws2812b/src/ws2812b.o
                0x000000000800403c                ws2812b_handle
 .text.USBD_Init
                0x0000000008004184       0x26 .pio/build/adafruit_feather_f405/lib9d2/libCore.a(usbd_core.o)
                0x0000000008004184                USBD_Init
 .text.USBD_RegisterClass
                0x00000000080041aa       0x2c .pio/build/adafruit_feather_f405/lib9d2/libCore.a(usbd_core.o)
                0x00000000080041aa                USBD_RegisterClass
 .text.USBD_Start
                0x00000000080041d6        0x4 .pio/build/adafruit_feather_f405/lib9d2/libCore.a(usbd_core.o)
                0x00000000080041d6                USBD_Start
 .text.USBD_SetClassConfig
                0x00000000080041da        0xe .pio/build/adafruit_feather_f405/lib9d2/libCore.a(usbd_core.o)
                0x00000000080041da                USBD_SetClassConfig
 .text.USBD_ClrClassConfig
                0x00000000080041e8       0x10 .pio/build/adafruit_feather_f405/lib9d2/libCore.a(usbd_core.o)
                0x00000000080041e8                USBD_ClrClassConfig
 .text.USBD_LL_SetupStage
                0x00000000080041f8       0x60 .pio/build/adafruit_feather_f405/lib9d2/libCore.a(usbd_core.o)
                0x00000000080041f8                USBD_LL_SetupStage
 .text.USBD_LL_DataOutStage
                0x0000000008004258       0x64 .pio/build/adafruit_feather_f405/lib9d2/libCore.a(usbd_core.o)
                0x0000000008004258                USBD_LL_DataOutStage
 .text.USBD_LL_DataInStage
                0x00000000080042bc       0x9a .pio/build/adafruit_feather_f405/lib9d2/libCore.a(usbd_core.o)
                0x00000000080042bc                USBD_LL_DataInStage
 .text.USBD_LL_Reset
                0x0000000008004356       0x58 .pio/build/adafruit_feather_f405/lib9d2/libCore.a(usbd_core.o)
                0x0000000008004356                USBD_LL_Reset
 .text.USBD_LL_SetSpeed
                0x00000000080043ae        0x6 .pio/build/adafruit_feather_f405/lib9d2/libCore.a(usbd_core.o)
                0x00000000080043ae                USBD_LL_SetSpeed
 .text.USBD_LL_Suspend
                0x00000000080043b4       0x14 .pio/build/adafruit_feather_f405/lib9d2/libCore.a(usbd_core.o)
                0x00000000080043b4                USBD_LL_Suspend
 .text.USBD_LL_Resume
                0x00000000080043c8       0x16 .pio/build/adafruit_feather_f405/lib9d2/libCore.a(usbd_core.o)
                0x00000000080043c8                USBD_LL_Resume
 .text.USBD_LL_SOF
                0x00000000080043de       0x22 .pio/build/adafruit_feather_f405/lib9d2/libCore.a(usbd_core.o)
                0x00000000080043de                USBD_LL_SOF
 .text.USBD_LL_IsoINIncomplete
                0x0000000008004400       0x22 .pio/build/adafruit_feather_f405/lib9d2/libCore.a(usbd_core.o)
                0x0000000008004400                USBD_LL_IsoINIncomplete
 .text.USBD_LL_IsoOUTIncomplete
                0x0000000008004422       0x22 .pio/build/adafruit_feather_f405/lib9d2/libCore.a(usbd_core.o)
                0x0000000008004422                USBD_LL_IsoOUTIncomplete
 .text.USBD_LL_DevConnected
                0x0000000008004444        0x4 .pio/build/adafruit_feather_f405/lib9d2/libCore.a(usbd_core.o)
                0x0000000008004444                USBD_LL_DevConnected
 .text.USBD_LL_DevDisconnected
                0x0000000008004448       0x18 .pio/build/adafruit_feather_f405/lib9d2/libCore.a(usbd_core.o)
                0x0000000008004448                USBD_LL_DevDisconnected
 .text.USBD_CtlError.constprop.1
                0x0000000008004460       0x16 .pio/build/adafruit_feather_f405/lib9d2/libCore.a(usbd_ctlreq.o)
 *fill*         0x0000000008004476        0x2 
 .text.USBD_StdDevReq
                0x0000000008004478      0x288 .pio/build/adafruit_feather_f405/lib9d2/libCore.a(usbd_ctlreq.o)
                0x0000000008004478                USBD_StdDevReq
 .text.USBD_StdItfReq
                0x0000000008004700       0x4e .pio/build/adafruit_feather_f405/lib9d2/libCore.a(usbd_ctlreq.o)
                0x0000000008004700                USBD_StdItfReq
 .text.USBD_StdEPReq
                0x000000000800474e      0x11a .pio/build/adafruit_feather_f405/lib9d2/libCore.a(usbd_ctlreq.o)
                0x000000000800474e                USBD_StdEPReq
 .text.USBD_ParseSetupRequest
                0x0000000008004868       0x28 .pio/build/adafruit_feather_f405/lib9d2/libCore.a(usbd_ctlreq.o)
                0x0000000008004868                USBD_ParseSetupRequest
 .text.USBD_CtlError
                0x0000000008004890       0x16 .pio/build/adafruit_feather_f405/lib9d2/libCore.a(usbd_ctlreq.o)
                0x0000000008004890                USBD_CtlError
 .text.USBD_GetString
                0x00000000080048a6       0x38 .pio/build/adafruit_feather_f405/lib9d2/libCore.a(usbd_ctlreq.o)
                0x00000000080048a6                USBD_GetString
 .text.USBD_CtlSendData
                0x00000000080048de       0x1a .pio/build/adafruit_feather_f405/lib9d2/libCore.a(usbd_ioreq.o)
                0x00000000080048de                USBD_CtlSendData
 .text.USBD_CtlContinueSendData
                0x00000000080048f8       0x10 .pio/build/adafruit_feather_f405/lib9d2/libCore.a(usbd_ioreq.o)
                0x00000000080048f8                USBD_CtlContinueSendData
 .text.USBD_CtlPrepareRx
                0x0000000008004908       0x1e .pio/build/adafruit_feather_f405/lib9d2/libCore.a(usbd_ioreq.o)
                0x0000000008004908                USBD_CtlPrepareRx
 .text.USBD_CtlContinueRx
                0x0000000008004926       0x10 .pio/build/adafruit_feather_f405/lib9d2/libCore.a(usbd_ioreq.o)
                0x0000000008004926                USBD_CtlContinueRx
 .text.USBD_CtlSendStatus
                0x0000000008004936       0x16 .pio/build/adafruit_feather_f405/lib9d2/libCore.a(usbd_ioreq.o)
                0x0000000008004936                USBD_CtlSendStatus
 .text.USBD_CtlReceiveStatus
                0x000000000800494c       0x16 .pio/build/adafruit_feather_f405/lib9d2/libCore.a(usbd_ioreq.o)
                0x000000000800494c                USBD_CtlReceiveStatus
 .text.USBD_CDC_EP0_RxReady
                0x0000000008004962       0x2e .pio/build/adafruit_feather_f405/lib5fe/libCDC.a(usbd_cdc.o)
 .text.USBD_CDC_GetFSCfgDesc
                0x0000000008004990        0xc .pio/build/adafruit_feather_f405/lib5fe/libCDC.a(usbd_cdc.o)
 .text.USBD_CDC_GetHSCfgDesc
                0x000000000800499c        0xc .pio/build/adafruit_feather_f405/lib5fe/libCDC.a(usbd_cdc.o)
 .text.USBD_CDC_GetOtherSpeedCfgDesc
                0x00000000080049a8        0xc .pio/build/adafruit_feather_f405/lib5fe/libCDC.a(usbd_cdc.o)
 .text.USBD_CDC_GetDeviceQualifierDescriptor
                0x00000000080049b4        0xc .pio/build/adafruit_feather_f405/lib5fe/libCDC.a(usbd_cdc.o)
                0x00000000080049b4                USBD_CDC_GetDeviceQualifierDescriptor
 .text.USBD_CDC_DataOut
                0x00000000080049c0       0x2a .pio/build/adafruit_feather_f405/lib5fe/libCDC.a(usbd_cdc.o)
 .text.USBD_CDC_DataIn
                0x00000000080049ea       0x60 .pio/build/adafruit_feather_f405/lib5fe/libCDC.a(usbd_cdc.o)
 *fill*         0x0000000008004a4a        0x2 
 .text.USBD_CDC_Setup
                0x0000000008004a4c       0xec .pio/build/adafruit_feather_f405/lib5fe/libCDC.a(usbd_cdc.o)
 .text.USBD_CDC_DeInit
                0x0000000008004b38       0x42 .pio/build/adafruit_feather_f405/lib5fe/libCDC.a(usbd_cdc.o)
 .text.USBD_CDC_Init
                0x0000000008004b7a       0xb2 .pio/build/adafruit_feather_f405/lib5fe/libCDC.a(usbd_cdc.o)
 .text.USBD_CDC_RegisterInterface
                0x0000000008004c2c        0xe .pio/build/adafruit_feather_f405/lib5fe/libCDC.a(usbd_cdc.o)
                0x0000000008004c2c                USBD_CDC_RegisterInterface
 .text.USBD_CDC_SetTxBuffer
                0x0000000008004c3a       0x16 .pio/build/adafruit_feather_f405/lib5fe/libCDC.a(usbd_cdc.o)
                0x0000000008004c3a                USBD_CDC_SetTxBuffer
 .text.USBD_CDC_SetRxBuffer
                0x0000000008004c50       0x12 .pio/build/adafruit_feather_f405/lib5fe/libCDC.a(usbd_cdc.o)
                0x0000000008004c50                USBD_CDC_SetRxBuffer
 .text.USBD_CDC_TransmitPacket
                0x0000000008004c62       0x30 .pio/build/adafruit_feather_f405/lib5fe/libCDC.a(usbd_cdc.o)
                0x0000000008004c62                USBD_CDC_TransmitPacket
 .text.USBD_CDC_ReceivePacket
                0x0000000008004c92       0x26 .pio/build/adafruit_feather_f405/lib5fe/libCDC.a(usbd_cdc.o)
                0x0000000008004c92                USBD_CDC_ReceivePacket
 .text.__libc_init_array
                0x0000000008004cb8       0x48 /Users/oliverfoster/.platformio/packages/toolchain-gccarmnoneeabi@1.70201.0/bin/../lib/gcc/arm-none-eabi/7.2.1/../../../../arm-none-eabi/lib/thumb/v7e-m/fpv4-sp/hard/libc_nano.a(lib_a-init.o)
                0x0000000008004cb8                __libc_init_array
 .text.memcpy   0x0000000008004d00       0x16 /Users/oliverfoster/.platformio/packages/toolchain-gccarmnoneeabi@1.70201.0/bin/../lib/gcc/arm-none-eabi/7.2.1/../../../../arm-none-eabi/lib/thumb/v7e-m/fpv4-sp/hard/libc_nano.a(lib_a-memcpy-stub.o)
                0x0000000008004d00                memcpy
 .text.memset   0x0000000008004d16       0x10 /Users/oliverfoster/.platformio/packages/toolchain-gccarmnoneeabi@1.70201.0/bin/../lib/gcc/arm-none-eabi/7.2.1/../../../../arm-none-eabi/lib/thumb/v7e-m/fpv4-sp/hard/libc_nano.a(lib_a-memset.o)
                0x0000000008004d16                memset
 *fill*         0x0000000008004d26        0x2 
 .text.rand     0x0000000008004d28       0x68 /Users/oliverfoster/.platformio/packages/toolchain-gccarmnoneeabi@1.70201.0/bin/../lib/gcc/arm-none-eabi/7.2.1/../../../../arm-none-eabi/lib/thumb/v7e-m/fpv4-sp/hard/libc_nano.a(lib_a-rand.o)
                0x0000000008004d28                rand
 .text.malloc   0x0000000008004d90       0x10 /Users/oliverfoster/.platformio/packages/toolchain-gccarmnoneeabi@1.70201.0/bin/../lib/gcc/arm-none-eabi/7.2.1/../../../../arm-none-eabi/lib/thumb/v7e-m/fpv4-sp/hard/libc_nano.a(lib_a-malloc.o)
                0x0000000008004d90                malloc
 .text._malloc_r
                0x0000000008004da0       0xb4 /Users/oliverfoster/.platformio/packages/toolchain-gccarmnoneeabi@1.70201.0/bin/../lib/gcc/arm-none-eabi/7.2.1/../../../../arm-none-eabi/lib/thumb/v7e-m/fpv4-sp/hard/libc_nano.a(lib_a-nano-mallocr.o)
                0x0000000008004da0                _malloc_r
 .text._sbrk_r  0x0000000008004e54       0x20 /Users/oliverfoster/.platformio/packages/toolchain-gccarmnoneeabi@1.70201.0/bin/../lib/gcc/arm-none-eabi/7.2.1/../../../../arm-none-eabi/lib/thumb/v7e-m/fpv4-sp/hard/libc_nano.a(lib_a-sbrkr.o)
                0x0000000008004e54                _sbrk_r
 .text.__malloc_lock
                0x0000000008004e74        0x2 /Users/oliverfoster/.platformio/packages/toolchain-gccarmnoneeabi@1.70201.0/bin/../lib/gcc/arm-none-eabi/7.2.1/../../../../arm-none-eabi/lib/thumb/v7e-m/fpv4-sp/hard/libc_nano.a(lib_a-mlock.o)
                0x0000000008004e74                __malloc_lock
 .text.__malloc_unlock
                0x0000000008004e76        0x2 /Users/oliverfoster/.platformio/packages/toolchain-gccarmnoneeabi@1.70201.0/bin/../lib/gcc/arm-none-eabi/7.2.1/../../../../arm-none-eabi/lib/thumb/v7e-m/fpv4-sp/hard/libc_nano.a(lib_a-mlock.o)
                0x0000000008004e76                __malloc_unlock
 .text._sbrk    0x0000000008004e78       0x1c /Users/oliverfoster/.platformio/packages/toolchain-gccarmnoneeabi@1.70201.0/bin/../lib/gcc/arm-none-eabi/7.2.1/../../../../arm-none-eabi/lib/thumb/v7e-m/fpv4-sp/hard/libnosys.a(sbrk.o)
                0x0000000008004e78                _sbrk
 .text.Reset_Handler
                0x0000000008004e94       0x50 .pio/build/adafruit_feather_f405/libFrameworkCMSISDevice.a(startup_stm32f405xx.o)
                0x0000000008004e94                Reset_Handler
 .text.Default_Handler
                0x0000000008004ee4        0x2 .pio/build/adafruit_feather_f405/libFrameworkCMSISDevice.a(startup_stm32f405xx.o)
                0x0000000008004ee4                DMA1_Stream3_IRQHandler
                0x0000000008004ee4                HASH_RNG_IRQHandler
                0x0000000008004ee4                EXTI2_IRQHandler
                0x0000000008004ee4                TIM8_CC_IRQHandler
                0x0000000008004ee4                TIM1_CC_IRQHandler
                0x0000000008004ee4                DMA2_Stream5_IRQHandler
                0x0000000008004ee4                DMA1_Stream5_IRQHandler
                0x0000000008004ee4                PVD_IRQHandler
                0x0000000008004ee4                SDIO_IRQHandler
                0x0000000008004ee4                TAMP_STAMP_IRQHandler
                0x0000000008004ee4                CAN2_RX1_IRQHandler
                0x0000000008004ee4                EXTI3_IRQHandler
                0x0000000008004ee4                TIM8_TRG_COM_TIM14_IRQHandler
                0x0000000008004ee4                TIM8_UP_TIM13_IRQHandler
                0x0000000008004ee4                I2C3_ER_IRQHandler
                0x0000000008004ee4                EXTI0_IRQHandler
                0x0000000008004ee4                I2C2_EV_IRQHandler
                0x0000000008004ee4                DMA1_Stream2_IRQHandler
                0x0000000008004ee4                CAN1_RX0_IRQHandler
                0x0000000008004ee4                FPU_IRQHandler
                0x0000000008004ee4                OTG_HS_WKUP_IRQHandler
                0x0000000008004ee4                CAN2_SCE_IRQHandler
                0x0000000008004ee4                SPI1_IRQHandler
                0x0000000008004ee4                TIM6_DAC_IRQHandler
                0x0000000008004ee4                TIM1_BRK_TIM9_IRQHandler
                0x0000000008004ee4                CAN2_RX0_IRQHandler
                0x0000000008004ee4                DMA2_Stream3_IRQHandler
                0x0000000008004ee4                USART6_IRQHandler
                0x0000000008004ee4                USART3_IRQHandler
                0x0000000008004ee4                CAN1_RX1_IRQHandler
                0x0000000008004ee4                UART5_IRQHandler
                0x0000000008004ee4                DMA2_Stream0_IRQHandler
                0x0000000008004ee4                TIM4_IRQHandler
                0x0000000008004ee4                I2C1_EV_IRQHandler
                0x0000000008004ee4                DMA1_Stream6_IRQHandler
                0x0000000008004ee4                DMA1_Stream1_IRQHandler
                0x0000000008004ee4                UART4_IRQHandler
                0x0000000008004ee4                TIM3_IRQHandler
                0x0000000008004ee4                RCC_IRQHandler
                0x0000000008004ee4                TIM8_BRK_TIM12_IRQHandler
                0x0000000008004ee4                Default_Handler
                0x0000000008004ee4                EXTI15_10_IRQHandler
                0x0000000008004ee4                ADC_IRQHandler
                0x0000000008004ee4                DMA1_Stream7_IRQHandler
                0x0000000008004ee4                TIM7_IRQHandler
                0x0000000008004ee4                CAN2_TX_IRQHandler
                0x0000000008004ee4                TIM5_IRQHandler
                0x0000000008004ee4                DMA2_Stream7_IRQHandler
                0x0000000008004ee4                I2C3_EV_IRQHandler
                0x0000000008004ee4                EXTI9_5_IRQHandler
                0x0000000008004ee4                RTC_WKUP_IRQHandler
                0x0000000008004ee4                SPI2_IRQHandler
                0x0000000008004ee4                OTG_HS_EP1_IN_IRQHandler
                0x0000000008004ee4                DMA1_Stream0_IRQHandler
                0x0000000008004ee4                CAN1_TX_IRQHandler
                0x0000000008004ee4                EXTI4_IRQHandler
                0x0000000008004ee4                FSMC_IRQHandler
                0x0000000008004ee4                OTG_HS_EP1_OUT_IRQHandler
                0x0000000008004ee4                WWDG_IRQHandler
                0x0000000008004ee4                TIM2_IRQHandler
                0x0000000008004ee4                OTG_FS_WKUP_IRQHandler
                0x0000000008004ee4                TIM1_TRG_COM_TIM11_IRQHandler
                0x0000000008004ee4                OTG_HS_IRQHandler
                0x0000000008004ee4                EXTI1_IRQHandler
                0x0000000008004ee4                USART2_IRQHandler
                0x0000000008004ee4                I2C2_ER_IRQHandler
                0x0000000008004ee4                DMA2_Stream1_IRQHandler
                0x0000000008004ee4                CAN1_SCE_IRQHandler
                0x0000000008004ee4                FLASH_IRQHandler
                0x0000000008004ee4                DMA2_Stream4_IRQHandler
                0x0000000008004ee4                USART1_IRQHandler
                0x0000000008004ee4                SPI3_IRQHandler
                0x0000000008004ee4                DMA1_Stream4_IRQHandler
                0x0000000008004ee4                I2C1_ER_IRQHandler
                0x0000000008004ee4                DMA2_Stream6_IRQHandler
                0x0000000008004ee4                RTC_Alarm_IRQHandler
 *fill*         0x0000000008004ee6        0x2 
 .text.SystemInit
                0x0000000008004ee8       0x14 .pio/build/adafruit_feather_f405/libFrameworkCMSISDevice.a(system_stm32f4xx.o)
                0x0000000008004ee8                SystemInit
 *(.glue_7)
 .glue_7        0x0000000008004efc        0x0 linker stubs
 *(.glue_7t)
 .glue_7t       0x0000000008004efc        0x0 linker stubs
 *(.eh_frame)
 .eh_frame      0x0000000008004efc        0x0 /Users/oliverfoster/.platformio/packages/toolchain-gccarmnoneeabi@1.70201.0/bin/../lib/gcc/arm-none-eabi/7.2.1/thumb/v7e-m/fpv4-sp/hard/crtbegin.o
 *(.init)
 .init          0x0000000008004efc        0x4 /Users/oliverfoster/.platformio/packages/toolchain-gccarmnoneeabi@1.70201.0/bin/../lib/gcc/arm-none-eabi/7.2.1/thumb/v7e-m/fpv4-sp/hard/crti.o
                0x0000000008004efc                _init
 .init          0x0000000008004f00        0x8 /Users/oliverfoster/.platformio/packages/toolchain-gccarmnoneeabi@1.70201.0/bin/../lib/gcc/arm-none-eabi/7.2.1/thumb/v7e-m/fpv4-sp/hard/crtn.o
 *(.fini)
 .fini          0x0000000008004f08        0x4 /Users/oliverfoster/.platformio/packages/toolchain-gccarmnoneeabi@1.70201.0/bin/../lib/gcc/arm-none-eabi/7.2.1/thumb/v7e-m/fpv4-sp/hard/crti.o
                0x0000000008004f08                _fini
 .fini          0x0000000008004f0c        0x8 /Users/oliverfoster/.platformio/packages/toolchain-gccarmnoneeabi@1.70201.0/bin/../lib/gcc/arm-none-eabi/7.2.1/thumb/v7e-m/fpv4-sp/hard/crtn.o
                0x0000000008004f14                . = ALIGN (0x4)
                0x0000000008004f14                _etext = .

.vfp11_veneer   0x0000000008004f14        0x0
 .vfp11_veneer  0x0000000008004f14        0x0 linker stubs

.v4_bx          0x0000000008004f14        0x0
 .v4_bx         0x0000000008004f14        0x0 linker stubs

.iplt           0x0000000008004f14        0x0
 .iplt          0x0000000008004f14        0x0 /Users/oliverfoster/.platformio/packages/toolchain-gccarmnoneeabi@1.70201.0/bin/../lib/gcc/arm-none-eabi/7.2.1/thumb/v7e-m/fpv4-sp/hard/crtbegin.o

.rodata         0x0000000008004f14      0x168
                0x0000000008004f14                . = ALIGN (0x4)
 *(.rodata)
 *(.rodata*)
 .rodata.flagBitshiftOffset.11639
                0x0000000008004f14        0x8 .pio/build/adafruit_feather_f405/FrameworkHALDriver/Src/stm32f4xx_hal_dma.o
 .rodata.CSWTCH.23
                0x0000000008004f1c        0x4 .pio/build/adafruit_feather_f405/src/usbd_conf.o
 .rodata.USBD_FS_ConfigStrDescriptor.str1.1
                0x0000000008004f20        0xb .pio/build/adafruit_feather_f405/src/usbd_desc.o
 .rodata.USBD_FS_InterfaceStrDescriptor.str1.1
                0x0000000008004f2b        0xe .pio/build/adafruit_feather_f405/src/usbd_desc.o
 .rodata.USBD_FS_ManufacturerStrDescriptor.str1.1
                0x0000000008004f39       0x13 .pio/build/adafruit_feather_f405/src/usbd_desc.o
 .rodata.USBD_FS_ProductStrDescriptor.str1.1
                0x0000000008004f4c       0x16 .pio/build/adafruit_feather_f405/src/usbd_desc.o
 .rodata.gammaTable
                0x0000000008004f62      0x100 .pio/build/adafruit_feather_f405/src/ws2812b/src/ws2812b.o
                0x0000000008004f62                gammaTable
 .rodata.AHBPrescTable
                0x0000000008005062       0x10 .pio/build/adafruit_feather_f405/libFrameworkCMSISDevice.a(system_stm32f4xx.o)
                0x0000000008005062                AHBPrescTable
 .rodata.APBPrescTable
                0x0000000008005072        0x8 .pio/build/adafruit_feather_f405/libFrameworkCMSISDevice.a(system_stm32f4xx.o)
                0x0000000008005072                APBPrescTable
                0x000000000800507c                . = ALIGN (0x4)
 *fill*         0x000000000800507a        0x2 

.ARM.extab      0x000000000800507c        0x0
                0x000000000800507c                . = ALIGN (0x4)
 *(.ARM.extab* .gnu.linkonce.armextab.*)
                0x000000000800507c                . = ALIGN (0x4)

.ARM            0x000000000800507c        0x8
                0x000000000800507c                . = ALIGN (0x4)
                0x000000000800507c                __exidx_start = .
 *(.ARM.exidx*)
 .ARM.exidx     0x000000000800507c        0x8 /Users/oliverfoster/.platformio/packages/toolchain-gccarmnoneeabi@1.70201.0/bin/../lib/gcc/arm-none-eabi/7.2.1/thumb/v7e-m/fpv4-sp/hard/libgcc.a(_udivmoddi4.o)
                0x0000000008005084                __exidx_end = .
                0x0000000008005084                . = ALIGN (0x4)

.rel.dyn        0x0000000008005084        0x0
 .rel.iplt      0x0000000008005084        0x0 /Users/oliverfoster/.platformio/packages/toolchain-gccarmnoneeabi@1.70201.0/bin/../lib/gcc/arm-none-eabi/7.2.1/thumb/v7e-m/fpv4-sp/hard/crtbegin.o

.preinit_array  0x0000000008005084        0x0
                0x0000000008005084                . = ALIGN (0x4)
                0x0000000008005084                PROVIDE (__preinit_array_start, .)
 *(.preinit_array*)
                0x0000000008005084                PROVIDE (__preinit_array_end, .)
                0x0000000008005084                . = ALIGN (0x4)

.init_array     0x0000000008005084        0x4
                0x0000000008005084                . = ALIGN (0x4)
                0x0000000008005084                PROVIDE (__init_array_start, .)
 *(SORT_BY_NAME(.init_array.*))
 *(.init_array*)
 .init_array    0x0000000008005084        0x4 /Users/oliverfoster/.platformio/packages/toolchain-gccarmnoneeabi@1.70201.0/bin/../lib/gcc/arm-none-eabi/7.2.1/thumb/v7e-m/fpv4-sp/hard/crtbegin.o
                0x0000000008005088                PROVIDE (__init_array_end, .)
                0x0000000008005088                . = ALIGN (0x4)

.fini_array     0x0000000008005088        0x4
                0x0000000008005088                . = ALIGN (0x4)
                [!provide]                        PROVIDE (__fini_array_start, .)
 *(SORT_BY_NAME(.fini_array.*))
 *(.fini_array*)
 .fini_array    0x0000000008005088        0x4 /Users/oliverfoster/.platformio/packages/toolchain-gccarmnoneeabi@1.70201.0/bin/../lib/gcc/arm-none-eabi/7.2.1/thumb/v7e-m/fpv4-sp/hard/crtbegin.o
                [!provide]                        PROVIDE (__fini_array_end, .)
                0x000000000800508c                . = ALIGN (0x4)
                0x000000000800508c                _sidata = LOADADDR (.data)

.data           0x0000000020000000      0x1ec load address 0x000000000800508c
                0x0000000020000000                . = ALIGN (0x4)
                0x0000000020000000                _sdata = .
 *(.data)
 *(.data*)
 .data.uwTickFreq
                0x0000000020000000        0x1 .pio/build/adafruit_feather_f405/FrameworkHALDriver/Src/stm32f4xx_hal.o
                0x0000000020000000                uwTickFreq
 *fill*         0x0000000020000001        0x3 
 .data.uwTickPrio
                0x0000000020000004        0x4 .pio/build/adafruit_feather_f405/FrameworkHALDriver/Src/stm32f4xx_hal.o
                0x0000000020000004                uwTickPrio
 .data.USBD_Interface_fops_FS
                0x0000000020000008       0x14 .pio/build/adafruit_feather_f405/src/usbd_cdc_if.o
                0x0000000020000008                USBD_Interface_fops_FS
 .data.FS_Desc  0x000000002000001c       0x1c .pio/build/adafruit_feather_f405/src/usbd_desc.o
                0x000000002000001c                FS_Desc
 .data.USBD_FS_DeviceDesc
                0x0000000020000038       0x12 .pio/build/adafruit_feather_f405/src/usbd_desc.o
                0x0000000020000038                USBD_FS_DeviceDesc
 *fill*         0x000000002000004a        0x2 
 .data.USBD_LangIDDesc
                0x000000002000004c        0x4 .pio/build/adafruit_feather_f405/src/usbd_desc.o
                0x000000002000004c                USBD_LangIDDesc
 .data.USBD_StringSerial
                0x0000000020000050       0x1a .pio/build/adafruit_feather_f405/src/usbd_desc.o
                0x0000000020000050                USBD_StringSerial
 *fill*         0x000000002000006a        0x2 
 .data.WS2812_IO_High
                0x000000002000006c        0x4 .pio/build/adafruit_feather_f405/src/ws2812b/src/ws2812b.o
                0x000000002000006c                WS2812_IO_High
 .data.WS2812_IO_Low
                0x0000000020000070        0x4 .pio/build/adafruit_feather_f405/src/ws2812b/src/ws2812b.o
                0x0000000020000070                WS2812_IO_Low
 .data.USBD_CDC
                0x0000000020000074       0x38 .pio/build/adafruit_feather_f405/lib5fe/libCDC.a(usbd_cdc.o)
                0x0000000020000074                USBD_CDC
 .data.USBD_CDC_CfgFSDesc
                0x00000000200000ac       0x43 .pio/build/adafruit_feather_f405/lib5fe/libCDC.a(usbd_cdc.o)
 *fill*         0x00000000200000ef        0x1 
 .data.USBD_CDC_CfgHSDesc
                0x00000000200000f0       0x43 .pio/build/adafruit_feather_f405/lib5fe/libCDC.a(usbd_cdc.o)
 *fill*         0x0000000020000133        0x1 
 .data.USBD_CDC_DeviceQualifierDesc
                0x0000000020000134        0xa .pio/build/adafruit_feather_f405/lib5fe/libCDC.a(usbd_cdc.o)
 *fill*         0x000000002000013e        0x2 
 .data.USBD_CDC_OtherSpeedCfgDesc
                0x0000000020000140       0x43 .pio/build/adafruit_feather_f405/lib5fe/libCDC.a(usbd_cdc.o)
 *fill*         0x0000000020000183        0x1 
 .data._impure_ptr
                0x0000000020000184        0x4 /Users/oliverfoster/.platformio/packages/toolchain-gccarmnoneeabi@1.70201.0/bin/../lib/gcc/arm-none-eabi/7.2.1/../../../../arm-none-eabi/lib/thumb/v7e-m/fpv4-sp/hard/libc_nano.a(lib_a-impure.o)
                0x0000000020000184                _impure_ptr
 .data.impure_data
                0x0000000020000188       0x60 /Users/oliverfoster/.platformio/packages/toolchain-gccarmnoneeabi@1.70201.0/bin/../lib/gcc/arm-none-eabi/7.2.1/../../../../arm-none-eabi/lib/thumb/v7e-m/fpv4-sp/hard/libc_nano.a(lib_a-impure.o)
 .data.SystemCoreClock
                0x00000000200001e8        0x4 .pio/build/adafruit_feather_f405/libFrameworkCMSISDevice.a(system_stm32f4xx.o)
                0x00000000200001e8                SystemCoreClock
 *(.RamFunc)
 *(.RamFunc*)
                0x00000000200001ec                . = ALIGN (0x4)
                0x00000000200001ec                _edata = .
                0x0000000008005278                _siccmram = LOADADDR (.ccmram)

.igot.plt       0x00000000200001ec        0x0 load address 0x0000000008005278
 .igot.plt      0x00000000200001ec        0x0 /Users/oliverfoster/.platformio/packages/toolchain-gccarmnoneeabi@1.70201.0/bin/../lib/gcc/arm-none-eabi/7.2.1/thumb/v7e-m/fpv4-sp/hard/crtbegin.o

.ccmram         0x0000000010000000        0x0 load address 0x0000000008005278
                0x0000000010000000                . = ALIGN (0x4)
                0x0000000010000000                _sccmram = .
 *(.ccmram)
 *(.ccmram*)
                0x0000000010000000                . = ALIGN (0x4)
                0x0000000010000000                _eccmram = .
                0x0000000010000000                . = ALIGN (0x4)

.bss            0x00000000200001ec     0x2494
                0x00000000200001ec                _sbss = .
                0x00000000200001ec                __bss_start__ = _sbss
 *(.bss)
 .bss           0x00000000200001ec       0x1c /Users/oliverfoster/.platformio/packages/toolchain-gccarmnoneeabi@1.70201.0/bin/../lib/gcc/arm-none-eabi/7.2.1/thumb/v7e-m/fpv4-sp/hard/crtbegin.o
 *(.bss*)
 .bss.i         0x0000000020000208        0x1 .pio/build/adafruit_feather_f405/src/main.o
 *fill*         0x0000000020000209        0x3 
 .bss.mem.13625
                0x000000002000020c      0x220 .pio/build/adafruit_feather_f405/src/usbd_conf.o
 .bss.timestamp.12187
                0x000000002000042c        0x4 .pio/build/adafruit_feather_f405/src/viseffect/visEffect.o
 .bss.x.12170   0x0000000020000430        0x1 .pio/build/adafruit_feather_f405/src/viseffect/visEffect.o
 .bss.cfgidx.13556
                0x0000000020000431        0x1 .pio/build/adafruit_feather_f405/lib9d2/libCore.a(usbd_ctlreq.o)
 *fill*         0x0000000020000432        0x2 
 .bss.__malloc_free_list
                0x0000000020000434        0x4 /Users/oliverfoster/.platformio/packages/toolchain-gccarmnoneeabi@1.70201.0/bin/../lib/gcc/arm-none-eabi/7.2.1/../../../../arm-none-eabi/lib/thumb/v7e-m/fpv4-sp/hard/libc_nano.a(lib_a-nano-mallocr.o)
                0x0000000020000434                __malloc_free_list
 .bss.__malloc_sbrk_start
                0x0000000020000438        0x4 /Users/oliverfoster/.platformio/packages/toolchain-gccarmnoneeabi@1.70201.0/bin/../lib/gcc/arm-none-eabi/7.2.1/../../../../arm-none-eabi/lib/thumb/v7e-m/fpv4-sp/hard/libc_nano.a(lib_a-nano-mallocr.o)
                0x0000000020000438                __malloc_sbrk_start
 .bss.heap_end.5377
                0x000000002000043c        0x4 /Users/oliverfoster/.platformio/packages/toolchain-gccarmnoneeabi@1.70201.0/bin/../lib/gcc/arm-none-eabi/7.2.1/../../../../arm-none-eabi/lib/thumb/v7e-m/fpv4-sp/hard/libnosys.a(sbrk.o)
 *(COMMON)
 COMMON         0x0000000020000440        0x4 .pio/build/adafruit_feather_f405/FrameworkHALDriver/Src/stm32f4xx_hal.o
                0x0000000020000440                uwTick
 COMMON         0x0000000020000444      0x6cc .pio/build/adafruit_feather_f405/src/main.o
                0x0000000020000444                hi2c3
                0x00000000200004c8                hpcd_USB_OTG_HS
                0x000000002000090c                hi2c1
                0x0000000020000990                hi2c2
                0x0000000020000a14                frameBuffer2
                0x0000000020000a50                BufferCtl
                0x0000000020000a58                TxBuffer
                0x0000000020000a59                frameBuffer
                0x0000000020000b0e                WrBuffer
 COMMON         0x0000000020000b10      0x2d0 .pio/build/adafruit_feather_f405/src/usb_device.o
                0x0000000020000b10                hUsbDeviceFS
 COMMON         0x0000000020000de0     0x1000 .pio/build/adafruit_feather_f405/src/usbd_cdc_if.o
                0x0000000020000de0                UserRxBufferFS
                0x00000000200015e0                UserTxBufferFS
 COMMON         0x0000000020001de0      0x444 .pio/build/adafruit_feather_f405/src/usbd_conf.o
                0x0000000020001de0                hpcd_USB_OTG_FS
 COMMON         0x0000000020002224      0x200 .pio/build/adafruit_feather_f405/src/usbd_desc.o
                0x0000000020002224                USBD_StrDesc
 COMMON         0x0000000020002424       0x4c .pio/build/adafruit_feather_f405/src/viseffect/visEffect.o
                0x0000000020002424                ws2812b
 COMMON         0x0000000020002470      0x20c .pio/build/adafruit_feather_f405/src/ws2812b/src/ws2812b.o
                0x0000000020002470                tim2OC2
                0x000000002000248c                timer_reset_pulse_period
                0x0000000020002490                dmaCC2
                0x00000000200024f0                tim2OC1
                0x000000002000250c                TIM1_handle
                0x0000000020002554                tim_period
                0x0000000020002558                dmaCC1
                0x00000000200025b8                dummy
                0x00000000200025bc                ws2812bDmaBitBuffer
                0x000000002000261c                dmaUpdate
 COMMON         0x000000002000267c        0x4 /Users/oliverfoster/.platformio/packages/toolchain-gccarmnoneeabi@1.70201.0/bin/../lib/gcc/arm-none-eabi/7.2.1/../../../../arm-none-eabi/lib/thumb/v7e-m/fpv4-sp/hard/libc_nano.a(lib_a-reent.o)
                0x000000002000267c                errno
                0x0000000020002680                . = ALIGN (0x4)
                0x0000000020002680                _ebss = .
                0x0000000020002680                __bss_end__ = _ebss

._user_heap_stack
                0x0000000020002680      0x600
                0x0000000020002680                . = ALIGN (0x8)
                0x0000000020002680                PROVIDE (end, .)
                [!provide]                        PROVIDE (_end, .)
                0x0000000020002880                . = (. + _Min_Heap_Size)
 *fill*         0x0000000020002680      0x200 
                0x0000000020002c80                . = (. + _Min_Stack_Size)
 *fill*         0x0000000020002880      0x400 
                0x0000000020002c80                . = ALIGN (0x8)

/DISCARD/
 libc.a(*)
 libm.a(*)
 libgcc.a(*)

.ARM.attributes
                0x0000000000000000       0x30
 *(.ARM.attributes)
 .ARM.attributes
                0x0000000000000000       0x22 /Users/oliverfoster/.platformio/packages/toolchain-gccarmnoneeabi@1.70201.0/bin/../lib/gcc/arm-none-eabi/7.2.1/thumb/v7e-m/fpv4-sp/hard/crti.o
 .ARM.attributes
                0x0000000000000022       0x34 /Users/oliverfoster/.platformio/packages/toolchain-gccarmnoneeabi@1.70201.0/bin/../lib/gcc/arm-none-eabi/7.2.1/thumb/v7e-m/fpv4-sp/hard/crtbegin.o
 .ARM.attributes
                0x0000000000000056       0x39 .pio/build/adafruit_feather_f405/FrameworkHALDriver/Src/stm32f4xx_hal.o
 .ARM.attributes
                0x000000000000008f       0x39 .pio/build/adafruit_feather_f405/FrameworkHALDriver/Src/stm32f4xx_hal_cortex.o
 .ARM.attributes
                0x00000000000000c8       0x39 .pio/build/adafruit_feather_f405/FrameworkHALDriver/Src/stm32f4xx_hal_dma.o
 .ARM.attributes
                0x0000000000000101       0x39 .pio/build/adafruit_feather_f405/FrameworkHALDriver/Src/stm32f4xx_hal_gpio.o
 .ARM.attributes
                0x000000000000013a       0x39 .pio/build/adafruit_feather_f405/FrameworkHALDriver/Src/stm32f4xx_hal_i2c.o
 .ARM.attributes
                0x0000000000000173       0x39 .pio/build/adafruit_feather_f405/FrameworkHALDriver/Src/stm32f4xx_hal_pcd.o
 .ARM.attributes
                0x00000000000001ac       0x39 .pio/build/adafruit_feather_f405/FrameworkHALDriver/Src/stm32f4xx_hal_pcd_ex.o
 .ARM.attributes
                0x00000000000001e5       0x39 .pio/build/adafruit_feather_f405/FrameworkHALDriver/Src/stm32f4xx_hal_rcc.o
 .ARM.attributes
                0x000000000000021e       0x39 .pio/build/adafruit_feather_f405/FrameworkHALDriver/Src/stm32f4xx_hal_tim.o
 .ARM.attributes
                0x0000000000000257       0x39 .pio/build/adafruit_feather_f405/FrameworkHALDriver/Src/stm32f4xx_hal_tim_ex.o
 .ARM.attributes
                0x0000000000000290       0x39 .pio/build/adafruit_feather_f405/FrameworkHALDriver/Src/stm32f4xx_ll_usb.o
 .ARM.attributes
                0x00000000000002c9       0x39 .pio/build/adafruit_feather_f405/src/main.o
 .ARM.attributes
                0x0000000000000302       0x39 .pio/build/adafruit_feather_f405/src/stm32f4xx_it.o
 .ARM.attributes
                0x000000000000033b       0x39 .pio/build/adafruit_feather_f405/src/usb_device.o
 .ARM.attributes
                0x0000000000000374       0x39 .pio/build/adafruit_feather_f405/src/usbd_cdc_if.o
 .ARM.attributes
                0x00000000000003ad       0x39 .pio/build/adafruit_feather_f405/src/usbd_conf.o
 .ARM.attributes
                0x00000000000003e6       0x39 .pio/build/adafruit_feather_f405/src/usbd_desc.o
 .ARM.attributes
                0x000000000000041f       0x39 .pio/build/adafruit_feather_f405/src/viseffect/visEffect.o
 .ARM.attributes
                0x0000000000000458       0x39 .pio/build/adafruit_feather_f405/src/ws2812b/src/ws2812b.o
 .ARM.attributes
                0x0000000000000491       0x39 .pio/build/adafruit_feather_f405/lib9d2/libCore.a(usbd_core.o)
 .ARM.attributes
                0x00000000000004ca       0x39 .pio/build/adafruit_feather_f405/lib9d2/libCore.a(usbd_ctlreq.o)
 .ARM.attributes
                0x0000000000000503       0x39 .pio/build/adafruit_feather_f405/lib9d2/libCore.a(usbd_ioreq.o)
 .ARM.attributes
                0x000000000000053c       0x39 .pio/build/adafruit_feather_f405/lib5fe/libCDC.a(usbd_cdc.o)
 .ARM.attributes
                0x0000000000000575       0x34 /Users/oliverfoster/.platformio/packages/toolchain-gccarmnoneeabi@1.70201.0/bin/../lib/gcc/arm-none-eabi/7.2.1/../../../../arm-none-eabi/lib/thumb/v7e-m/fpv4-sp/hard/libc_nano.a(lib_a-impure.o)
 .ARM.attributes
                0x00000000000005a9       0x34 /Users/oliverfoster/.platformio/packages/toolchain-gccarmnoneeabi@1.70201.0/bin/../lib/gcc/arm-none-eabi/7.2.1/../../../../arm-none-eabi/lib/thumb/v7e-m/fpv4-sp/hard/libc_nano.a(lib_a-init.o)
 .ARM.attributes
                0x00000000000005dd       0x34 /Users/oliverfoster/.platformio/packages/toolchain-gccarmnoneeabi@1.70201.0/bin/../lib/gcc/arm-none-eabi/7.2.1/../../../../arm-none-eabi/lib/thumb/v7e-m/fpv4-sp/hard/libc_nano.a(lib_a-memcpy-stub.o)
 .ARM.attributes
                0x0000000000000611       0x34 /Users/oliverfoster/.platformio/packages/toolchain-gccarmnoneeabi@1.70201.0/bin/../lib/gcc/arm-none-eabi/7.2.1/../../../../arm-none-eabi/lib/thumb/v7e-m/fpv4-sp/hard/libc_nano.a(lib_a-memset.o)
 .ARM.attributes
                0x0000000000000645       0x34 /Users/oliverfoster/.platformio/packages/toolchain-gccarmnoneeabi@1.70201.0/bin/../lib/gcc/arm-none-eabi/7.2.1/../../../../arm-none-eabi/lib/thumb/v7e-m/fpv4-sp/hard/libc_nano.a(lib_a-rand.o)
 .ARM.attributes
                0x0000000000000679       0x34 /Users/oliverfoster/.platformio/packages/toolchain-gccarmnoneeabi@1.70201.0/bin/../lib/gcc/arm-none-eabi/7.2.1/../../../../arm-none-eabi/lib/thumb/v7e-m/fpv4-sp/hard/libc_nano.a(lib_a-malloc.o)
 .ARM.attributes
                0x00000000000006ad       0x34 /Users/oliverfoster/.platformio/packages/toolchain-gccarmnoneeabi@1.70201.0/bin/../lib/gcc/arm-none-eabi/7.2.1/../../../../arm-none-eabi/lib/thumb/v7e-m/fpv4-sp/hard/libc_nano.a(lib_a-nano-mallocr.o)
 .ARM.attributes
                0x00000000000006e1       0x34 /Users/oliverfoster/.platformio/packages/toolchain-gccarmnoneeabi@1.70201.0/bin/../lib/gcc/arm-none-eabi/7.2.1/../../../../arm-none-eabi/lib/thumb/v7e-m/fpv4-sp/hard/libc_nano.a(lib_a-sbrkr.o)
 .ARM.attributes
                0x0000000000000715       0x34 /Users/oliverfoster/.platformio/packages/toolchain-gccarmnoneeabi@1.70201.0/bin/../lib/gcc/arm-none-eabi/7.2.1/../../../../arm-none-eabi/lib/thumb/v7e-m/fpv4-sp/hard/libc_nano.a(lib_a-mlock.o)
 .ARM.attributes
                0x0000000000000749       0x34 /Users/oliverfoster/.platformio/packages/toolchain-gccarmnoneeabi@1.70201.0/bin/../lib/gcc/arm-none-eabi/7.2.1/../../../../arm-none-eabi/lib/thumb/v7e-m/fpv4-sp/hard/libc_nano.a(lib_a-reent.o)
 .ARM.attributes
                0x000000000000077d       0x22 /Users/oliverfoster/.platformio/packages/toolchain-gccarmnoneeabi@1.70201.0/bin/../lib/gcc/arm-none-eabi/7.2.1/thumb/v7e-m/fpv4-sp/hard/libgcc.a(_aeabi_uldivmod.o)
 .ARM.attributes
                0x000000000000079f       0x34 /Users/oliverfoster/.platformio/packages/toolchain-gccarmnoneeabi@1.70201.0/bin/../lib/gcc/arm-none-eabi/7.2.1/thumb/v7e-m/fpv4-sp/hard/libgcc.a(_udivmoddi4.o)
 .ARM.attributes
                0x00000000000007d3       0x22 /Users/oliverfoster/.platformio/packages/toolchain-gccarmnoneeabi@1.70201.0/bin/../lib/gcc/arm-none-eabi/7.2.1/thumb/v7e-m/fpv4-sp/hard/libgcc.a(_dvmd_tls.o)
 .ARM.attributes
                0x00000000000007f5       0x34 /Users/oliverfoster/.platformio/packages/toolchain-gccarmnoneeabi@1.70201.0/bin/../lib/gcc/arm-none-eabi/7.2.1/../../../../arm-none-eabi/lib/thumb/v7e-m/fpv4-sp/hard/libnosys.a(sbrk.o)
 .ARM.attributes
                0x0000000000000829       0x21 .pio/build/adafruit_feather_f405/libFrameworkCMSISDevice.a(startup_stm32f405xx.o)
 .ARM.attributes
                0x000000000000084a       0x39 .pio/build/adafruit_feather_f405/libFrameworkCMSISDevice.a(system_stm32f4xx.o)
 .ARM.attributes
                0x0000000000000883       0x22 /Users/oliverfoster/.platformio/packages/toolchain-gccarmnoneeabi@1.70201.0/bin/../lib/gcc/arm-none-eabi/7.2.1/thumb/v7e-m/fpv4-sp/hard/crtn.o
OUTPUT(.pio/build/adafruit_feather_f405/firmware.elf elf32-littlearm)

.comment        0x0000000000000000       0x7e
 .comment       0x0000000000000000       0x7e .pio/build/adafruit_feather_f405/FrameworkHALDriver/Src/stm32f4xx_hal.o
                                         0x7f (size before relaxing)
 .comment       0x000000000000007e       0x7f .pio/build/adafruit_feather_f405/FrameworkHALDriver/Src/stm32f4xx_hal_cortex.o
 .comment       0x000000000000007e       0x7f .pio/build/adafruit_feather_f405/FrameworkHALDriver/Src/stm32f4xx_hal_dma.o
 .comment       0x000000000000007e       0x7f .pio/build/adafruit_feather_f405/FrameworkHALDriver/Src/stm32f4xx_hal_gpio.o
 .comment       0x000000000000007e       0x7f .pio/build/adafruit_feather_f405/FrameworkHALDriver/Src/stm32f4xx_hal_i2c.o
 .comment       0x000000000000007e       0x7f .pio/build/adafruit_feather_f405/FrameworkHALDriver/Src/stm32f4xx_hal_pcd.o
 .comment       0x000000000000007e       0x7f .pio/build/adafruit_feather_f405/FrameworkHALDriver/Src/stm32f4xx_hal_pcd_ex.o
 .comment       0x000000000000007e       0x7f .pio/build/adafruit_feather_f405/FrameworkHALDriver/Src/stm32f4xx_hal_rcc.o
 .comment       0x000000000000007e       0x7f .pio/build/adafruit_feather_f405/FrameworkHALDriver/Src/stm32f4xx_hal_tim.o
 .comment       0x000000000000007e       0x7f .pio/build/adafruit_feather_f405/FrameworkHALDriver/Src/stm32f4xx_hal_tim_ex.o
 .comment       0x000000000000007e       0x7f .pio/build/adafruit_feather_f405/FrameworkHALDriver/Src/stm32f4xx_ll_usb.o
 .comment       0x000000000000007e       0x7f .pio/build/adafruit_feather_f405/src/main.o